# zsim stats
===
root: # Stats
 contention: # Contention simulation stats
  domain-0: # Domain stats
   time: 308135616 # Weave simulation time
 time: # Simulator time breakdown
  init: 45262309557
  bound: 8639144041
  weave: 397128517
  ff: 0
 trigger: 20000 # Reason for this stats dump
 phase: 10836 # Simulated phases
 westmere: # Core stats
  westmere-0: # Core stats
   cycles: 108360086 # Simulated unhalted cycles
   cCycles: 8171348 # Cycles due to contention stalls
   instrs: 100026189 # Simulated instructions
   uops: 113826457 # Retired micro-ops
   bbls: 14849332 # Basic blocks
   approxInstrs: 596117 # Instrs with approx uop decoding
   mispredBranches: 789689 # Mispredicted branches
   condBranches: 12878335 # conditional branches
 l1i: # Cache stats
  l1i-0: # Filter cache stats
   fhGETS: 19611400 # Filtered GETS hits
   fhGETX: 0 # Filtered GETX hits
   hGETS: 198 # GETS hits
   hGETX: 0 # GETX hits
   mGETS: 162 # GETS misses
   mGETXIM: 0 # GETX I->M misses
   mGETXSM: 0 # GETX S->M misses (upgrade misses)
   PUTS: 0 # Clean evictions (from lower level)
   PUTX: 0 # Dirty evictions (from lower level)
   INV: 0 # Invalidates (from upper level)
   INVX: 0 # Downgrades (from upper level)
   FWD: 0 # Forwards (from upper level)
   latGETnl: 20088 # GET request latency on next level
   latGETnet: 0 # GET request latency on network to next level
 l1d: # Cache stats
  l1d-0: # Filter cache stats
   fhGETS: 25369436 # Filtered GETS hits
   fhGETX: 11424198 # Filtered GETX hits
   hGETS: 995159 # GETS hits
   hGETX: 1643774 # GETX hits
   mGETS: 1934878 # GETS misses
   mGETXIM: 1092965 # GETX I->M misses
   mGETXSM: 0 # GETX S->M misses (upgrade misses)
   PUTS: 0 # Clean evictions (from lower level)
   PUTX: 0 # Dirty evictions (from lower level)
   INV: 0 # Invalidates (from upper level)
   INVX: 0 # Downgrades (from upper level)
   FWD: 0 # Forwards (from upper level)
   latGETnl: 103076184 # GET request latency on next level
   latGETnet: 0 # GET request latency on network to next level
 l2: # Cache stats
  l2-0: # Cache stats
   hGETS: 940147 # GETS hits
   hGETX: 118815 # GETX hits
   mGETS: 994893 # GETS misses
   mGETXIM: 974150 # GETX I->M misses
   mGETXSM: 0 # GETX S->M misses (upgrade misses)
   PUTS: 942961 # Clean evictions (from lower level)
   PUTX: 2084370 # Dirty evictions (from lower level)
   INV: 0 # Invalidates (from upper level)
   INVX: 0 # Downgrades (from upper level)
   FWD: 0 # Forwards (from upper level)
   latGETnl: 72816222 # GET request latency on next level
   latGETnet: 0 # GET request latency on network to next level
 l3: # Cache stats
  l3-0: # Cache stats
   hGETS: 891389 # GETS hits
   hGETX: 793663 # GETX hits
   mGETS: 103504 # GETS misses
   mGETXIM: 180487 # GETX I->M misses
   mGETXSM: 0 # GETX S->M misses (upgrade misses)
   PUTS: 580245 # Clean evictions (from lower level)
   PUTX: 1384702 # Dirty evictions (from lower level)
   INV: 0 # Invalidates (from upper level)
   INVX: 0 # Downgrades (from upper level)
   FWD: 0 # Forwards (from upper level)
   latGETnl: 25559190 # GET request latency on next level
   latGETnet: 0 # GET request latency on network to next level
 mem: # Memory controller stats
  mem-0: # Memory controller stats
   rd: 70804 # Read requests
   wr: 51643 # Write requests
   rdlat: 9657051 # Total latency experienced by read requests
   wrlat: 7570460 # Total latency experienced by write requests
   rdhits: 1868 # Read row hits
   wrhits: 611 # Write row hits
   mlh: # latency histogram for memory requests
    0: 0
    1: 0
    2: 0
    3: 0
    4: 0
    5: 0
    6: 0
    7: 0
    8: 0
    9: 0
    10: 0
    11: 232
    12: 254
    13: 64353
    14: 1380
    15: 1034
    16: 655
    17: 385
    18: 349
    19: 434
    20: 432
    21: 263
    22: 102
    23: 95
    24: 64
    25: 55
    26: 47
    27: 35
    28: 36
    29: 40
    30: 33
    31: 45
    32: 38
    33: 33
    34: 41
    35: 36
    36: 36
    37: 39
    38: 47
    39: 36
    40: 43
    41: 38
    42: 42
    43: 11
    44: 8
    45: 9
    46: 7
    47: 5
    48: 8
    49: 4
    50: 0
    51: 0
    52: 0
    53: 0
    54: 0
    55: 0
    56: 0
    57: 0
    58: 0
    59: 0
    60: 0
    61: 0
    62: 0
    63: 0
    64: 0
    65: 0
    66: 0
    67: 0
    68: 0
    69: 0
    70: 0
    71: 0
    72: 0
    73: 0
    74: 0
    75: 0
    76: 0
    77: 0
    78: 0
    79: 0
    80: 0
    81: 0
    82: 0
    83: 0
    84: 0
    85: 0
    86: 0
    87: 0
    88: 0
    89: 0
    90: 0
    91: 0
    92: 0
    93: 0
    94: 0
    95: 0
    96: 0
    97: 0
    98: 0
    99: 0
  mem-1: # Memory controller stats
   rd: 71124 # Read requests
   wr: 52087 # Write requests
   rdlat: 9714070 # Total latency experienced by read requests
   wrlat: 7655397 # Total latency experienced by write requests
   rdhits: 2073 # Read row hits
   wrhits: 694 # Write row hits
   mlh: # latency histogram for memory requests
    0: 0
    1: 0
    2: 0
    3: 0
    4: 0
    5: 0
    6: 0
    7: 0
    8: 0
    9: 0
    10: 0
    11: 205
    12: 293
    13: 64480
    14: 1442
    15: 1104
    16: 670
    17: 351
    18: 416
    19: 432
    20: 441
    21: 252
    22: 102
    23: 81
    24: 75
    25: 50
    26: 35
    27: 29
    28: 35
    29: 27
    30: 41
    31: 41
    32: 50
    33: 50
    34: 42
    35: 36
    36: 37
    37: 51
    38: 45
    39: 37
    40: 40
    41: 37
    42: 38
    43: 19
    44: 10
    45: 9
    46: 6
    47: 3
    48: 1
    49: 2
    50: 1
    51: 1
    52: 1
    53: 0
    54: 1
    55: 2
    56: 0
    57: 0
    58: 0
    59: 0
    60: 0
    61: 0
    62: 1
    63: 1
    64: 0
    65: 0
    66: 0
    67: 1
    68: 0
    69: 0
    70: 0
    71: 0
    72: 0
    73: 0
    74: 0
    75: 0
    76: 0
    77: 0
    78: 0
    79: 0
    80: 0
    81: 0
    82: 0
    83: 0
    84: 0
    85: 0
    86: 0
    87: 0
    88: 0
    89: 0
    90: 0
    91: 0
    92: 0
    93: 0
    94: 0
    95: 0
    96: 0
    97: 0
    98: 0
    99: 0
  mem-2: # Memory controller stats
   rd: 71270 # Read requests
   wr: 52169 # Write requests
   rdlat: 9733945 # Total latency experienced by read requests
   wrlat: 7735385 # Total latency experienced by write requests
   rdhits: 2137 # Read row hits
   wrhits: 711 # Write row hits
   mlh: # latency histogram for memory requests
    0: 0
    1: 0
    2: 0
    3: 0
    4: 0
    5: 0
    6: 0
    7: 0
    8: 0
    9: 0
    10: 0
    11: 263
    12: 287
    13: 64428
    14: 1391
    15: 1060
    16: 669
    17: 405
    18: 453
    19: 471
    20: 508
    21: 262
    22: 117
    23: 111
    24: 74
    25: 50
    26: 37
    27: 42
    28: 38
    29: 35
    30: 40
    31: 43
    32: 41
    33: 48
    34: 45
    35: 48
    36: 34
    37: 48
    38: 33
    39: 40
    40: 47
    41: 36
    42: 34
    43: 12
    44: 8
    45: 4
    46: 3
    47: 2
    48: 3
    49: 0
    50: 0
    51: 0
    52: 0
    53: 0
    54: 0
    55: 0
    56: 0
    57: 0
    58: 0
    59: 0
    60: 0
    61: 0
    62: 0
    63: 0
    64: 0
    65: 0
    66: 0
    67: 0
    68: 0
    69: 0
    70: 0
    71: 0
    72: 0
    73: 0
    74: 0
    75: 0
    76: 0
    77: 0
    78: 0
    79: 0
    80: 0
    81: 0
    82: 0
    83: 0
    84: 0
    85: 0
    86: 0
    87: 0
    88: 0
    89: 0
    90: 0
    91: 0
    92: 0
    93: 0
    94: 0
    95: 0
    96: 0
    97: 0
    98: 0
    99: 0
  mem-3: # Memory controller stats
   rd: 70793 # Read requests
   wr: 51782 # Write requests
   rdlat: 9653150 # Total latency experienced by read requests
   wrlat: 7553388 # Total latency experienced by write requests
   rdhits: 1812 # Read row hits
   wrhits: 558 # Write row hits
   mlh: # latency histogram for memory requests
    0: 0
    1: 0
    2: 0
    3: 0
    4: 0
    5: 0
    6: 0
    7: 0
    8: 0
    9: 0
    10: 0
    11: 197
    12: 259
    13: 64343
    14: 1420
    15: 1131
    16: 646
    17: 347
    18: 380
    19: 402
    20: 411
    21: 249
    22: 108
    23: 101
    24: 77
    25: 56
    26: 39
    27: 32
    28: 20
    29: 38
    30: 35
    31: 31
    32: 33
    33: 41
    34: 35
    35: 31
    36: 30
    37: 51
    38: 48
    39: 33
    40: 47
    41: 38
    42: 38
    43: 10
    44: 9
    45: 5
    46: 7
    47: 7
    48: 4
    49: 2
    50: 1
    51: 0
    52: 0
    53: 0
    54: 0
    55: 0
    56: 1
    57: 0
    58: 0
    59: 0
    60: 0
    61: 0
    62: 0
    63: 0
    64: 0
    65: 0
    66: 0
    67: 0
    68: 0
    69: 0
    70: 0
    71: 0
    72: 0
    73: 0
    74: 0
    75: 0
    76: 0
    77: 0
    78: 0
    79: 0
    80: 0
    81: 0
    82: 0
    83: 0
    84: 0
    85: 0
    86: 0
    87: 0
    88: 0
    89: 0
    90: 0
    91: 0
    92: 0
    93: 0
    94: 0
    95: 0
    96: 0
    97: 0
    98: 0
    99: 0
 sched: # Scheduler stats
  thCr: 1 # Threads created
  thFn: 1 # Threads finished
  schedEvs: 1 # Schedule events
  waitEvs: 0 # Wait events
  handoffEvs: 0 # Handoff events
  sleepEvs: 0 # Sleep events
  idlePhases: 0 # Phases with no thread active
  idlePeriods: 0 # Periods with no thread active
  occHist: # Occupancy histogram
   0: 0
   1: 10836
  rqSzHist: # Run queue size histogram
   0: 10836
   1: 0
   2: 0
   3: 0
   4: 0
   5: 0
   6: 0
   7: 0
   8: 0
   9: 0
   10: 0
   11: 0
   12: 0
   13: 0
   14: 0
   15: 0
   16: 0
 procCycles: # Per-process unhalted core cycles
  0: 108360086
  1: 0
  2: 0
  3: 0
  4: 0
  5: 0
  6: 0
  7: 0
  8: 0
  9: 0
  10: 0
  11: 0
  12: 0
  13: 0
  14: 0
  15: 0
  16: 0
  17: 0
  18: 0
  19: 0
  20: 0
  21: 0
  22: 0
  23: 0
  24: 0
  25: 0
  26: 0
  27: 0
  28: 0
  29: 0
  30: 0
  31: 0
  32: 0
  33: 0
  34: 0
  35: 0
  36: 0
  37: 0
  38: 0
  39: 0
  40: 0
  41: 0
  42: 0
  43: 0
  44: 0
  45: 0
  46: 0
  47: 0
  48: 0
  49: 0
  50: 0
  51: 0
  52: 0
  53: 0
  54: 0
  55: 0
  56: 0
  57: 0
  58: 0
  59: 0
  60: 0
  61: 0
  62: 0
  63: 0
 procInstrs: # Per-process instructions
  0: 100026189
  1: 0
  2: 0
  3: 0
  4: 0
  5: 0
  6: 0
  7: 0
  8: 0
  9: 0
  10: 0
  11: 0
  12: 0
  13: 0
  14: 0
  15: 0
  16: 0
  17: 0
  18: 0
  19: 0
  20: 0
  21: 0
  22: 0
  23: 0
  24: 0
  25: 0
  26: 0
  27: 0
  28: 0
  29: 0
  30: 0
  31: 0
  32: 0
  33: 0
  34: 0
  35: 0
  36: 0
  37: 0
  38: 0
  39: 0
  40: 0
  41: 0
  42: 0
  43: 0
  44: 0
  45: 0
  46: 0
  47: 0
  48: 0
  49: 0
  50: 0
  51: 0
  52: 0
  53: 0
  54: 0
  55: 0
  56: 0
  57: 0
  58: 0
  59: 0
  60: 0
  61: 0
  62: 0
  63: 0
 heartbeats: # Per-process heartbeats
  0: 0
  1: 0
  2: 0
  3: 0
  4: 0
  5: 0
  6: 0
  7: 0
  8: 0
  9: 0
  10: 0
  11: 0
  12: 0
  13: 0
  14: 0
  15: 0
  16: 0
  17: 0
  18: 0
  19: 0
  20: 0
  21: 0
  22: 0
  23: 0
  24: 0
  25: 0
  26: 0
  27: 0
  28: 0
  29: 0
  30: 0
  31: 0
  32: 0
  33: 0
  34: 0
  35: 0
  36: 0
  37: 0
  38: 0
  39: 0
  40: 0
  41: 0
  42: 0
  43: 0
  44: 0
  45: 0
  46: 0
  47: 0
  48: 0
  49: 0
  50: 0
  51: 0
  52: 0
  53: 0
  54: 0
  55: 0
  56: 0
  57: 0
  58: 0
  59: 0
  60: 0
  61: 0
  62: 0
  63: 0
===
