# zsim stats
===
root: # Stats
 contention: # Contention simulation stats
  domain-0: # Domain stats
   time: 300907709 # Weave simulation time
 time: # Simulator time breakdown
  init: 45059829918
  bound: 8702730081
  weave: 419406060
  ff: 0
 trigger: 20000 # Reason for this stats dump
 phase: 10777 # Simulated phases
 westmere: # Core stats
  westmere-0: # Core stats
   cycles: 107770129 # Simulated unhalted cycles
   cCycles: 7978792 # Cycles due to contention stalls
   instrs: 100017567 # Simulated instructions
   uops: 113817790 # Retired micro-ops
   bbls: 14847902 # Basic blocks
   approxInstrs: 596117 # Instrs with approx uop decoding
   mispredBranches: 789677 # Mispredicted branches
   condBranches: 12876918 # conditional branches
 l1i: # Cache stats
  l1i-0: # Filter cache stats
   fhGETS: 19606768 # Filtered GETS hits
   fhGETX: 0 # Filtered GETX hits
   hGETS: 195 # GETS hits
   hGETX: 0 # GETX hits
   mGETS: 1819 # GETS misses
   mGETXIM: 0 # GETX I->M misses
   mGETXSM: 0 # GETX S->M misses (upgrade misses)
   PUTS: 0 # Clean evictions (from lower level)
   PUTX: 0 # Dirty evictions (from lower level)
   INV: 1787 # Invalidates (from upper level)
   INVX: 0 # Downgrades (from upper level)
   FWD: 0 # Forwards (from upper level)
   latGETnl: 225556 # GET request latency on next level
   latGETnet: 0 # GET request latency on network to next level
 l1d: # Cache stats
  l1d-0: # Filter cache stats
   fhGETS: 25323352 # Filtered GETS hits
   fhGETX: 11396522 # Filtered GETX hits
   hGETS: 1040175 # GETS hits
   hGETX: 1669979 # GETX hits
   mGETS: 1934488 # GETS misses
   mGETXIM: 1093015 # GETX I->M misses
   mGETXSM: 0 # GETX S->M misses (upgrade misses)
   PUTS: 0 # Clean evictions (from lower level)
   PUTX: 0 # Dirty evictions (from lower level)
   INV: 1875 # Invalidates (from upper level)
   INVX: 0 # Downgrades (from upper level)
   FWD: 0 # Forwards (from upper level)
   latGETnl: 101734934 # GET request latency on next level
   latGETnet: 0 # GET request latency on network to next level
 l2: # Cache stats
  l2-0: # Cache stats
   hGETS: 947765 # GETS hits
   hGETX: 121012 # GETX hits
   mGETS: 988542 # GETS misses
   mGETXIM: 972003 # GETX I->M misses
   mGETXSM: 0 # GETX S->M misses (upgrade misses)
   PUTS: 940905 # Clean evictions (from lower level)
   PUTX: 2084211 # Dirty evictions (from lower level)
   INV: 9712 # Invalidates (from upper level)
   INVX: 0 # Downgrades (from upper level)
   FWD: 0 # Forwards (from upper level)
   latGETnl: 71667270 # GET request latency on next level
   latGETnet: 0 # GET request latency on network to next level
 l3: # Cache stats
  l3-0: # Cache stats
   hGETS: 890255 # GETS hits
   hGETX: 796799 # GETX hits
   mGETS: 98287 # GETS misses
   mGETXIM: 175204 # GETX I->M misses
   mGETXSM: 0 # GETX S->M misses (upgrade misses)
   PUTS: 572443 # Clean evictions (from lower level)
   PUTX: 1374294 # Dirty evictions (from lower level)
   INV: 0 # Invalidates (from upper level)
   INVX: 0 # Downgrades (from upper level)
   FWD: 0 # Forwards (from upper level)
   latGETnl: 24614190 # GET request latency on next level
   latGETnet: 0 # GET request latency on network to next level
 mem: # Memory controller stats
  mem-0: # Memory controller stats
   rd: 68247 # Read requests
   wr: 48319 # Write requests
   rdlat: 9289028 # Total latency experienced by read requests
   wrlat: 7027110 # Total latency experienced by write requests
   rdhits: 1377 # Read row hits
   wrhits: 427 # Write row hits
   mlh: # latency histogram for memory requests
    0: 0
    1: 0
    2: 0
    3: 0
    4: 0
    5: 0
    6: 0
    7: 0
    8: 0
    9: 0
    10: 0
    11: 180
    12: 206
    13: 62522
    14: 1371
    15: 960
    16: 556
    17: 286
    18: 264
    19: 335
    20: 363
    21: 223
    22: 71
    23: 113
    24: 53
    25: 58
    26: 34
    27: 33
    28: 24
    29: 38
    30: 22
    31: 35
    32: 40
    33: 36
    34: 32
    35: 40
    36: 44
    37: 45
    38: 45
    39: 44
    40: 39
    41: 37
    42: 43
    43: 17
    44: 6
    45: 10
    46: 8
    47: 9
    48: 4
    49: 0
    50: 0
    51: 1
    52: 0
    53: 0
    54: 0
    55: 0
    56: 0
    57: 0
    58: 0
    59: 0
    60: 0
    61: 0
    62: 0
    63: 0
    64: 0
    65: 0
    66: 0
    67: 0
    68: 0
    69: 0
    70: 0
    71: 0
    72: 0
    73: 0
    74: 0
    75: 0
    76: 0
    77: 0
    78: 0
    79: 0
    80: 0
    81: 0
    82: 0
    83: 0
    84: 0
    85: 0
    86: 0
    87: 0
    88: 0
    89: 0
    90: 0
    91: 0
    92: 0
    93: 0
    94: 0
    95: 0
    96: 0
    97: 0
    98: 0
    99: 0
  mem-1: # Memory controller stats
   rd: 68476 # Read requests
   wr: 48588 # Write requests
   rdlat: 9312032 # Total latency experienced by read requests
   wrlat: 7051036 # Total latency experienced by write requests
   rdhits: 1289 # Read row hits
   wrhits: 403 # Write row hits
   mlh: # latency histogram for memory requests
    0: 0
    1: 0
    2: 0
    3: 0
    4: 0
    5: 0
    6: 0
    7: 0
    8: 0
    9: 0
    10: 0
    11: 177
    12: 178
    13: 62811
    14: 1363
    15: 902
    16: 648
    17: 299
    18: 310
    19: 309
    20: 356
    21: 190
    22: 74
    23: 84
    24: 80
    25: 36
    26: 28
    27: 28
    28: 27
    29: 41
    30: 39
    31: 35
    32: 35
    33: 39
    34: 48
    35: 32
    36: 27
    37: 56
    38: 38
    39: 35
    40: 33
    41: 46
    42: 42
    43: 16
    44: 5
    45: 3
    46: 4
    47: 1
    48: 1
    49: 0
    50: 0
    51: 0
    52: 0
    53: 0
    54: 0
    55: 0
    56: 0
    57: 0
    58: 0
    59: 0
    60: 0
    61: 0
    62: 0
    63: 0
    64: 0
    65: 0
    66: 0
    67: 0
    68: 0
    69: 0
    70: 0
    71: 0
    72: 0
    73: 0
    74: 0
    75: 0
    76: 0
    77: 0
    78: 0
    79: 0
    80: 0
    81: 0
    82: 0
    83: 0
    84: 0
    85: 0
    86: 0
    87: 0
    88: 0
    89: 0
    90: 0
    91: 0
    92: 0
    93: 0
    94: 0
    95: 0
    96: 0
    97: 0
    98: 0
    99: 0
  mem-2: # Memory controller stats
   rd: 68777 # Read requests
   wr: 48847 # Write requests
   rdlat: 9376802 # Total latency experienced by read requests
   wrlat: 7112340 # Total latency experienced by write requests
   rdhits: 1546 # Read row hits
   wrhits: 450 # Write row hits
   mlh: # latency histogram for memory requests
    0: 0
    1: 0
    2: 0
    3: 0
    4: 0
    5: 0
    6: 0
    7: 0
    8: 0
    9: 0
    10: 0
    11: 192
    12: 235
    13: 62838
    14: 1349
    15: 958
    16: 586
    17: 275
    18: 358
    19: 327
    20: 378
    21: 224
    22: 82
    23: 90
    24: 66
    25: 62
    26: 46
    27: 33
    28: 44
    29: 29
    30: 43
    31: 39
    32: 44
    33: 30
    34: 42
    35: 47
    36: 39
    37: 54
    38: 37
    39: 42
    40: 62
    41: 45
    42: 32
    43: 18
    44: 13
    45: 1
    46: 5
    47: 9
    48: 2
    49: 1
    50: 0
    51: 0
    52: 0
    53: 0
    54: 0
    55: 0
    56: 0
    57: 0
    58: 0
    59: 0
    60: 0
    61: 0
    62: 0
    63: 0
    64: 0
    65: 0
    66: 0
    67: 0
    68: 0
    69: 0
    70: 0
    71: 0
    72: 0
    73: 0
    74: 0
    75: 0
    76: 0
    77: 0
    78: 0
    79: 0
    80: 0
    81: 0
    82: 0
    83: 0
    84: 0
    85: 0
    86: 0
    87: 0
    88: 0
    89: 0
    90: 0
    91: 0
    92: 0
    93: 0
    94: 0
    95: 0
    96: 0
    97: 0
    98: 0
    99: 0
  mem-3: # Memory controller stats
   rd: 67991 # Read requests
   wr: 48206 # Write requests
   rdlat: 9242972 # Total latency experienced by read requests
   wrlat: 6983579 # Total latency experienced by write requests
   rdhits: 1268 # Read row hits
   wrhits: 414 # Write row hits
   mlh: # latency histogram for memory requests
    0: 0
    1: 0
    2: 0
    3: 0
    4: 0
    5: 0
    6: 0
    7: 0
    8: 0
    9: 0
    10: 0
    11: 163
    12: 200
    13: 62478
    14: 1281
    15: 1019
    16: 538
    17: 298
    18: 290
    19: 300
    20: 302
    21: 187
    22: 69
    23: 82
    24: 65
    25: 48
    26: 30
    27: 42
    28: 24
    29: 34
    30: 37
    31: 34
    32: 43
    33: 47
    34: 35
    35: 33
    36: 36
    37: 44
    38: 46
    39: 35
    40: 27
    41: 36
    42: 41
    43: 21
    44: 8
    45: 3
    46: 10
    47: 2
    48: 2
    49: 1
    50: 0
    51: 0
    52: 0
    53: 0
    54: 0
    55: 0
    56: 0
    57: 0
    58: 0
    59: 0
    60: 0
    61: 0
    62: 0
    63: 0
    64: 0
    65: 0
    66: 0
    67: 0
    68: 0
    69: 0
    70: 0
    71: 0
    72: 0
    73: 0
    74: 0
    75: 0
    76: 0
    77: 0
    78: 0
    79: 0
    80: 0
    81: 0
    82: 0
    83: 0
    84: 0
    85: 0
    86: 0
    87: 0
    88: 0
    89: 0
    90: 0
    91: 0
    92: 0
    93: 0
    94: 0
    95: 0
    96: 0
    97: 0
    98: 0
    99: 0
 sched: # Scheduler stats
  thCr: 1 # Threads created
  thFn: 1 # Threads finished
  schedEvs: 1 # Schedule events
  waitEvs: 0 # Wait events
  handoffEvs: 0 # Handoff events
  sleepEvs: 0 # Sleep events
  idlePhases: 0 # Phases with no thread active
  idlePeriods: 0 # Periods with no thread active
  occHist: # Occupancy histogram
   0: 0
   1: 10777
  rqSzHist: # Run queue size histogram
   0: 10777
   1: 0
   2: 0
   3: 0
   4: 0
   5: 0
   6: 0
   7: 0
   8: 0
   9: 0
   10: 0
   11: 0
   12: 0
   13: 0
   14: 0
   15: 0
   16: 0
 procCycles: # Per-process unhalted core cycles
  0: 107770129
  1: 0
  2: 0
  3: 0
  4: 0
  5: 0
  6: 0
  7: 0
  8: 0
  9: 0
  10: 0
  11: 0
  12: 0
  13: 0
  14: 0
  15: 0
  16: 0
  17: 0
  18: 0
  19: 0
  20: 0
  21: 0
  22: 0
  23: 0
  24: 0
  25: 0
  26: 0
  27: 0
  28: 0
  29: 0
  30: 0
  31: 0
  32: 0
  33: 0
  34: 0
  35: 0
  36: 0
  37: 0
  38: 0
  39: 0
  40: 0
  41: 0
  42: 0
  43: 0
  44: 0
  45: 0
  46: 0
  47: 0
  48: 0
  49: 0
  50: 0
  51: 0
  52: 0
  53: 0
  54: 0
  55: 0
  56: 0
  57: 0
  58: 0
  59: 0
  60: 0
  61: 0
  62: 0
  63: 0
 procInstrs: # Per-process instructions
  0: 100017567
  1: 0
  2: 0
  3: 0
  4: 0
  5: 0
  6: 0
  7: 0
  8: 0
  9: 0
  10: 0
  11: 0
  12: 0
  13: 0
  14: 0
  15: 0
  16: 0
  17: 0
  18: 0
  19: 0
  20: 0
  21: 0
  22: 0
  23: 0
  24: 0
  25: 0
  26: 0
  27: 0
  28: 0
  29: 0
  30: 0
  31: 0
  32: 0
  33: 0
  34: 0
  35: 0
  36: 0
  37: 0
  38: 0
  39: 0
  40: 0
  41: 0
  42: 0
  43: 0
  44: 0
  45: 0
  46: 0
  47: 0
  48: 0
  49: 0
  50: 0
  51: 0
  52: 0
  53: 0
  54: 0
  55: 0
  56: 0
  57: 0
  58: 0
  59: 0
  60: 0
  61: 0
  62: 0
  63: 0
 heartbeats: # Per-process heartbeats
  0: 0
  1: 0
  2: 0
  3: 0
  4: 0
  5: 0
  6: 0
  7: 0
  8: 0
  9: 0
  10: 0
  11: 0
  12: 0
  13: 0
  14: 0
  15: 0
  16: 0
  17: 0
  18: 0
  19: 0
  20: 0
  21: 0
  22: 0
  23: 0
  24: 0
  25: 0
  26: 0
  27: 0
  28: 0
  29: 0
  30: 0
  31: 0
  32: 0
  33: 0
  34: 0
  35: 0
  36: 0
  37: 0
  38: 0
  39: 0
  40: 0
  41: 0
  42: 0
  43: 0
  44: 0
  45: 0
  46: 0
  47: 0
  48: 0
  49: 0
  50: 0
  51: 0
  52: 0
  53: 0
  54: 0
  55: 0
  56: 0
  57: 0
  58: 0
  59: 0
  60: 0
  61: 0
  62: 0
  63: 0
===
