# zsim stats
===
root: # Stats
 contention: # Contention simulation stats
  domain-0: # Domain stats
   time: 1782349111 # Weave simulation time
 time: # Simulator time breakdown
  init: 1465019076138
  bound: 13361625220
  weave: 1998203510
  ff: 0
 trigger: 20000 # Reason for this stats dump
 phase: 22157 # Simulated phases
 westmere: # Core stats
  westmere-0: # Core stats
   cycles: 221571866 # Simulated unhalted cycles
   cCycles: 41412723 # Cycles due to contention stalls
   instrs: 100007490 # Simulated instructions
   uops: 108920894 # Retired micro-ops
   bbls: 19846417 # Basic blocks
   approxInstrs: 1672516 # Instrs with approx uop decoding
   mispredBranches: 1185134 # Mispredicted branches
   condBranches: 18694354 # conditional branches
 l1i: # Cache stats
  l1i-0: # Filter cache stats
   fhGETS: 25987560 # Filtered GETS hits
   fhGETX: 0 # Filtered GETX hits
   hGETS: 190211 # GETS hits
   hGETX: 0 # GETX hits
   mGETS: 2283 # GETS misses
   mGETXIM: 0 # GETX I->M misses
   mGETXSM: 0 # GETX S->M misses (upgrade misses)
   PUTS: 0 # Clean evictions (from lower level)
   PUTX: 0 # Dirty evictions (from lower level)
   INV: 7 # Invalidates (from upper level)
   INVX: 0 # Downgrades (from upper level)
   FWD: 0 # Forwards (from upper level)
   latGETnl: 270054 # GET request latency on next level
   latGETnet: 0 # GET request latency on network to next level
 l1d: # Cache stats
  l1d-0: # Filter cache stats
   fhGETS: 22579150 # Filtered GETS hits
   fhGETX: 4149521 # Filtered GETX hits
   hGETS: 2345706 # GETS hits
   hGETX: 2570470 # GETX hits
   mGETS: 3381499 # GETS misses
   mGETXIM: 691267 # GETX I->M misses
   mGETXSM: 0 # GETX S->M misses (upgrade misses)
   PUTS: 0 # Clean evictions (from lower level)
   PUTX: 0 # Dirty evictions (from lower level)
   INV: 0 # Invalidates (from upper level)
   INVX: 0 # Downgrades (from upper level)
   FWD: 0 # Forwards (from upper level)
   latGETnl: 303939512 # GET request latency on next level
   latGETnet: 0 # GET request latency on network to next level
 l2: # Cache stats
  l2-0: # Cache stats
   hGETS: 691657 # GETS hits
   hGETX: 100743 # GETX hits
   mGETS: 2692125 # GETS misses
   mGETXIM: 590524 # GETX I->M misses
   mGETXSM: 0 # GETX S->M misses (upgrade misses)
   PUTS: 2317124 # Clean evictions (from lower level)
   PUTX: 1756897 # Dirty evictions (from lower level)
   INV: 0 # Invalidates (from upper level)
   INVX: 0 # Downgrades (from upper level)
   FWD: 0 # Forwards (from upper level)
   latGETnl: 263459076 # GET request latency on next level
   latGETnet: 0 # GET request latency on network to next level
 l3: # Cache stats
  l3-0: # Cache stats
   hGETS: 1013187 # GETS hits
   hGETX: 217512 # GETX hits
   mGETS: 1678938 # GETS misses
   mGETXIM: 373012 # GETX I->M misses
   mGETXSM: 0 # GETX S->M misses (upgrade misses)
   PUTS: 1956245 # Clean evictions (from lower level)
   PUTX: 1322308 # Dirty evictions (from lower level)
   INV: 0 # Invalidates (from upper level)
   INVX: 0 # Downgrades (from upper level)
   FWD: 0 # Forwards (from upper level)
   latGETnl: 184675500 # GET request latency on next level
   latGETnet: 0 # GET request latency on network to next level
 mem: # Memory controller stats
  mem-0: # Memory controller stats
   rd: 512393 # Read requests
   wr: 202371 # Write requests
   rdlat: 69609949 # Total latency experienced by read requests
   wrlat: 30325036 # Total latency experienced by write requests
   rdhits: 12313 # Read row hits
   wrhits: 1298 # Write row hits
   mlh: # latency histogram for memory requests
    0: 0
    1: 0
    2: 0
    3: 0
    4: 0
    5: 0
    6: 0
    7: 0
    8: 0
    9: 0
    10: 0
    11: 538
    12: 598
    13: 457669
    14: 33133
    15: 7031
    16: 3001
    17: 1024
    18: 430
    19: 429
    20: 454
    21: 510
    22: 439
    23: 541
    24: 933
    25: 605
    26: 169
    27: 181
    28: 215
    29: 264
    30: 319
    31: 315
    32: 316
    33: 285
    34: 283
    35: 311
    36: 300
    37: 325
    38: 287
    39: 295
    40: 297
    41: 293
    42: 273
    43: 124
    44: 44
    45: 36
    46: 33
    47: 44
    48: 36
    49: 3
    50: 3
    51: 4
    52: 2
    53: 1
    54: 0
    55: 0
    56: 0
    57: 0
    58: 0
    59: 0
    60: 0
    61: 0
    62: 0
    63: 0
    64: 0
    65: 0
    66: 0
    67: 0
    68: 0
    69: 0
    70: 0
    71: 0
    72: 0
    73: 0
    74: 0
    75: 0
    76: 0
    77: 0
    78: 0
    79: 0
    80: 0
    81: 0
    82: 0
    83: 0
    84: 0
    85: 0
    86: 0
    87: 0
    88: 0
    89: 0
    90: 0
    91: 0
    92: 0
    93: 0
    94: 0
    95: 0
    96: 0
    97: 0
    98: 0
    99: 0
  mem-1: # Memory controller stats
   rd: 513581 # Read requests
   wr: 202704 # Write requests
   rdlat: 69769790 # Total latency experienced by read requests
   wrlat: 30394346 # Total latency experienced by write requests
   rdhits: 12158 # Read row hits
   wrhits: 1285 # Write row hits
   mlh: # latency histogram for memory requests
    0: 0
    1: 0
    2: 0
    3: 0
    4: 0
    5: 0
    6: 0
    7: 0
    8: 0
    9: 0
    10: 0
    11: 520
    12: 572
    13: 458172
    14: 33159
    15: 7339
    16: 3632
    17: 1035
    18: 366
    19: 419
    20: 510
    21: 545
    22: 442
    23: 487
    24: 822
    25: 550
    26: 172
    27: 189
    28: 223
    29: 254
    30: 284
    31: 260
    32: 297
    33: 293
    34: 305
    35: 318
    36: 327
    37: 276
    38: 286
    39: 286
    40: 291
    41: 303
    42: 288
    43: 142
    44: 41
    45: 28
    46: 28
    47: 45
    48: 39
    49: 11
    50: 7
    51: 5
    52: 7
    53: 4
    54: 0
    55: 0
    56: 1
    57: 0
    58: 0
    59: 1
    60: 0
    61: 0
    62: 0
    63: 0
    64: 0
    65: 0
    66: 0
    67: 0
    68: 0
    69: 0
    70: 0
    71: 0
    72: 0
    73: 0
    74: 0
    75: 0
    76: 0
    77: 0
    78: 0
    79: 0
    80: 0
    81: 0
    82: 0
    83: 0
    84: 0
    85: 0
    86: 0
    87: 0
    88: 0
    89: 0
    90: 0
    91: 0
    92: 0
    93: 0
    94: 0
    95: 0
    96: 0
    97: 0
    98: 0
    99: 0
  mem-2: # Memory controller stats
   rd: 512664 # Read requests
   wr: 201549 # Write requests
   rdlat: 69649847 # Total latency experienced by read requests
   wrlat: 30194818 # Total latency experienced by write requests
   rdhits: 11694 # Read row hits
   wrhits: 1329 # Write row hits
   mlh: # latency histogram for memory requests
    0: 0
    1: 0
    2: 0
    3: 0
    4: 0
    5: 0
    6: 0
    7: 0
    8: 0
    9: 0
    10: 0
    11: 470
    12: 560
    13: 456889
    14: 34613
    15: 6793
    16: 2893
    17: 1022
    18: 406
    19: 384
    20: 490
    21: 530
    22: 409
    23: 625
    24: 997
    25: 619
    26: 158
    27: 216
    28: 227
    29: 260
    30: 287
    31: 270
    32: 309
    33: 281
    34: 333
    35: 316
    36: 312
    37: 312
    38: 284
    39: 282
    40: 266
    41: 276
    42: 273
    43: 113
    44: 42
    45: 27
    46: 27
    47: 42
    48: 40
    49: 3
    50: 2
    51: 1
    52: 1
    53: 2
    54: 1
    55: 0
    56: 0
    57: 0
    58: 0
    59: 1
    60: 0
    61: 0
    62: 0
    63: 0
    64: 0
    65: 0
    66: 0
    67: 0
    68: 0
    69: 0
    70: 0
    71: 0
    72: 0
    73: 0
    74: 0
    75: 0
    76: 0
    77: 0
    78: 0
    79: 0
    80: 0
    81: 0
    82: 0
    83: 0
    84: 0
    85: 0
    86: 0
    87: 0
    88: 0
    89: 0
    90: 0
    91: 0
    92: 0
    93: 0
    94: 0
    95: 0
    96: 0
    97: 0
    98: 0
    99: 0
  mem-3: # Memory controller stats
   rd: 513291 # Read requests
   wr: 202050 # Write requests
   rdlat: 69764320 # Total latency experienced by read requests
   wrlat: 30329511 # Total latency experienced by write requests
   rdhits: 11969 # Read row hits
   wrhits: 1338 # Write row hits
   mlh: # latency histogram for memory requests
    0: 0
    1: 0
    2: 0
    3: 0
    4: 0
    5: 0
    6: 0
    7: 0
    8: 0
    9: 0
    10: 0
    11: 571
    12: 547
    13: 457833
    14: 33860
    15: 6909
    16: 2930
    17: 1113
    18: 450
    19: 393
    20: 527
    21: 450
    22: 480
    23: 497
    24: 953
    25: 619
    26: 202
    27: 204
    28: 242
    29: 271
    30: 260
    31: 314
    32: 311
    33: 289
    34: 321
    35: 338
    36: 311
    37: 315
    38: 263
    39: 283
    40: 292
    41: 297
    42: 284
    43: 144
    44: 39
    45: 23
    46: 38
    47: 46
    48: 42
    49: 10
    50: 5
    51: 2
    52: 4
    53: 3
    54: 2
    55: 2
    56: 1
    57: 0
    58: 1
    59: 0
    60: 0
    61: 0
    62: 0
    63: 0
    64: 0
    65: 0
    66: 0
    67: 0
    68: 0
    69: 0
    70: 0
    71: 0
    72: 0
    73: 0
    74: 0
    75: 0
    76: 0
    77: 0
    78: 0
    79: 0
    80: 0
    81: 0
    82: 0
    83: 0
    84: 0
    85: 0
    86: 0
    87: 0
    88: 0
    89: 0
    90: 0
    91: 0
    92: 0
    93: 0
    94: 0
    95: 0
    96: 0
    97: 0
    98: 0
    99: 0
 sched: # Scheduler stats
  thCr: 1 # Threads created
  thFn: 1 # Threads finished
  schedEvs: 1 # Schedule events
  waitEvs: 0 # Wait events
  handoffEvs: 0 # Handoff events
  sleepEvs: 0 # Sleep events
  idlePhases: 0 # Phases with no thread active
  idlePeriods: 0 # Periods with no thread active
  occHist: # Occupancy histogram
   0: 0
   1: 22157
  rqSzHist: # Run queue size histogram
   0: 22157
   1: 0
   2: 0
   3: 0
   4: 0
   5: 0
   6: 0
   7: 0
   8: 0
   9: 0
   10: 0
   11: 0
   12: 0
   13: 0
   14: 0
   15: 0
   16: 0
 procCycles: # Per-process unhalted core cycles
  0: 221571866
  1: 0
  2: 0
  3: 0
  4: 0
  5: 0
  6: 0
  7: 0
  8: 0
  9: 0
  10: 0
  11: 0
  12: 0
  13: 0
  14: 0
  15: 0
  16: 0
  17: 0
  18: 0
  19: 0
  20: 0
  21: 0
  22: 0
  23: 0
  24: 0
  25: 0
  26: 0
  27: 0
  28: 0
  29: 0
  30: 0
  31: 0
  32: 0
  33: 0
  34: 0
  35: 0
  36: 0
  37: 0
  38: 0
  39: 0
  40: 0
  41: 0
  42: 0
  43: 0
  44: 0
  45: 0
  46: 0
  47: 0
  48: 0
  49: 0
  50: 0
  51: 0
  52: 0
  53: 0
  54: 0
  55: 0
  56: 0
  57: 0
  58: 0
  59: 0
  60: 0
  61: 0
  62: 0
  63: 0
 procInstrs: # Per-process instructions
  0: 100007490
  1: 0
  2: 0
  3: 0
  4: 0
  5: 0
  6: 0
  7: 0
  8: 0
  9: 0
  10: 0
  11: 0
  12: 0
  13: 0
  14: 0
  15: 0
  16: 0
  17: 0
  18: 0
  19: 0
  20: 0
  21: 0
  22: 0
  23: 0
  24: 0
  25: 0
  26: 0
  27: 0
  28: 0
  29: 0
  30: 0
  31: 0
  32: 0
  33: 0
  34: 0
  35: 0
  36: 0
  37: 0
  38: 0
  39: 0
  40: 0
  41: 0
  42: 0
  43: 0
  44: 0
  45: 0
  46: 0
  47: 0
  48: 0
  49: 0
  50: 0
  51: 0
  52: 0
  53: 0
  54: 0
  55: 0
  56: 0
  57: 0
  58: 0
  59: 0
  60: 0
  61: 0
  62: 0
  63: 0
 heartbeats: # Per-process heartbeats
  0: 0
  1: 0
  2: 0
  3: 0
  4: 0
  5: 0
  6: 0
  7: 0
  8: 0
  9: 0
  10: 0
  11: 0
  12: 0
  13: 0
  14: 0
  15: 0
  16: 0
  17: 0
  18: 0
  19: 0
  20: 0
  21: 0
  22: 0
  23: 0
  24: 0
  25: 0
  26: 0
  27: 0
  28: 0
  29: 0
  30: 0
  31: 0
  32: 0
  33: 0
  34: 0
  35: 0
  36: 0
  37: 0
  38: 0
  39: 0
  40: 0
  41: 0
  42: 0
  43: 0
  44: 0
  45: 0
  46: 0
  47: 0
  48: 0
  49: 0
  50: 0
  51: 0
  52: 0
  53: 0
  54: 0
  55: 0
  56: 0
  57: 0
  58: 0
  59: 0
  60: 0
  61: 0
  62: 0
  63: 0
===
