# zsim stats
===
root: # Stats
 contention: # Contention simulation stats
  domain-0: # Domain stats
   time: 21058410414 # Weave simulation time
 time: # Simulator time breakdown
  init: 32095225495
  bound: 42851629623
  weave: 22399123525
  ff: 12088444
 trigger: 20000 # Reason for this stats dump
 phase: 62010 # Simulated phases
 westmere: # Core stats
  westmere-0: # Core stats
   cycles: 611426190 # Simulated unhalted cycles
   cCycles: 116740286 # Cycles due to contention stalls
   instrs: 215310563 # Simulated instructions
   uops: 272207850 # Retired micro-ops
   bbls: 21786866 # Basic blocks
   approxInstrs: 15796681 # Instrs with approx uop decoding
   mispredBranches: 798994 # Mispredicted branches
   condBranches: 13968491 # conditional branches
  westmere-1: # Core stats
   cycles: 611532183 # Simulated unhalted cycles
   cCycles: 116827707 # Cycles due to contention stalls
   instrs: 215261873 # Simulated instructions
   uops: 272146166 # Retired micro-ops
   bbls: 21785002 # Basic blocks
   approxInstrs: 15795026 # Instrs with approx uop decoding
   mispredBranches: 798545 # Mispredicted branches
   condBranches: 13967366 # conditional branches
  westmere-2: # Core stats
   cycles: 610685112 # Simulated unhalted cycles
   cCycles: 116695880 # Cycles due to contention stalls
   instrs: 215145039 # Simulated instructions
   uops: 271968262 # Retired micro-ops
   bbls: 21783978 # Basic blocks
   approxInstrs: 15771880 # Instrs with approx uop decoding
   mispredBranches: 797052 # Mispredicted branches
   condBranches: 13966062 # conditional branches
  westmere-3: # Core stats
   cycles: 610871984 # Simulated unhalted cycles
   cCycles: 116756885 # Cycles due to contention stalls
   instrs: 215063485 # Simulated instructions
   uops: 271894310 # Retired micro-ops
   bbls: 21771625 # Basic blocks
   approxInstrs: 15772679 # Instrs with approx uop decoding
   mispredBranches: 798441 # Mispredicted branches
   condBranches: 13957380 # conditional branches
  westmere-4: # Core stats
   cycles: 611908742 # Simulated unhalted cycles
   cCycles: 116849612 # Cycles due to contention stalls
   instrs: 215498433 # Simulated instructions
   uops: 272445459 # Retired micro-ops
   bbls: 21804677 # Basic blocks
   approxInstrs: 15815420 # Instrs with approx uop decoding
   mispredBranches: 800293 # Mispredicted branches
   condBranches: 13980595 # conditional branches
  westmere-5: # Core stats
   cycles: 611384041 # Simulated unhalted cycles
   cCycles: 116715691 # Cycles due to contention stalls
   instrs: 215338322 # Simulated instructions
   uops: 272251819 # Retired micro-ops
   bbls: 21785572 # Basic blocks
   approxInstrs: 15803586 # Instrs with approx uop decoding
   mispredBranches: 798736 # Mispredicted branches
   condBranches: 13967317 # conditional branches
  westmere-6: # Core stats
   cycles: 610946914 # Simulated unhalted cycles
   cCycles: 116708349 # Cycles due to contention stalls
   instrs: 215126523 # Simulated instructions
   uops: 271980065 # Retired micro-ops
   bbls: 21772479 # Basic blocks
   approxInstrs: 15781703 # Instrs with approx uop decoding
   mispredBranches: 799461 # Mispredicted branches
   condBranches: 13957447 # conditional branches
  westmere-7: # Core stats
   cycles: 610451975 # Simulated unhalted cycles
   cCycles: 116561900 # Cycles due to contention stalls
   instrs: 215151847 # Simulated instructions
   uops: 271998173 # Retired micro-ops
   bbls: 21780802 # Basic blocks
   approxInstrs: 15778208 # Instrs with approx uop decoding
   mispredBranches: 799737 # Mispredicted branches
   condBranches: 13962815 # conditional branches
 l1i: # Cache stats
  l1i-0: # Filter cache stats
   fhGETS: 30438367 # Filtered GETS hits
   fhGETX: 0 # Filtered GETX hits
   hGETS: 523238 # GETS hits
   hGETX: 0 # GETX hits
   mGETS: 10420 # GETS misses
   mGETXIM: 0 # GETX I->M misses
   mGETXSM: 0 # GETX S->M misses (upgrade misses)
   PUTS: 0 # Clean evictions (from lower level)
   PUTX: 0 # Dirty evictions (from lower level)
   INV: 10253 # Invalidates (from upper level)
   INVX: 0 # Downgrades (from upper level)
   FWD: 0 # Forwards (from upper level)
   latGETnl: 481852 # GET request latency on next level
   latGETnet: 0 # GET request latency on network to next level
  l1i-1: # Filter cache stats
   fhGETS: 30432473 # Filtered GETS hits
   fhGETX: 0 # Filtered GETX hits
   hGETS: 522701 # GETS hits
   hGETX: 0 # GETX hits
   mGETS: 10480 # GETS misses
   mGETXIM: 0 # GETX I->M misses
   mGETXSM: 0 # GETX S->M misses (upgrade misses)
   PUTS: 0 # Clean evictions (from lower level)
   PUTX: 0 # Dirty evictions (from lower level)
   INV: 10325 # Invalidates (from upper level)
   INVX: 0 # Downgrades (from upper level)
   FWD: 0 # Forwards (from upper level)
   latGETnl: 483400 # GET request latency on next level
   latGETnet: 0 # GET request latency on network to next level
  l1i-2: # Filter cache stats
   fhGETS: 30421200 # Filtered GETS hits
   fhGETX: 0 # Filtered GETX hits
   hGETS: 522906 # GETS hits
   hGETX: 0 # GETX hits
   mGETS: 10566 # GETS misses
   mGETXIM: 0 # GETX I->M misses
   mGETXSM: 0 # GETX S->M misses (upgrade misses)
   PUTS: 0 # Clean evictions (from lower level)
   PUTX: 0 # Dirty evictions (from lower level)
   INV: 10291 # Invalidates (from upper level)
   INVX: 0 # Downgrades (from upper level)
   FWD: 0 # Forwards (from upper level)
   latGETnl: 496920 # GET request latency on next level
   latGETnet: 0 # GET request latency on network to next level
  l1i-3: # Filter cache stats
   fhGETS: 30414381 # Filtered GETS hits
   fhGETX: 0 # Filtered GETX hits
   hGETS: 522257 # GETS hits
   hGETX: 0 # GETX hits
   mGETS: 10407 # GETS misses
   mGETXIM: 0 # GETX I->M misses
   mGETXSM: 0 # GETX S->M misses (upgrade misses)
   PUTS: 0 # Clean evictions (from lower level)
   PUTX: 0 # Dirty evictions (from lower level)
   INV: 10255 # Invalidates (from upper level)
   INVX: 0 # Downgrades (from upper level)
   FWD: 0 # Forwards (from upper level)
   latGETnl: 474528 # GET request latency on next level
   latGETnet: 0 # GET request latency on network to next level
  l1i-4: # Filter cache stats
   fhGETS: 30466842 # Filtered GETS hits
   fhGETX: 0 # Filtered GETX hits
   hGETS: 523453 # GETS hits
   hGETX: 0 # GETX hits
   mGETS: 10474 # GETS misses
   mGETXIM: 0 # GETX I->M misses
   mGETXSM: 0 # GETX S->M misses (upgrade misses)
   PUTS: 0 # Clean evictions (from lower level)
   PUTX: 0 # Dirty evictions (from lower level)
   INV: 10314 # Invalidates (from upper level)
   INVX: 0 # Downgrades (from upper level)
   FWD: 0 # Forwards (from upper level)
   latGETnl: 477772 # GET request latency on next level
   latGETnet: 0 # GET request latency on network to next level
  l1i-5: # Filter cache stats
   fhGETS: 30435213 # Filtered GETS hits
   fhGETX: 0 # Filtered GETX hits
   hGETS: 523200 # GETS hits
   hGETX: 0 # GETX hits
   mGETS: 10348 # GETS misses
   mGETXIM: 0 # GETX I->M misses
   mGETXSM: 0 # GETX S->M misses (upgrade misses)
   PUTS: 0 # Clean evictions (from lower level)
   PUTX: 0 # Dirty evictions (from lower level)
   INV: 10186 # Invalidates (from upper level)
   INVX: 0 # Downgrades (from upper level)
   FWD: 0 # Forwards (from upper level)
   latGETnl: 469528 # GET request latency on next level
   latGETnet: 0 # GET request latency on network to next level
  l1i-6: # Filter cache stats
   fhGETS: 30421271 # Filtered GETS hits
   fhGETX: 0 # Filtered GETX hits
   hGETS: 522387 # GETS hits
   hGETX: 0 # GETX hits
   mGETS: 10355 # GETS misses
   mGETXIM: 0 # GETX I->M misses
   mGETXSM: 0 # GETX S->M misses (upgrade misses)
   PUTS: 0 # Clean evictions (from lower level)
   PUTX: 0 # Dirty evictions (from lower level)
   INV: 10190 # Invalidates (from upper level)
   INVX: 0 # Downgrades (from upper level)
   FWD: 0 # Forwards (from upper level)
   latGETnl: 470666 # GET request latency on next level
   latGETnet: 0 # GET request latency on network to next level
  l1i-7: # Filter cache stats
   fhGETS: 30430176 # Filtered GETS hits
   fhGETX: 0 # Filtered GETX hits
   hGETS: 523739 # GETS hits
   hGETX: 0 # GETX hits
   mGETS: 10448 # GETS misses
   mGETXIM: 0 # GETX I->M misses
   mGETXSM: 0 # GETX S->M misses (upgrade misses)
   PUTS: 0 # Clean evictions (from lower level)
   PUTX: 0 # Dirty evictions (from lower level)
   INV: 10280 # Invalidates (from upper level)
   INVX: 0 # Downgrades (from upper level)
   FWD: 0 # Forwards (from upper level)
   latGETnl: 482108 # GET request latency on next level
   latGETnet: 0 # GET request latency on network to next level
 l1d: # Cache stats
  l1d-0: # Filter cache stats
   fhGETS: 45430198 # Filtered GETS hits
   fhGETX: 10780678 # Filtered GETX hits
   hGETS: 6468872 # GETS hits
   hGETX: 3676222 # GETX hits
   mGETS: 4693980 # GETS misses
   mGETXIM: 793 # GETX I->M misses
   mGETXSM: 59882 # GETX S->M misses (upgrade misses)
   PUTS: 0 # Clean evictions (from lower level)
   PUTX: 0 # Dirty evictions (from lower level)
   INV: 11636 # Invalidates (from upper level)
   INVX: 45438 # Downgrades (from upper level)
   FWD: 0 # Forwards (from upper level)
   latGETnl: 391665641 # GET request latency on next level
   latGETnet: 0 # GET request latency on network to next level
  l1d-1: # Filter cache stats
   fhGETS: 45402622 # Filtered GETS hits
   fhGETX: 10775063 # Filtered GETX hits
   hGETS: 6488179 # GETS hits
   hGETX: 3676453 # GETX hits
   mGETS: 4694589 # GETS misses
   mGETXIM: 840 # GETX I->M misses
   mGETXSM: 59628 # GETX S->M misses (upgrade misses)
   PUTS: 0 # Clean evictions (from lower level)
   PUTX: 0 # Dirty evictions (from lower level)
   INV: 11697 # Invalidates (from upper level)
   INVX: 45863 # Downgrades (from upper level)
   FWD: 0 # Forwards (from upper level)
   latGETnl: 391815056 # GET request latency on next level
   latGETnet: 0 # GET request latency on network to next level
  l1d-2: # Filter cache stats
   fhGETS: 45380455 # Filtered GETS hits
   fhGETX: 10783556 # Filtered GETX hits
   hGETS: 6466493 # GETS hits
   hGETX: 3672915 # GETX hits
   mGETS: 4687551 # GETS misses
   mGETXIM: 807 # GETX I->M misses
   mGETXSM: 59655 # GETX S->M misses (upgrade misses)
   PUTS: 0 # Clean evictions (from lower level)
   PUTX: 0 # Dirty evictions (from lower level)
   INV: 11664 # Invalidates (from upper level)
   INVX: 45509 # Downgrades (from upper level)
   FWD: 0 # Forwards (from upper level)
   latGETnl: 391242581 # GET request latency on next level
   latGETnet: 0 # GET request latency on network to next level
  l1d-3: # Filter cache stats
   fhGETS: 45377053 # Filtered GETS hits
   fhGETX: 10777043 # Filtered GETX hits
   hGETS: 6460261 # GETS hits
   hGETX: 3672741 # GETX hits
   mGETS: 4687091 # GETS misses
   mGETXIM: 746 # GETX I->M misses
   mGETXSM: 59157 # GETX S->M misses (upgrade misses)
   PUTS: 0 # Clean evictions (from lower level)
   PUTX: 0 # Dirty evictions (from lower level)
   INV: 11717 # Invalidates (from upper level)
   INVX: 46055 # Downgrades (from upper level)
   FWD: 0 # Forwards (from upper level)
   latGETnl: 391243466 # GET request latency on next level
   latGETnet: 0 # GET request latency on network to next level
  l1d-4: # Filter cache stats
   fhGETS: 45484233 # Filtered GETS hits
   fhGETX: 10780841 # Filtered GETX hits
   hGETS: 6463564 # GETS hits
   hGETX: 3681387 # GETX hits
   mGETS: 4698768 # GETS misses
   mGETXIM: 707 # GETX I->M misses
   mGETXSM: 59882 # GETX S->M misses (upgrade misses)
   PUTS: 0 # Clean evictions (from lower level)
   PUTX: 0 # Dirty evictions (from lower level)
   INV: 11422 # Invalidates (from upper level)
   INVX: 45655 # Downgrades (from upper level)
   FWD: 0 # Forwards (from upper level)
   latGETnl: 392040212 # GET request latency on next level
   latGETnet: 0 # GET request latency on network to next level
  l1d-5: # Filter cache stats
   fhGETS: 45448862 # Filtered GETS hits
   fhGETX: 10776415 # Filtered GETX hits
   hGETS: 6463242 # GETS hits
   hGETX: 3676866 # GETX hits
   mGETS: 4696259 # GETS misses
   mGETXIM: 685 # GETX I->M misses
   mGETXSM: 60376 # GETX S->M misses (upgrade misses)
   PUTS: 0 # Clean evictions (from lower level)
   PUTX: 0 # Dirty evictions (from lower level)
   INV: 11546 # Invalidates (from upper level)
   INVX: 45452 # Downgrades (from upper level)
   FWD: 0 # Forwards (from upper level)
   latGETnl: 391738021 # GET request latency on next level
   latGETnet: 0 # GET request latency on network to next level
  l1d-6: # Filter cache stats
   fhGETS: 45380066 # Filtered GETS hits
   fhGETX: 10775783 # Filtered GETX hits
   hGETS: 6476866 # GETS hits
   hGETX: 3673162 # GETX hits
   mGETS: 4690180 # GETS misses
   mGETXIM: 718 # GETX I->M misses
   mGETXSM: 59896 # GETX S->M misses (upgrade misses)
   PUTS: 0 # Clean evictions (from lower level)
   PUTX: 0 # Dirty evictions (from lower level)
   INV: 11666 # Invalidates (from upper level)
   INVX: 45458 # Downgrades (from upper level)
   FWD: 0 # Forwards (from upper level)
   latGETnl: 391384399 # GET request latency on next level
   latGETnet: 0 # GET request latency on network to next level
  l1d-7: # Filter cache stats
   fhGETS: 45382214 # Filtered GETS hits
   fhGETX: 10780308 # Filtered GETX hits
   hGETS: 6474127 # GETS hits
   hGETX: 3673839 # GETX hits
   mGETS: 4688616 # GETS misses
   mGETXIM: 760 # GETX I->M misses
   mGETXSM: 59868 # GETX S->M misses (upgrade misses)
   PUTS: 0 # Clean evictions (from lower level)
   PUTX: 0 # Dirty evictions (from lower level)
   INV: 11589 # Invalidates (from upper level)
   INVX: 45643 # Downgrades (from upper level)
   FWD: 0 # Forwards (from upper level)
   latGETnl: 391103434 # GET request latency on next level
   latGETnet: 0 # GET request latency on network to next level
 l2: # Cache stats
  l2-0: # Cache stats
   hGETS: 202063 # GETS hits
   hGETX: 55 # GETX hits
   mGETS: 4502337 # GETS misses
   mGETXIM: 738 # GETX I->M misses
   mGETXSM: 59882 # GETX S->M misses (upgrade misses)
   PUTS: 2660748 # Clean evictions (from lower level)
   PUTX: 2021900 # Dirty evictions (from lower level)
   INV: 90965 # Invalidates (from upper level)
   INVX: 335796 # Downgrades (from upper level)
   FWD: 0 # Forwards (from upper level)
   latGETnl: 344496743 # GET request latency on next level
   latGETnet: 0 # GET request latency on network to next level
  l2-1: # Cache stats
   hGETS: 201648 # GETS hits
   hGETX: 53 # GETX hits
   mGETS: 4503421 # GETS misses
   mGETXIM: 787 # GETX I->M misses
   mGETXSM: 59628 # GETX S->M misses (upgrade misses)
   PUTS: 2661466 # Clean evictions (from lower level)
   PUTX: 2021768 # Dirty evictions (from lower level)
   INV: 90840 # Invalidates (from upper level)
   INVX: 335249 # Downgrades (from upper level)
   FWD: 0 # Forwards (from upper level)
   latGETnl: 344643086 # GET request latency on next level
   latGETnet: 0 # GET request latency on network to next level
  l2-2: # Cache stats
   hGETS: 201280 # GETS hits
   hGETX: 52 # GETX hits
   mGETS: 4496837 # GETS misses
   mGETXIM: 755 # GETX I->M misses
   mGETXSM: 59655 # GETX S->M misses (upgrade misses)
   PUTS: 2657168 # Clean evictions (from lower level)
   PUTX: 2019025 # Dirty evictions (from lower level)
   INV: 91105 # Invalidates (from upper level)
   INVX: 335520 # Downgrades (from upper level)
   FWD: 0 # Forwards (from upper level)
   latGETnl: 344153711 # GET request latency on next level
   latGETnet: 0 # GET request latency on network to next level
  l2-3: # Cache stats
   hGETS: 202068 # GETS hits
   hGETX: 46 # GETX hits
   mGETS: 4495430 # GETS misses
   mGETXIM: 701 # GETX I->M misses
   mGETXSM: 59156 # GETX S->M misses (upgrade misses)
   PUTS: 2656760 # Clean evictions (from lower level)
   PUTX: 2018865 # Dirty evictions (from lower level)
   INV: 90921 # Invalidates (from upper level)
   INVX: 335593 # Downgrades (from upper level)
   FWD: 0 # Forwards (from upper level)
   latGETnl: 344143984 # GET request latency on next level
   latGETnet: 0 # GET request latency on network to next level
  l2-4: # Cache stats
   hGETS: 201579 # GETS hits
   hGETX: 49 # GETX hits
   mGETS: 4507663 # GETS misses
   mGETXIM: 660 # GETX I->M misses
   mGETXSM: 59880 # GETX S->M misses (upgrade misses)
   PUTS: 2663120 # Clean evictions (from lower level)
   PUTX: 2024436 # Dirty evictions (from lower level)
   INV: 90590 # Invalidates (from upper level)
   INVX: 336040 # Downgrades (from upper level)
   FWD: 0 # Forwards (from upper level)
   latGETnl: 344819674 # GET request latency on next level
   latGETnet: 0 # GET request latency on network to next level
  l2-5: # Cache stats
   hGETS: 202860 # GETS hits
   hGETX: 48 # GETX hits
   mGETS: 4503747 # GETS misses
   mGETXIM: 639 # GETX I->M misses
   mGETXSM: 60374 # GETX S->M misses (upgrade misses)
   PUTS: 2662120 # Clean evictions (from lower level)
   PUTX: 2022783 # Dirty evictions (from lower level)
   INV: 90145 # Invalidates (from upper level)
   INVX: 334465 # Downgrades (from upper level)
   FWD: 0 # Forwards (from upper level)
   latGETnl: 344530869 # GET request latency on next level
   latGETnet: 0 # GET request latency on network to next level
  l2-6: # Cache stats
   hGETS: 202006 # GETS hits
   hGETX: 55 # GETX hits
   mGETS: 4498529 # GETS misses
   mGETXIM: 664 # GETX I->M misses
   mGETXSM: 59895 # GETX S->M misses (upgrade misses)
   PUTS: 2658669 # Clean evictions (from lower level)
   PUTX: 2020073 # Dirty evictions (from lower level)
   INV: 90818 # Invalidates (from upper level)
   INVX: 335108 # Downgrades (from upper level)
   FWD: 0 # Forwards (from upper level)
   latGETnl: 344243575 # GET request latency on next level
   latGETnet: 0 # GET request latency on network to next level
  l2-7: # Cache stats
   hGETS: 202334 # GETS hits
   hGETX: 54 # GETX hits
   mGETS: 4496730 # GETS misses
   mGETXIM: 708 # GETX I->M misses
   mGETXSM: 59866 # GETX S->M misses (upgrade misses)
   PUTS: 2657591 # Clean evictions (from lower level)
   PUTX: 2019701 # Dirty evictions (from lower level)
   INV: 91247 # Invalidates (from upper level)
   INVX: 336709 # Downgrades (from upper level)
   FWD: 0 # Forwards (from upper level)
   latGETnl: 343988622 # GET request latency on next level
   latGETnet: 0 # GET request latency on network to next level
 l3: # Cache stats
  l3-0b0: # Cache stats
   hGETS: 1928280 # GETS hits
   hGETX: 59486 # GETX hits
   mGETS: 2567430 # GETS misses
   mGETXIM: 651 # GETX I->M misses
   mGETXSM: 0 # GETX S->M misses (upgrade misses)
   PUTS: 2505637 # Clean evictions (from lower level)
   PUTX: 1896392 # Dirty evictions (from lower level)
   INV: 0 # Invalidates (from upper level)
   INVX: 0 # Downgrades (from upper level)
   FWD: 0 # Forwards (from upper level)
   latGETnl: 231127290 # GET request latency on next level
   latGETnet: 0 # GET request latency on network to next level
  l3-0b1: # Cache stats
   hGETS: 1946280 # GETS hits
   hGETX: 59743 # GETX hits
   mGETS: 2564997 # GETS misses
   mGETXIM: 1123 # GETX I->M misses
   mGETXSM: 0 # GETX S->M misses (upgrade misses)
   PUTS: 2520724 # Clean evictions (from lower level)
   PUTX: 1895244 # Dirty evictions (from lower level)
   INV: 0 # Invalidates (from upper level)
   INVX: 0 # Downgrades (from upper level)
   FWD: 0 # Forwards (from upper level)
   latGETnl: 230950800 # GET request latency on next level
   latGETnet: 0 # GET request latency on network to next level
  l3-0b2: # Cache stats
   hGETS: 1936150 # GETS hits
   hGETX: 59148 # GETX hits
   mGETS: 2564064 # GETS misses
   mGETXIM: 702 # GETX I->M misses
   mGETXSM: 0 # GETX S->M misses (upgrade misses)
   PUTS: 2512383 # Clean evictions (from lower level)
   PUTX: 1894574 # Dirty evictions (from lower level)
   INV: 0 # Invalidates (from upper level)
   INVX: 0 # Downgrades (from upper level)
   FWD: 0 # Forwards (from upper level)
   latGETnl: 230828940 # GET request latency on next level
   latGETnet: 0 # GET request latency on network to next level
  l3-0b3: # Cache stats
   hGETS: 1936611 # GETS hits
   hGETX: 59268 # GETX hits
   mGETS: 2564454 # GETS misses
   mGETXIM: 201 # GETX I->M misses
   mGETXSM: 0 # GETX S->M misses (upgrade misses)
   PUTS: 2514858 # Clean evictions (from lower level)
   PUTX: 1893442 # Dirty evictions (from lower level)
   INV: 0 # Invalidates (from upper level)
   INVX: 0 # Downgrades (from upper level)
   FWD: 0 # Forwards (from upper level)
   latGETnl: 230818950 # GET request latency on next level
   latGETnet: 0 # GET request latency on network to next level
  l3-0b4: # Cache stats
   hGETS: 1930915 # GETS hits
   hGETX: 60291 # GETX hits
   mGETS: 2567715 # GETS misses
   mGETXIM: 1211 # GETX I->M misses
   mGETXSM: 0 # GETX S->M misses (upgrade misses)
   PUTS: 2505319 # Clean evictions (from lower level)
   PUTX: 1900014 # Dirty evictions (from lower level)
   INV: 0 # Invalidates (from upper level)
   INVX: 0 # Downgrades (from upper level)
   FWD: 0 # Forwards (from upper level)
   latGETnl: 231203340 # GET request latency on next level
   latGETnet: 0 # GET request latency on network to next level
  l3-0b5: # Cache stats
   hGETS: 1938499 # GETS hits
   hGETX: 59542 # GETX hits
   mGETS: 2564729 # GETS misses
   mGETXIM: 712 # GETX I->M misses
   mGETXSM: 0 # GETX S->M misses (upgrade misses)
   PUTS: 2514741 # Clean evictions (from lower level)
   PUTX: 1893228 # Dirty evictions (from lower level)
   INV: 0 # Invalidates (from upper level)
   INVX: 0 # Downgrades (from upper level)
   FWD: 0 # Forwards (from upper level)
   latGETnl: 230889690 # GET request latency on next level
   latGETnet: 0 # GET request latency on network to next level
  l3-0b6: # Cache stats
   hGETS: 1932235 # GETS hits
   hGETX: 61844 # GETX hits
   mGETS: 2564082 # GETS misses
   mGETXIM: 727 # GETX I->M misses
   mGETXSM: 0 # GETX S->M misses (upgrade misses)
   PUTS: 2509426 # Clean evictions (from lower level)
   PUTX: 1889666 # Dirty evictions (from lower level)
   INV: 0 # Invalidates (from upper level)
   INVX: 0 # Downgrades (from upper level)
   FWD: 0 # Forwards (from upper level)
   latGETnl: 230832810 # GET request latency on next level
   latGETnet: 0 # GET request latency on network to next level
  l3-0b7: # Cache stats
   hGETS: 1936419 # GETS hits
   hGETX: 59141 # GETX hits
   mGETS: 2561834 # GETS misses
   mGETXIM: 198 # GETX I->M misses
   mGETXSM: 0 # GETX S->M misses (upgrade misses)
   PUTS: 2512637 # Clean evictions (from lower level)
   PUTX: 1892835 # Dirty evictions (from lower level)
   INV: 0 # Invalidates (from upper level)
   INVX: 0 # Downgrades (from upper level)
   FWD: 0 # Forwards (from upper level)
   latGETnl: 230582880 # GET request latency on next level
   latGETnet: 0 # GET request latency on network to next level
 mem: # Memory controller stats
  mem-0: # Memory controller stats
   rd: 5132394 # Read requests
   wr: 3284094 # Write requests
   rdlat: 720988901 # Total latency experienced by read requests
   wrlat: 537158823 # Total latency experienced by write requests
   rdhits: 7782 # Read row hits
   wrhits: 9225 # Write row hits
   mlh: # latency histogram for memory requests
    0: 0
    1: 0
    2: 0
    3: 0
    4: 0
    5: 0
    6: 0
    7: 0
    8: 0
    9: 1
    10: 1
    11: 1421
    12: 1627
    13: 4000925
    14: 452009
    15: 290722
    16: 149189
    17: 28079
    18: 21021
    19: 20458
    20: 19774
    21: 20088
    22: 17692
    23: 19435
    24: 20838
    25: 9387
    26: 2005
    27: 1917
    28: 2272
    29: 2346
    30: 2680
    31: 2736
    32: 3183
    33: 3196
    34: 3012
    35: 3210
    36: 3411
    37: 3259
    38: 3107
    39: 3232
    40: 3081
    41: 3441
    42: 3375
    43: 2601
    44: 1862
    45: 1648
    46: 1471
    47: 1313
    48: 683
    49: 166
    50: 123
    51: 114
    52: 81
    53: 59
    54: 43
    55: 28
    56: 24
    57: 18
    58: 8
    59: 4
    60: 6
    61: 4
    62: 2
    63: 2
    64: 1
    65: 1
    66: 0
    67: 0
    68: 0
    69: 1
    70: 0
    71: 0
    72: 0
    73: 0
    74: 1
    75: 0
    76: 0
    77: 0
    78: 0
    79: 0
    80: 0
    81: 0
    82: 0
    83: 0
    84: 0
    85: 0
    86: 0
    87: 0
    88: 0
    89: 0
    90: 0
    91: 0
    92: 0
    93: 0
    94: 0
    95: 0
    96: 0
    97: 0
    98: 0
    99: 0
  mem-1: # Memory controller stats
   rd: 5133975 # Read requests
   wr: 3288511 # Write requests
   rdlat: 721224276 # Total latency experienced by read requests
   wrlat: 538118777 # Total latency experienced by write requests
   rdhits: 7710 # Read row hits
   wrhits: 9440 # Write row hits
   mlh: # latency histogram for memory requests
    0: 0
    1: 0
    2: 0
    3: 0
    4: 0
    5: 0
    6: 0
    7: 0
    8: 0
    9: 0
    10: 1
    11: 1398
    12: 1513
    13: 4001981
    14: 452604
    15: 290371
    16: 149055
    17: 27872
    18: 21324
    19: 20731
    20: 20596
    21: 19773
    22: 17877
    23: 19364
    24: 20027
    25: 9665
    26: 1934
    27: 1972
    28: 2188
    29: 2361
    30: 2662
    31: 2765
    32: 3226
    33: 3211
    34: 3095
    35: 3179
    36: 3602
    37: 3342
    38: 3103
    39: 3245
    40: 3101
    41: 3255
    42: 3328
    43: 2531
    44: 1845
    45: 1635
    46: 1453
    47: 1323
    48: 752
    49: 193
    50: 140
    51: 103
    52: 89
    53: 63
    54: 38
    55: 29
    56: 28
    57: 16
    58: 5
    59: 4
    60: 2
    61: 1
    62: 1
    63: 0
    64: 2
    65: 0
    66: 1
    67: 0
    68: 0
    69: 0
    70: 0
    71: 0
    72: 0
    73: 0
    74: 0
    75: 0
    76: 0
    77: 0
    78: 0
    79: 0
    80: 0
    81: 0
    82: 0
    83: 0
    84: 0
    85: 0
    86: 0
    87: 0
    88: 0
    89: 0
    90: 0
    91: 0
    92: 0
    93: 0
    94: 0
    95: 0
    96: 0
    97: 0
    98: 0
    99: 0
  mem-2: # Memory controller stats
   rd: 5131221 # Read requests
   wr: 3283125 # Write requests
   rdlat: 720700437 # Total latency experienced by read requests
   wrlat: 537076435 # Total latency experienced by write requests
   rdhits: 7756 # Read row hits
   wrhits: 9425 # Write row hits
   mlh: # latency histogram for memory requests
    0: 0
    1: 0
    2: 0
    3: 0
    4: 0
    5: 0
    6: 0
    7: 0
    8: 0
    9: 0
    10: 4
    11: 1456
    12: 1514
    13: 4001955
    14: 451743
    15: 289211
    16: 149023
    17: 27768
    18: 20997
    19: 20887
    20: 20196
    21: 19825
    22: 17607
    23: 19491
    24: 20496
    25: 9674
    26: 2023
    27: 1948
    28: 2264
    29: 2329
    30: 2730
    31: 2825
    32: 3061
    33: 3128
    34: 3034
    35: 3162
    36: 3351
    37: 3299
    38: 3103
    39: 3213
    40: 3132
    41: 3372
    42: 3430
    43: 2523
    44: 1782
    45: 1577
    46: 1402
    47: 1262
    48: 674
    49: 174
    50: 135
    51: 110
    52: 96
    53: 71
    54: 63
    55: 29
    56: 22
    57: 18
    58: 11
    59: 5
    60: 1
    61: 7
    62: 4
    63: 0
    64: 1
    65: 0
    66: 1
    67: 0
    68: 1
    69: 0
    70: 0
    71: 0
    72: 0
    73: 0
    74: 1
    75: 0
    76: 0
    77: 0
    78: 0
    79: 0
    80: 0
    81: 0
    82: 0
    83: 0
    84: 0
    85: 0
    86: 0
    87: 0
    88: 0
    89: 0
    90: 0
    91: 0
    92: 0
    93: 0
    94: 0
    95: 0
    96: 0
    97: 0
    98: 0
    99: 0
  mem-3: # Memory controller stats
   rd: 5127220 # Read requests
   wr: 3286526 # Write requests
   rdlat: 720041841 # Total latency experienced by read requests
   wrlat: 537695420 # Total latency experienced by write requests
   rdhits: 7622 # Read row hits
   wrhits: 9531 # Write row hits
   mlh: # latency histogram for memory requests
    0: 0
    1: 0
    2: 0
    3: 0
    4: 0
    5: 0
    6: 0
    7: 0
    8: 0
    9: 0
    10: 2
    11: 1469
    12: 1556
    13: 3999587
    14: 450935
    15: 289283
    16: 149065
    17: 27788
    18: 20841
    19: 20639
    20: 20230
    21: 19850
    22: 17565
    23: 19344
    24: 20538
    25: 9541
    26: 1909
    27: 1929
    28: 2356
    29: 2317
    30: 2618
    31: 2826
    32: 3045
    33: 3056
    34: 3028
    35: 3181
    36: 3355
    37: 3384
    38: 3056
    39: 3193
    40: 2986
    41: 3325
    42: 3301
    43: 2494
    44: 1832
    45: 1656
    46: 1411
    47: 1328
    48: 692
    49: 176
    50: 138
    51: 109
    52: 73
    53: 52
    54: 57
    55: 33
    56: 23
    57: 21
    58: 14
    59: 5
    60: 2
    61: 3
    62: 0
    63: 2
    64: 0
    65: 0
    66: 1
    67: 0
    68: 0
    69: 0
    70: 0
    71: 0
    72: 0
    73: 0
    74: 0
    75: 0
    76: 0
    77: 0
    78: 0
    79: 0
    80: 0
    81: 0
    82: 0
    83: 0
    84: 0
    85: 0
    86: 0
    87: 0
    88: 0
    89: 0
    90: 0
    91: 0
    92: 0
    93: 0
    94: 0
    95: 0
    96: 0
    97: 0
    98: 0
    99: 0
 sched: # Scheduler stats
  thCr: 9 # Threads created
  thFn: 9 # Threads finished
  schedEvs: 17 # Schedule events
  waitEvs: 0 # Wait events
  handoffEvs: 0 # Handoff events
  sleepEvs: 0 # Sleep events
  idlePhases: 0 # Phases with no thread active
  idlePeriods: 0 # Periods with no thread active
  occHist: # Occupancy histogram
   0: 0
   1: 4
   2: 0
   3: 0
   4: 0
   5: 0
   6: 0
   7: 1
   8: 62005
  rqSzHist: # Run queue size histogram
   0: 62010
   1: 0
   2: 0
   3: 0
   4: 0
   5: 0
   6: 0
   7: 0
   8: 0
   9: 0
   10: 0
   11: 0
   12: 0
   13: 0
   14: 0
   15: 0
   16: 0
 procCycles: # Per-process unhalted core cycles
  0: 4889199770
  1: 0
  2: 0
  3: 0
  4: 0
  5: 0
  6: 0
  7: 0
  8: 0
  9: 0
  10: 0
  11: 0
  12: 0
  13: 0
  14: 0
  15: 0
  16: 0
  17: 0
  18: 0
  19: 0
  20: 0
  21: 0
  22: 0
  23: 0
  24: 0
  25: 0
  26: 0
  27: 0
  28: 0
  29: 0
  30: 0
  31: 0
  32: 0
  33: 0
  34: 0
  35: 0
  36: 0
  37: 0
  38: 0
  39: 0
  40: 0
  41: 0
  42: 0
  43: 0
  44: 0
  45: 0
  46: 0
  47: 0
  48: 0
  49: 0
  50: 0
  51: 0
  52: 0
  53: 0
  54: 0
  55: 0
  56: 0
  57: 0
  58: 0
  59: 0
  60: 0
  61: 0
  62: 0
  63: 0
 procInstrs: # Per-process instructions
  0: 1721896085
  1: 0
  2: 0
  3: 0
  4: 0
  5: 0
  6: 0
  7: 0
  8: 0
  9: 0
  10: 0
  11: 0
  12: 0
  13: 0
  14: 0
  15: 0
  16: 0
  17: 0
  18: 0
  19: 0
  20: 0
  21: 0
  22: 0
  23: 0
  24: 0
  25: 0
  26: 0
  27: 0
  28: 0
  29: 0
  30: 0
  31: 0
  32: 0
  33: 0
  34: 0
  35: 0
  36: 0
  37: 0
  38: 0
  39: 0
  40: 0
  41: 0
  42: 0
  43: 0
  44: 0
  45: 0
  46: 0
  47: 0
  48: 0
  49: 0
  50: 0
  51: 0
  52: 0
  53: 0
  54: 0
  55: 0
  56: 0
  57: 0
  58: 0
  59: 0
  60: 0
  61: 0
  62: 0
  63: 0
 heartbeats: # Per-process heartbeats
  0: 0
  1: 0
  2: 0
  3: 0
  4: 0
  5: 0
  6: 0
  7: 0
  8: 0
  9: 0
  10: 0
  11: 0
  12: 0
  13: 0
  14: 0
  15: 0
  16: 0
  17: 0
  18: 0
  19: 0
  20: 0
  21: 0
  22: 0
  23: 0
  24: 0
  25: 0
  26: 0
  27: 0
  28: 0
  29: 0
  30: 0
  31: 0
  32: 0
  33: 0
  34: 0
  35: 0
  36: 0
  37: 0
  38: 0
  39: 0
  40: 0
  41: 0
  42: 0
  43: 0
  44: 0
  45: 0
  46: 0
  47: 0
  48: 0
  49: 0
  50: 0
  51: 0
  52: 0
  53: 0
  54: 0
  55: 0
  56: 0
  57: 0
  58: 0
  59: 0
  60: 0
  61: 0
  62: 0
  63: 0
===
