# zsim stats
===
root: # Stats
 contention: # Contention simulation stats
  domain-0: # Domain stats
   time: 233193739 # Weave simulation time
 time: # Simulator time breakdown
  init: 2823938766654
  bound: 9969284638
  weave: 302609729
  ff: 0
 trigger: 20000 # Reason for this stats dump
 phase: 6377 # Simulated phases
 westmere: # Core stats
  westmere-0: # Core stats
   cycles: 63770749 # Simulated unhalted cycles
   cCycles: 5338523 # Cycles due to contention stalls
   instrs: 100001107 # Simulated instructions
   uops: 142670215 # Retired micro-ops
   bbls: 4785404 # Basic blocks
   approxInstrs: 432 # Instrs with approx uop decoding
   mispredBranches: 23096 # Mispredicted branches
   condBranches: 4718094 # conditional branches
 l1i: # Cache stats
  l1i-0: # Filter cache stats
   fhGETS: 9439336 # Filtered GETS hits
   fhGETX: 0 # Filtered GETX hits
   hGETS: 19658 # GETS hits
   hGETX: 0 # GETX hits
   mGETS: 2814 # GETS misses
   mGETXIM: 0 # GETX I->M misses
   mGETXSM: 0 # GETX S->M misses (upgrade misses)
   PUTS: 0 # Clean evictions (from lower level)
   PUTX: 0 # Dirty evictions (from lower level)
   INV: 1368 # Invalidates (from upper level)
   INVX: 0 # Downgrades (from upper level)
   FWD: 0 # Forwards (from upper level)
   latGETnl: 245634 # GET request latency on next level
   latGETnet: 0 # GET request latency on network to next level
 l1d: # Cache stats
  l1d-0: # Filter cache stats
   fhGETS: 27497342 # Filtered GETS hits
   fhGETX: 9103366 # Filtered GETX hits
   hGETS: 15332584 # GETS hits
   hGETX: 5950323 # GETX hits
   mGETS: 243729 # GETS misses
   mGETXIM: 291835 # GETX I->M misses
   mGETXSM: 0 # GETX S->M misses (upgrade misses)
   PUTS: 0 # Clean evictions (from lower level)
   PUTX: 0 # Dirty evictions (from lower level)
   INV: 701 # Invalidates (from upper level)
   INVX: 0 # Downgrades (from upper level)
   FWD: 0 # Forwards (from upper level)
   latGETnl: 25787686 # GET request latency on next level
   latGETnet: 0 # GET request latency on network to next level
 l2: # Cache stats
  l2-0: # Cache stats
   hGETS: 215835 # GETS hits
   hGETX: 1403 # GETX hits
   mGETS: 30708 # GETS misses
   mGETXIM: 290432 # GETX I->M misses
   mGETXSM: 0 # GETX S->M misses (upgrade misses)
   PUTS: 243027 # Clean evictions (from lower level)
   PUTX: 292533 # Dirty evictions (from lower level)
   INV: 2658 # Invalidates (from upper level)
   INVX: 0 # Downgrades (from upper level)
   FWD: 0 # Forwards (from upper level)
   latGETnl: 20649540 # GET request latency on next level
   latGETnet: 0 # GET request latency on network to next level
 l3: # Cache stats
  l3-0: # Cache stats
   hGETS: 24629 # GETS hits
   hGETX: 152709 # GETX hits
   mGETS: 6079 # GETS misses
   mGETXIM: 137723 # GETX I->M misses
   mGETXSM: 0 # GETX S->M misses (upgrade misses)
   PUTS: 26428 # Clean evictions (from lower level)
   PUTX: 287958 # Dirty evictions (from lower level)
   INV: 0 # Invalidates (from upper level)
   INVX: 0 # Downgrades (from upper level)
   FWD: 0 # Forwards (from upper level)
   latGETnl: 12942180 # GET request latency on next level
   latGETnet: 0 # GET request latency on network to next level
 mem: # Memory controller stats
  mem-0: # Memory controller stats
   rd: 35909 # Read requests
   wr: 26798 # Write requests
   rdlat: 5452701 # Total latency experienced by read requests
   wrlat: 4014220 # Total latency experienced by write requests
   rdhits: 5 # Read row hits
   wrhits: 21 # Write row hits
   mlh: # latency histogram for memory requests
    0: 0
    1: 0
    2: 0
    3: 0
    4: 0
    5: 0
    6: 0
    7: 0
    8: 0
    9: 0
    10: 0
    11: 0
    12: 1
    13: 26973
    14: 2877
    15: 47
    16: 23
    17: 14
    18: 25
    19: 21
    20: 10
    21: 11
    22: 37
    23: 5300
    24: 30
    25: 70
    26: 30
    27: 39
    28: 25
    29: 23
    30: 24
    31: 25
    32: 37
    33: 16
    34: 13
    35: 20
    36: 20
    37: 22
    38: 21
    39: 21
    40: 23
    41: 18
    42: 25
    43: 12
    44: 2
    45: 3
    46: 6
    47: 14
    48: 10
    49: 8
    50: 3
    51: 1
    52: 7
    53: 2
    54: 0
    55: 0
    56: 0
    57: 0
    58: 0
    59: 0
    60: 0
    61: 0
    62: 0
    63: 0
    64: 0
    65: 0
    66: 0
    67: 0
    68: 0
    69: 0
    70: 0
    71: 0
    72: 0
    73: 0
    74: 0
    75: 0
    76: 0
    77: 0
    78: 0
    79: 0
    80: 0
    81: 0
    82: 0
    83: 0
    84: 0
    85: 0
    86: 0
    87: 0
    88: 0
    89: 0
    90: 0
    91: 0
    92: 0
    93: 0
    94: 0
    95: 0
    96: 0
    97: 0
    98: 0
    99: 0
  mem-1: # Memory controller stats
   rd: 35998 # Read requests
   wr: 26821 # Write requests
   rdlat: 5454264 # Total latency experienced by read requests
   wrlat: 4010596 # Total latency experienced by write requests
   rdhits: 5 # Read row hits
   wrhits: 21 # Write row hits
   mlh: # latency histogram for memory requests
    0: 0
    1: 0
    2: 0
    3: 0
    4: 0
    5: 0
    6: 0
    7: 0
    8: 0
    9: 0
    10: 0
    11: 1
    12: 0
    13: 27190
    14: 2885
    15: 32
    16: 20
    17: 9
    18: 13
    19: 18
    20: 10
    21: 20
    22: 30
    23: 5259
    24: 23
    25: 56
    26: 17
    27: 22
    28: 23
    29: 21
    30: 22
    31: 19
    32: 23
    33: 19
    34: 22
    35: 19
    36: 20
    37: 10
    38: 18
    39: 18
    40: 15
    41: 23
    42: 19
    43: 13
    44: 6
    45: 2
    46: 9
    47: 37
    48: 7
    49: 7
    50: 8
    51: 4
    52: 4
    53: 5
    54: 0
    55: 0
    56: 0
    57: 0
    58: 0
    59: 0
    60: 0
    61: 0
    62: 0
    63: 0
    64: 0
    65: 0
    66: 0
    67: 0
    68: 0
    69: 0
    70: 0
    71: 0
    72: 0
    73: 0
    74: 0
    75: 0
    76: 0
    77: 0
    78: 0
    79: 0
    80: 0
    81: 0
    82: 0
    83: 0
    84: 0
    85: 0
    86: 0
    87: 0
    88: 0
    89: 0
    90: 0
    91: 0
    92: 0
    93: 0
    94: 0
    95: 0
    96: 0
    97: 0
    98: 0
    99: 0
  mem-2: # Memory controller stats
   rd: 35950 # Read requests
   wr: 26749 # Write requests
   rdlat: 5467892 # Total latency experienced by read requests
   wrlat: 4004469 # Total latency experienced by write requests
   rdhits: 5 # Read row hits
   wrhits: 24 # Write row hits
   mlh: # latency histogram for memory requests
    0: 0
    1: 0
    2: 0
    3: 0
    4: 0
    5: 0
    6: 0
    7: 0
    8: 0
    9: 0
    10: 0
    11: 0
    12: 0
    13: 27021
    14: 2910
    15: 42
    16: 20
    17: 11
    18: 14
    19: 17
    20: 16
    21: 17
    22: 28
    23: 5267
    24: 26
    25: 70
    26: 18
    27: 26
    28: 19
    29: 26
    30: 20
    31: 17
    32: 21
    33: 19
    34: 29
    35: 23
    36: 16
    37: 16
    38: 17
    39: 31
    40: 29
    41: 22
    42: 29
    43: 14
    44: 3
    45: 9
    46: 7
    47: 32
    48: 14
    49: 6
    50: 5
    51: 7
    52: 11
    53: 4
    54: 1
    55: 0
    56: 0
    57: 0
    58: 0
    59: 0
    60: 0
    61: 0
    62: 0
    63: 0
    64: 0
    65: 0
    66: 0
    67: 0
    68: 0
    69: 0
    70: 0
    71: 0
    72: 0
    73: 0
    74: 0
    75: 0
    76: 0
    77: 0
    78: 0
    79: 0
    80: 0
    81: 0
    82: 0
    83: 0
    84: 0
    85: 0
    86: 0
    87: 0
    88: 0
    89: 0
    90: 0
    91: 0
    92: 0
    93: 0
    94: 0
    95: 0
    96: 0
    97: 0
    98: 0
    99: 0
  mem-3: # Memory controller stats
   rd: 35942 # Read requests
   wr: 26828 # Write requests
   rdlat: 5455607 # Total latency experienced by read requests
   wrlat: 4020627 # Total latency experienced by write requests
   rdhits: 7 # Read row hits
   wrhits: 20 # Write row hits
   mlh: # latency histogram for memory requests
    0: 0
    1: 0
    2: 0
    3: 0
    4: 0
    5: 0
    6: 0
    7: 0
    8: 0
    9: 0
    10: 0
    11: 0
    12: 2
    13: 27102
    14: 2862
    15: 42
    16: 23
    17: 18
    18: 13
    19: 14
    20: 8
    21: 8
    22: 37
    23: 5255
    24: 31
    25: 60
    26: 23
    27: 29
    28: 29
    29: 12
    30: 21
    31: 22
    32: 26
    33: 15
    34: 17
    35: 18
    36: 21
    37: 15
    38: 24
    39: 31
    40: 29
    41: 16
    42: 21
    43: 16
    44: 2
    45: 1
    46: 5
    47: 27
    48: 15
    49: 8
    50: 5
    51: 3
    52: 8
    53: 8
    54: 0
    55: 0
    56: 0
    57: 0
    58: 0
    59: 0
    60: 0
    61: 0
    62: 0
    63: 0
    64: 0
    65: 0
    66: 0
    67: 0
    68: 0
    69: 0
    70: 0
    71: 0
    72: 0
    73: 0
    74: 0
    75: 0
    76: 0
    77: 0
    78: 0
    79: 0
    80: 0
    81: 0
    82: 0
    83: 0
    84: 0
    85: 0
    86: 0
    87: 0
    88: 0
    89: 0
    90: 0
    91: 0
    92: 0
    93: 0
    94: 0
    95: 0
    96: 0
    97: 0
    98: 0
    99: 0
 sched: # Scheduler stats
  thCr: 1 # Threads created
  thFn: 1 # Threads finished
  schedEvs: 1 # Schedule events
  waitEvs: 0 # Wait events
  handoffEvs: 0 # Handoff events
  sleepEvs: 0 # Sleep events
  idlePhases: 0 # Phases with no thread active
  idlePeriods: 0 # Periods with no thread active
  occHist: # Occupancy histogram
   0: 0
   1: 6377
  rqSzHist: # Run queue size histogram
   0: 6377
   1: 0
   2: 0
   3: 0
   4: 0
   5: 0
   6: 0
   7: 0
   8: 0
   9: 0
   10: 0
   11: 0
   12: 0
   13: 0
   14: 0
   15: 0
   16: 0
 procCycles: # Per-process unhalted core cycles
  0: 63770749
  1: 0
  2: 0
  3: 0
  4: 0
  5: 0
  6: 0
  7: 0
  8: 0
  9: 0
  10: 0
  11: 0
  12: 0
  13: 0
  14: 0
  15: 0
  16: 0
  17: 0
  18: 0
  19: 0
  20: 0
  21: 0
  22: 0
  23: 0
  24: 0
  25: 0
  26: 0
  27: 0
  28: 0
  29: 0
  30: 0
  31: 0
  32: 0
  33: 0
  34: 0
  35: 0
  36: 0
  37: 0
  38: 0
  39: 0
  40: 0
  41: 0
  42: 0
  43: 0
  44: 0
  45: 0
  46: 0
  47: 0
  48: 0
  49: 0
  50: 0
  51: 0
  52: 0
  53: 0
  54: 0
  55: 0
  56: 0
  57: 0
  58: 0
  59: 0
  60: 0
  61: 0
  62: 0
  63: 0
 procInstrs: # Per-process instructions
  0: 100001107
  1: 0
  2: 0
  3: 0
  4: 0
  5: 0
  6: 0
  7: 0
  8: 0
  9: 0
  10: 0
  11: 0
  12: 0
  13: 0
  14: 0
  15: 0
  16: 0
  17: 0
  18: 0
  19: 0
  20: 0
  21: 0
  22: 0
  23: 0
  24: 0
  25: 0
  26: 0
  27: 0
  28: 0
  29: 0
  30: 0
  31: 0
  32: 0
  33: 0
  34: 0
  35: 0
  36: 0
  37: 0
  38: 0
  39: 0
  40: 0
  41: 0
  42: 0
  43: 0
  44: 0
  45: 0
  46: 0
  47: 0
  48: 0
  49: 0
  50: 0
  51: 0
  52: 0
  53: 0
  54: 0
  55: 0
  56: 0
  57: 0
  58: 0
  59: 0
  60: 0
  61: 0
  62: 0
  63: 0
 heartbeats: # Per-process heartbeats
  0: 0
  1: 0
  2: 0
  3: 0
  4: 0
  5: 0
  6: 0
  7: 0
  8: 0
  9: 0
  10: 0
  11: 0
  12: 0
  13: 0
  14: 0
  15: 0
  16: 0
  17: 0
  18: 0
  19: 0
  20: 0
  21: 0
  22: 0
  23: 0
  24: 0
  25: 0
  26: 0
  27: 0
  28: 0
  29: 0
  30: 0
  31: 0
  32: 0
  33: 0
  34: 0
  35: 0
  36: 0
  37: 0
  38: 0
  39: 0
  40: 0
  41: 0
  42: 0
  43: 0
  44: 0
  45: 0
  46: 0
  47: 0
  48: 0
  49: 0
  50: 0
  51: 0
  52: 0
  53: 0
  54: 0
  55: 0
  56: 0
  57: 0
  58: 0
  59: 0
  60: 0
  61: 0
  62: 0
  63: 0
===
