# zsim stats
===
root: # Stats
 contention: # Contention simulation stats
  domain-0: # Domain stats
   time: 2763065430 # Weave simulation time
 time: # Simulator time breakdown
  init: 698352133903
  bound: 12799365100
  weave: 2898256924
  ff: 0
 trigger: 20000 # Reason for this stats dump
 phase: 14703 # Simulated phases
 westmere: # Core stats
  westmere-0: # Core stats
   cycles: 147032264 # Simulated unhalted cycles
   cCycles: 26951817 # Cycles due to contention stalls
   instrs: 100003642 # Simulated instructions
   uops: 114166811 # Retired micro-ops
   bbls: 2330514 # Basic blocks
   approxInstrs: 553216 # Instrs with approx uop decoding
   mispredBranches: 3146 # Mispredicted branches
   condBranches: 916876 # conditional branches
 l1i: # Cache stats
  l1i-0: # Filter cache stats
   fhGETS: 9225931 # Filtered GETS hits
   fhGETX: 0 # Filtered GETX hits
   hGETS: 6 # GETS hits
   hGETX: 0 # GETX hits
   mGETS: 120 # GETS misses
   mGETXIM: 0 # GETX I->M misses
   mGETXSM: 0 # GETX S->M misses (upgrade misses)
   PUTS: 0 # Clean evictions (from lower level)
   PUTX: 0 # Dirty evictions (from lower level)
   INV: 0 # Invalidates (from upper level)
   INVX: 0 # Downgrades (from upper level)
   FWD: 0 # Forwards (from upper level)
   latGETnl: 14880 # GET request latency on next level
   latGETnet: 0 # GET request latency on network to next level
 l1d: # Cache stats
  l1d-0: # Filter cache stats
   fhGETS: 17981655 # Filtered GETS hits
   fhGETX: 5283859 # Filtered GETX hits
   hGETS: 1001923 # GETS hits
   hGETX: 873334 # GETX hits
   mGETS: 788905 # GETS misses
   mGETXIM: 4305904 # GETX I->M misses
   mGETXSM: 0 # GETX S->M misses (upgrade misses)
   PUTS: 0 # Clean evictions (from lower level)
   PUTX: 0 # Dirty evictions (from lower level)
   INV: 0 # Invalidates (from upper level)
   INVX: 0 # Downgrades (from upper level)
   FWD: 0 # Forwards (from upper level)
   latGETnl: 403919036 # GET request latency on next level
   latGETnet: 0 # GET request latency on network to next level
 l2: # Cache stats
  l2-0: # Cache stats
   hGETS: 96 # GETS hits
   hGETX: 1998374 # GETX hits
   mGETS: 788929 # GETS misses
   mGETXIM: 2307530 # GETX I->M misses
   mGETXSM: 0 # GETX S->M misses (upgrade misses)
   PUTS: 788388 # Clean evictions (from lower level)
   PUTX: 4305909 # Dirty evictions (from lower level)
   INV: 0 # Invalidates (from upper level)
   INVX: 0 # Downgrades (from upper level)
   FWD: 0 # Forwards (from upper level)
   latGETnl: 352984626 # GET request latency on next level
   latGETnet: 0 # GET request latency on network to next level
 l3: # Cache stats
  l3-0: # Cache stats
   hGETS: 65 # GETS hits
   hGETX: 65 # GETX hits
   mGETS: 788864 # GETS misses
   mGETXIM: 2307465 # GETX I->M misses
   mGETXSM: 0 # GETX S->M misses (upgrade misses)
   PUTS: 784828 # Clean evictions (from lower level)
   PUTX: 2307535 # Dirty evictions (from lower level)
   INV: 0 # Invalidates (from upper level)
   INVX: 0 # Downgrades (from upper level)
   FWD: 0 # Forwards (from upper level)
   latGETnl: 278669610 # GET request latency on next level
   latGETnet: 0 # GET request latency on network to next level
 mem: # Memory controller stats
  mem-0: # Memory controller stats
   rd: 774071 # Read requests
   wr: 574476 # Write requests
   rdlat: 110500091 # Total latency experienced by read requests
   wrlat: 101263770 # Total latency experienced by write requests
   rdhits: 54 # Read row hits
   wrhits: 12181 # Write row hits
   mlh: # latency histogram for memory requests
    0: 0
    1: 0
    2: 0
    3: 0
    4: 0
    5: 0
    6: 0
    7: 0
    8: 0
    9: 0
    10: 0
    11: 4
    12: 1
    13: 452096
    14: 155592
    15: 108593
    16: 6747
    17: 30924
    18: 1111
    19: 1619
    20: 2284
    21: 3267
    22: 2146
    23: 1692
    24: 902
    25: 589
    26: 419
    27: 543
    28: 540
    29: 400
    30: 363
    31: 348
    32: 337
    33: 361
    34: 369
    35: 269
    36: 234
    37: 179
    38: 182
    39: 362
    40: 274
    41: 344
    42: 283
    43: 136
    44: 97
    45: 42
    46: 69
    47: 63
    48: 139
    49: 56
    50: 19
    51: 15
    52: 17
    53: 21
    54: 14
    55: 4
    56: 1
    57: 3
    58: 0
    59: 1
    60: 0
    61: 0
    62: 0
    63: 0
    64: 0
    65: 0
    66: 0
    67: 0
    68: 0
    69: 0
    70: 0
    71: 0
    72: 0
    73: 0
    74: 0
    75: 0
    76: 0
    77: 0
    78: 0
    79: 0
    80: 0
    81: 0
    82: 0
    83: 0
    84: 0
    85: 0
    86: 0
    87: 0
    88: 0
    89: 0
    90: 0
    91: 0
    92: 0
    93: 0
    94: 0
    95: 0
    96: 0
    97: 0
    98: 0
    99: 0
  mem-1: # Memory controller stats
   rd: 774076 # Read requests
   wr: 574487 # Write requests
   rdlat: 110417146 # Total latency experienced by read requests
   wrlat: 100608100 # Total latency experienced by write requests
   rdhits: 79 # Read row hits
   wrhits: 13242 # Write row hits
   mlh: # latency histogram for memory requests
    0: 0
    1: 0
    2: 0
    3: 0
    4: 0
    5: 0
    6: 0
    7: 0
    8: 0
    9: 0
    10: 0
    11: 2
    12: 1
    13: 452123
    14: 156052
    15: 107086
    16: 8794
    17: 31359
    18: 834
    19: 1607
    20: 2003
    21: 2921
    22: 1963
    23: 1568
    24: 840
    25: 692
    26: 408
    27: 498
    28: 408
    29: 385
    30: 367
    31: 421
    32: 371
    33: 389
    34: 340
    35: 263
    36: 204
    37: 165
    38: 182
    39: 373
    40: 253
    41: 262
    42: 280
    43: 149
    44: 95
    45: 54
    46: 62
    47: 57
    48: 134
    49: 57
    50: 15
    51: 8
    52: 9
    53: 9
    54: 9
    55: 3
    56: 0
    57: 0
    58: 1
    59: 0
    60: 0
    61: 0
    62: 0
    63: 0
    64: 0
    65: 0
    66: 0
    67: 0
    68: 0
    69: 0
    70: 0
    71: 0
    72: 0
    73: 0
    74: 0
    75: 0
    76: 0
    77: 0
    78: 0
    79: 0
    80: 0
    81: 0
    82: 0
    83: 0
    84: 0
    85: 0
    86: 0
    87: 0
    88: 0
    89: 0
    90: 0
    91: 0
    92: 0
    93: 0
    94: 0
    95: 0
    96: 0
    97: 0
    98: 0
    99: 0
  mem-2: # Memory controller stats
   rd: 774072 # Read requests
   wr: 574484 # Write requests
   rdlat: 110499459 # Total latency experienced by read requests
   wrlat: 101181443 # Total latency experienced by write requests
   rdhits: 46 # Read row hits
   wrhits: 12968 # Write row hits
   mlh: # latency histogram for memory requests
    0: 0
    1: 0
    2: 0
    3: 0
    4: 0
    5: 0
    6: 0
    7: 0
    8: 0
    9: 0
    10: 0
    11: 3
    12: 2
    13: 451671
    14: 155524
    15: 109136
    16: 6904
    17: 30646
    18: 1097
    19: 1616
    20: 2352
    21: 3313
    22: 2197
    23: 1741
    24: 926
    25: 618
    26: 374
    27: 529
    28: 457
    29: 363
    30: 345
    31: 358
    32: 356
    33: 385
    34: 366
    35: 286
    36: 236
    37: 169
    38: 172
    39: 357
    40: 274
    41: 302
    42: 294
    43: 150
    44: 109
    45: 35
    46: 73
    47: 71
    48: 136
    49: 57
    50: 24
    51: 17
    52: 10
    53: 9
    54: 10
    55: 1
    56: 0
    57: 0
    58: 1
    59: 0
    60: 0
    61: 0
    62: 0
    63: 0
    64: 0
    65: 0
    66: 0
    67: 0
    68: 0
    69: 0
    70: 0
    71: 0
    72: 0
    73: 0
    74: 0
    75: 0
    76: 0
    77: 0
    78: 0
    79: 0
    80: 0
    81: 0
    82: 0
    83: 0
    84: 0
    85: 0
    86: 0
    87: 0
    88: 0
    89: 0
    90: 0
    91: 0
    92: 0
    93: 0
    94: 0
    95: 0
    96: 0
    97: 0
    98: 0
    99: 0
  mem-3: # Memory controller stats
   rd: 774053 # Read requests
   wr: 574495 # Write requests
   rdlat: 110455526 # Total latency experienced by read requests
   wrlat: 100605980 # Total latency experienced by write requests
   rdhits: 56 # Read row hits
   wrhits: 12715 # Write row hits
   mlh: # latency histogram for memory requests
    0: 0
    1: 0
    2: 0
    3: 0
    4: 0
    5: 0
    6: 0
    7: 0
    8: 0
    9: 1
    10: 0
    11: 2
    12: 1
    13: 451654
    14: 155661
    15: 107731
    16: 8594
    17: 31434
    18: 880
    19: 1597
    20: 2034
    21: 2977
    22: 2011
    23: 1658
    24: 895
    25: 696
    26: 417
    27: 497
    28: 445
    29: 355
    30: 330
    31: 359
    32: 345
    33: 387
    34: 358
    35: 267
    36: 238
    37: 182
    38: 172
    39: 402
    40: 251
    41: 275
    42: 289
    43: 143
    44: 89
    45: 41
    46: 66
    47: 73
    48: 135
    49: 61
    50: 12
    51: 9
    52: 7
    53: 7
    54: 10
    55: 3
    56: 1
    57: 1
    58: 0
    59: 0
    60: 0
    61: 0
    62: 0
    63: 0
    64: 0
    65: 0
    66: 0
    67: 0
    68: 0
    69: 0
    70: 0
    71: 0
    72: 0
    73: 0
    74: 0
    75: 0
    76: 0
    77: 0
    78: 0
    79: 0
    80: 0
    81: 0
    82: 0
    83: 0
    84: 0
    85: 0
    86: 0
    87: 0
    88: 0
    89: 0
    90: 0
    91: 0
    92: 0
    93: 0
    94: 0
    95: 0
    96: 0
    97: 0
    98: 0
    99: 0
 sched: # Scheduler stats
  thCr: 1 # Threads created
  thFn: 1 # Threads finished
  schedEvs: 1 # Schedule events
  waitEvs: 0 # Wait events
  handoffEvs: 0 # Handoff events
  sleepEvs: 0 # Sleep events
  idlePhases: 0 # Phases with no thread active
  idlePeriods: 0 # Periods with no thread active
  occHist: # Occupancy histogram
   0: 0
   1: 14703
  rqSzHist: # Run queue size histogram
   0: 14703
   1: 0
   2: 0
   3: 0
   4: 0
   5: 0
   6: 0
   7: 0
   8: 0
   9: 0
   10: 0
   11: 0
   12: 0
   13: 0
   14: 0
   15: 0
   16: 0
 procCycles: # Per-process unhalted core cycles
  0: 147032264
  1: 0
  2: 0
  3: 0
  4: 0
  5: 0
  6: 0
  7: 0
  8: 0
  9: 0
  10: 0
  11: 0
  12: 0
  13: 0
  14: 0
  15: 0
  16: 0
  17: 0
  18: 0
  19: 0
  20: 0
  21: 0
  22: 0
  23: 0
  24: 0
  25: 0
  26: 0
  27: 0
  28: 0
  29: 0
  30: 0
  31: 0
  32: 0
  33: 0
  34: 0
  35: 0
  36: 0
  37: 0
  38: 0
  39: 0
  40: 0
  41: 0
  42: 0
  43: 0
  44: 0
  45: 0
  46: 0
  47: 0
  48: 0
  49: 0
  50: 0
  51: 0
  52: 0
  53: 0
  54: 0
  55: 0
  56: 0
  57: 0
  58: 0
  59: 0
  60: 0
  61: 0
  62: 0
  63: 0
 procInstrs: # Per-process instructions
  0: 100003642
  1: 0
  2: 0
  3: 0
  4: 0
  5: 0
  6: 0
  7: 0
  8: 0
  9: 0
  10: 0
  11: 0
  12: 0
  13: 0
  14: 0
  15: 0
  16: 0
  17: 0
  18: 0
  19: 0
  20: 0
  21: 0
  22: 0
  23: 0
  24: 0
  25: 0
  26: 0
  27: 0
  28: 0
  29: 0
  30: 0
  31: 0
  32: 0
  33: 0
  34: 0
  35: 0
  36: 0
  37: 0
  38: 0
  39: 0
  40: 0
  41: 0
  42: 0
  43: 0
  44: 0
  45: 0
  46: 0
  47: 0
  48: 0
  49: 0
  50: 0
  51: 0
  52: 0
  53: 0
  54: 0
  55: 0
  56: 0
  57: 0
  58: 0
  59: 0
  60: 0
  61: 0
  62: 0
  63: 0
 heartbeats: # Per-process heartbeats
  0: 0
  1: 0
  2: 0
  3: 0
  4: 0
  5: 0
  6: 0
  7: 0
  8: 0
  9: 0
  10: 0
  11: 0
  12: 0
  13: 0
  14: 0
  15: 0
  16: 0
  17: 0
  18: 0
  19: 0
  20: 0
  21: 0
  22: 0
  23: 0
  24: 0
  25: 0
  26: 0
  27: 0
  28: 0
  29: 0
  30: 0
  31: 0
  32: 0
  33: 0
  34: 0
  35: 0
  36: 0
  37: 0
  38: 0
  39: 0
  40: 0
  41: 0
  42: 0
  43: 0
  44: 0
  45: 0
  46: 0
  47: 0
  48: 0
  49: 0
  50: 0
  51: 0
  52: 0
  53: 0
  54: 0
  55: 0
  56: 0
  57: 0
  58: 0
  59: 0
  60: 0
  61: 0
  62: 0
  63: 0
===
