# zsim stats
===
root: # Stats
 contention: # Contention simulation stats
  domain-0: # Domain stats
   time: 6869775183 # Weave simulation time
 time: # Simulator time breakdown
  init: 418648322490
  bound: 24737611009
  weave: 7468999823
  ff: 0
 trigger: 20000 # Reason for this stats dump
 phase: 65226 # Simulated phases
 westmere: # Core stats
  westmere-0: # Core stats
   cycles: 652263007 # Simulated unhalted cycles
   cCycles: 148515968 # Cycles due to contention stalls
   instrs: 100001130 # Simulated instructions
   uops: 101913228 # Retired micro-ops
   bbls: 27652798 # Basic blocks
   approxInstrs: 22402 # Instrs with approx uop decoding
   mispredBranches: 1591222 # Mispredicted branches
   condBranches: 25801078 # conditional branches
 l1i: # Cache stats
  l1i-0: # Filter cache stats
   fhGETS: 35460097 # Filtered GETS hits
   fhGETX: 0 # Filtered GETX hits
   hGETS: 0 # GETS hits
   hGETX: 0 # GETX hits
   mGETS: 47 # GETS misses
   mGETXIM: 0 # GETX I->M misses
   mGETXSM: 0 # GETX S->M misses (upgrade misses)
   PUTS: 0 # Clean evictions (from lower level)
   PUTX: 0 # Dirty evictions (from lower level)
   INV: 0 # Invalidates (from upper level)
   INVX: 0 # Downgrades (from upper level)
   FWD: 0 # Forwards (from upper level)
   latGETnl: 5828 # GET request latency on next level
   latGETnet: 0 # GET request latency on network to next level
 l1d: # Cache stats
  l1d-0: # Filter cache stats
   fhGETS: 22269996 # Filtered GETS hits
   fhGETX: 2292684 # Filtered GETX hits
   hGETS: 1844166 # GETS hits
   hGETX: 3241136 # GETX hits
   mGETS: 12462800 # GETS misses
   mGETXIM: 257386 # GETX I->M misses
   mGETXSM: 0 # GETX S->M misses (upgrade misses)
   PUTS: 0 # Clean evictions (from lower level)
   PUTX: 0 # Dirty evictions (from lower level)
   INV: 0 # Invalidates (from upper level)
   INVX: 0 # Downgrades (from upper level)
   FWD: 0 # Forwards (from upper level)
   latGETnl: 1101599310 # GET request latency on next level
   latGETnet: 0 # GET request latency on network to next level
 l2: # Cache stats
  l2-0: # Cache stats
   hGETS: 2418830 # GETS hits
   hGETX: 84176 # GETX hits
   mGETS: 10044017 # GETS misses
   mGETXIM: 173210 # GETX I->M misses
   mGETXSM: 0 # GETX S->M misses (upgrade misses)
   PUTS: 9460354 # Clean evictions (from lower level)
   PUTX: 3259320 # Dirty evictions (from lower level)
   INV: 0 # Invalidates (from upper level)
   INVX: 0 # Downgrades (from upper level)
   FWD: 0 # Forwards (from upper level)
   latGETnl: 974402808 # GET request latency on next level
   latGETnet: 0 # GET request latency on network to next level
 l3: # Cache stats
  l3-0: # Cache stats
   hGETS: 2064094 # GETS hits
   hGETX: 51029 # GETX hits
   mGETS: 7979923 # GETS misses
   mGETXIM: 122181 # GETX I->M misses
   mGETXSM: 0 # GETX S->M misses (upgrade misses)
   PUTS: 7440737 # Clean evictions (from lower level)
   PUTX: 2772394 # Dirty evictions (from lower level)
   INV: 0 # Invalidates (from upper level)
   INVX: 0 # Downgrades (from upper level)
   FWD: 0 # Forwards (from upper level)
   latGETnl: 729189360 # GET request latency on next level
   latGETnet: 0 # GET request latency on network to next level
 mem: # Memory controller stats
  mem-0: # Memory controller stats
   rd: 2022949 # Read requests
   wr: 655523 # Write requests
   rdlat: 275429500 # Total latency experienced by read requests
   wrlat: 95503947 # Total latency experienced by write requests
   rdhits: 2438 # Read row hits
   wrhits: 2095 # Write row hits
   mlh: # latency histogram for memory requests
    0: 0
    1: 0
    2: 0
    3: 0
    4: 0
    5: 0
    6: 0
    7: 0
    8: 0
    9: 0
    10: 1
    11: 300
    12: 434
    13: 1783748
    14: 140409
    15: 49214
    16: 14066
    17: 2818
    18: 1010
    19: 1041
    20: 1200
    21: 1381
    22: 1012
    23: 1452
    24: 3123
    25: 1853
    26: 493
    27: 552
    28: 601
    29: 699
    30: 1062
    31: 1445
    32: 1150
    33: 1238
    34: 1324
    35: 1430
    36: 1359
    37: 1240
    38: 1180
    39: 1212
    40: 1145
    41: 1120
    42: 1114
    43: 507
    44: 221
    45: 156
    46: 171
    47: 244
    48: 147
    49: 41
    50: 12
    51: 13
    52: 2
    53: 3
    54: 3
    55: 1
    56: 1
    57: 0
    58: 1
    59: 0
    60: 0
    61: 0
    62: 0
    63: 0
    64: 0
    65: 0
    66: 0
    67: 0
    68: 0
    69: 0
    70: 0
    71: 0
    72: 0
    73: 0
    74: 0
    75: 0
    76: 0
    77: 0
    78: 0
    79: 0
    80: 0
    81: 0
    82: 0
    83: 0
    84: 0
    85: 0
    86: 0
    87: 0
    88: 0
    89: 0
    90: 0
    91: 0
    92: 0
    93: 0
    94: 0
    95: 0
    96: 0
    97: 0
    98: 0
    99: 0
  mem-1: # Memory controller stats
   rd: 2021159 # Read requests
   wr: 655103 # Write requests
   rdlat: 275204391 # Total latency experienced by read requests
   wrlat: 95651075 # Total latency experienced by write requests
   rdhits: 2328 # Read row hits
   wrhits: 2293 # Write row hits
   mlh: # latency histogram for memory requests
    0: 0
    1: 0
    2: 0
    3: 0
    4: 0
    5: 0
    6: 0
    7: 0
    8: 0
    9: 0
    10: 0
    11: 304
    12: 498
    13: 1783215
    14: 139252
    15: 49239
    16: 14014
    17: 2600
    18: 1068
    19: 1029
    20: 1249
    21: 1357
    22: 963
    23: 1321
    24: 2983
    25: 1957
    26: 549
    27: 578
    28: 631
    29: 760
    30: 1135
    31: 1384
    32: 1165
    33: 1186
    34: 1292
    35: 1424
    36: 1352
    37: 1224
    38: 1232
    39: 1186
    40: 1132
    41: 1144
    42: 1135
    43: 535
    44: 234
    45: 182
    46: 158
    47: 245
    48: 152
    49: 45
    50: 14
    51: 11
    52: 10
    53: 8
    54: 4
    55: 0
    56: 0
    57: 1
    58: 0
    59: 0
    60: 0
    61: 1
    62: 1
    63: 0
    64: 0
    65: 0
    66: 0
    67: 0
    68: 0
    69: 0
    70: 0
    71: 0
    72: 0
    73: 0
    74: 0
    75: 0
    76: 0
    77: 0
    78: 0
    79: 0
    80: 0
    81: 0
    82: 0
    83: 0
    84: 0
    85: 0
    86: 0
    87: 0
    88: 0
    89: 0
    90: 0
    91: 0
    92: 0
    93: 0
    94: 0
    95: 0
    96: 0
    97: 0
    98: 0
    99: 0
  mem-2: # Memory controller stats
   rd: 2040379 # Read requests
   wr: 654844 # Write requests
   rdlat: 277918937 # Total latency experienced by read requests
   wrlat: 95625081 # Total latency experienced by write requests
   rdhits: 2412 # Read row hits
   wrhits: 2238 # Write row hits
   mlh: # latency histogram for memory requests
    0: 0
    1: 0
    2: 0
    3: 0
    4: 0
    5: 0
    6: 0
    7: 0
    8: 0
    9: 0
    10: 0
    11: 290
    12: 622
    13: 1794061
    14: 147390
    15: 49739
    16: 12909
    17: 2423
    18: 1038
    19: 1076
    20: 1104
    21: 1278
    22: 954
    23: 1566
    24: 3691
    25: 2041
    26: 471
    27: 541
    28: 649
    29: 709
    30: 1104
    31: 1441
    32: 1169
    33: 1208
    34: 1369
    35: 1455
    36: 1427
    37: 1156
    38: 1197
    39: 1207
    40: 1170
    41: 1170
    42: 1174
    43: 514
    44: 235
    45: 192
    46: 144
    47: 244
    48: 163
    49: 39
    50: 17
    51: 8
    52: 6
    53: 8
    54: 4
    55: 4
    56: 1
    57: 1
    58: 0
    59: 0
    60: 0
    61: 0
    62: 0
    63: 0
    64: 0
    65: 0
    66: 0
    67: 0
    68: 0
    69: 0
    70: 0
    71: 0
    72: 0
    73: 0
    74: 0
    75: 0
    76: 0
    77: 0
    78: 0
    79: 0
    80: 0
    81: 0
    82: 0
    83: 0
    84: 0
    85: 0
    86: 0
    87: 0
    88: 0
    89: 0
    90: 0
    91: 0
    92: 0
    93: 0
    94: 0
    95: 0
    96: 0
    97: 0
    98: 0
    99: 0
  mem-3: # Memory controller stats
   rd: 2017552 # Read requests
   wr: 654630 # Write requests
   rdlat: 274667156 # Total latency experienced by read requests
   wrlat: 95452892 # Total latency experienced by write requests
   rdhits: 2464 # Read row hits
   wrhits: 2208 # Write row hits
   mlh: # latency histogram for memory requests
    0: 0
    1: 0
    2: 0
    3: 0
    4: 0
    5: 0
    6: 0
    7: 0
    8: 0
    9: 0
    10: 0
    11: 404
    12: 452
    13: 1780166
    14: 139415
    15: 48446
    16: 14163
    17: 2397
    18: 1056
    19: 1019
    20: 1207
    21: 1462
    22: 1023
    23: 1287
    24: 3508
    25: 1835
    26: 448
    27: 595
    28: 647
    29: 744
    30: 1087
    31: 1380
    32: 1123
    33: 1140
    34: 1318
    35: 1400
    36: 1366
    37: 1188
    38: 1144
    39: 1178
    40: 1162
    41: 1135
    42: 1100
    43: 510
    44: 233
    45: 174
    46: 133
    47: 238
    48: 169
    49: 46
    50: 21
    51: 15
    52: 3
    53: 9
    54: 3
    55: 2
    56: 0
    57: 0
    58: 0
    59: 0
    60: 1
    61: 0
    62: 0
    63: 0
    64: 0
    65: 0
    66: 0
    67: 0
    68: 0
    69: 0
    70: 0
    71: 0
    72: 0
    73: 0
    74: 0
    75: 0
    76: 0
    77: 0
    78: 0
    79: 0
    80: 0
    81: 0
    82: 0
    83: 0
    84: 0
    85: 0
    86: 0
    87: 0
    88: 0
    89: 0
    90: 0
    91: 0
    92: 0
    93: 0
    94: 0
    95: 0
    96: 0
    97: 0
    98: 0
    99: 0
 sched: # Scheduler stats
  thCr: 1 # Threads created
  thFn: 1 # Threads finished
  schedEvs: 1 # Schedule events
  waitEvs: 0 # Wait events
  handoffEvs: 0 # Handoff events
  sleepEvs: 0 # Sleep events
  idlePhases: 0 # Phases with no thread active
  idlePeriods: 0 # Periods with no thread active
  occHist: # Occupancy histogram
   0: 0
   1: 65226
  rqSzHist: # Run queue size histogram
   0: 65226
   1: 0
   2: 0
   3: 0
   4: 0
   5: 0
   6: 0
   7: 0
   8: 0
   9: 0
   10: 0
   11: 0
   12: 0
   13: 0
   14: 0
   15: 0
   16: 0
 procCycles: # Per-process unhalted core cycles
  0: 652263007
  1: 0
  2: 0
  3: 0
  4: 0
  5: 0
  6: 0
  7: 0
  8: 0
  9: 0
  10: 0
  11: 0
  12: 0
  13: 0
  14: 0
  15: 0
  16: 0
  17: 0
  18: 0
  19: 0
  20: 0
  21: 0
  22: 0
  23: 0
  24: 0
  25: 0
  26: 0
  27: 0
  28: 0
  29: 0
  30: 0
  31: 0
  32: 0
  33: 0
  34: 0
  35: 0
  36: 0
  37: 0
  38: 0
  39: 0
  40: 0
  41: 0
  42: 0
  43: 0
  44: 0
  45: 0
  46: 0
  47: 0
  48: 0
  49: 0
  50: 0
  51: 0
  52: 0
  53: 0
  54: 0
  55: 0
  56: 0
  57: 0
  58: 0
  59: 0
  60: 0
  61: 0
  62: 0
  63: 0
 procInstrs: # Per-process instructions
  0: 100001130
  1: 0
  2: 0
  3: 0
  4: 0
  5: 0
  6: 0
  7: 0
  8: 0
  9: 0
  10: 0
  11: 0
  12: 0
  13: 0
  14: 0
  15: 0
  16: 0
  17: 0
  18: 0
  19: 0
  20: 0
  21: 0
  22: 0
  23: 0
  24: 0
  25: 0
  26: 0
  27: 0
  28: 0
  29: 0
  30: 0
  31: 0
  32: 0
  33: 0
  34: 0
  35: 0
  36: 0
  37: 0
  38: 0
  39: 0
  40: 0
  41: 0
  42: 0
  43: 0
  44: 0
  45: 0
  46: 0
  47: 0
  48: 0
  49: 0
  50: 0
  51: 0
  52: 0
  53: 0
  54: 0
  55: 0
  56: 0
  57: 0
  58: 0
  59: 0
  60: 0
  61: 0
  62: 0
  63: 0
 heartbeats: # Per-process heartbeats
  0: 0
  1: 0
  2: 0
  3: 0
  4: 0
  5: 0
  6: 0
  7: 0
  8: 0
  9: 0
  10: 0
  11: 0
  12: 0
  13: 0
  14: 0
  15: 0
  16: 0
  17: 0
  18: 0
  19: 0
  20: 0
  21: 0
  22: 0
  23: 0
  24: 0
  25: 0
  26: 0
  27: 0
  28: 0
  29: 0
  30: 0
  31: 0
  32: 0
  33: 0
  34: 0
  35: 0
  36: 0
  37: 0
  38: 0
  39: 0
  40: 0
  41: 0
  42: 0
  43: 0
  44: 0
  45: 0
  46: 0
  47: 0
  48: 0
  49: 0
  50: 0
  51: 0
  52: 0
  53: 0
  54: 0
  55: 0
  56: 0
  57: 0
  58: 0
  59: 0
  60: 0
  61: 0
  62: 0
  63: 0
===
