# zsim stats
===
root: # Stats
 contention: # Contention simulation stats
  domain-0: # Domain stats
   time: 478709707 # Weave simulation time
 time: # Simulator time breakdown
  init: 2816557928770
  bound: 10660260326
  weave: 556336752
  ff: 0
 trigger: 20000 # Reason for this stats dump
 phase: 8440 # Simulated phases
 westmere: # Core stats
  westmere-0: # Core stats
   cycles: 84400998 # Simulated unhalted cycles
   cCycles: 10016514 # Cycles due to contention stalls
   instrs: 100010010 # Simulated instructions
   uops: 132226652 # Retired micro-ops
   bbls: 1458087 # Basic blocks
   approxInstrs: 967646 # Instrs with approx uop decoding
   mispredBranches: 1055 # Mispredicted branches
   condBranches: 120272 # conditional branches
 l1i: # Cache stats
  l1i-0: # Filter cache stats
   fhGETS: 6774083 # Filtered GETS hits
   fhGETX: 0 # Filtered GETX hits
   hGETS: 4033662 # GETS hits
   hGETX: 0 # GETX hits
   mGETS: 265 # GETS misses
   mGETXIM: 0 # GETX I->M misses
   mGETXSM: 0 # GETX S->M misses (upgrade misses)
   PUTS: 0 # Clean evictions (from lower level)
   PUTX: 0 # Dirty evictions (from lower level)
   INV: 20 # Invalidates (from upper level)
   INVX: 0 # Downgrades (from upper level)
   FWD: 0 # Forwards (from upper level)
   latGETnl: 32860 # GET request latency on next level
   latGETnet: 0 # GET request latency on network to next level
 l1d: # Cache stats
  l1d-0: # Filter cache stats
   fhGETS: 35960377 # Filtered GETS hits
   fhGETX: 9492544 # Filtered GETX hits
   hGETS: 6245154 # GETS hits
   hGETX: 1716922 # GETX hits
   mGETS: 618058 # GETS misses
   mGETXIM: 139996 # GETX I->M misses
   mGETXSM: 0 # GETX S->M misses (upgrade misses)
   PUTS: 0 # Clean evictions (from lower level)
   PUTX: 0 # Dirty evictions (from lower level)
   INV: 6 # Invalidates (from upper level)
   INVX: 0 # Downgrades (from upper level)
   FWD: 0 # Forwards (from upper level)
   latGETnl: 63009338 # GET request latency on next level
   latGETnet: 0 # GET request latency on network to next level
 l2: # Cache stats
  l2-0: # Cache stats
   hGETS: 257740 # GETS hits
   hGETX: 2 # GETX hits
   mGETS: 360583 # GETS misses
   mGETXIM: 139994 # GETX I->M misses
   mGETXSM: 0 # GETX S->M misses (upgrade misses)
   PUTS: 616369 # Clean evictions (from lower level)
   PUTX: 141167 # Dirty evictions (from lower level)
   INV: 0 # Invalidates (from upper level)
   INVX: 0 # Downgrades (from upper level)
   FWD: 0 # Forwards (from upper level)
   latGETnl: 55459008 # GET request latency on next level
   latGETnet: 0 # GET request latency on network to next level
 l3: # Cache stats
  l3-0: # Cache stats
   hGETS: 13787 # GETS hits
   hGETX: 4066 # GETX hits
   mGETS: 346796 # GETS misses
   mGETXIM: 135928 # GETX I->M misses
   mGETXSM: 0 # GETX S->M misses (upgrade misses)
   PUTS: 356546 # Clean evictions (from lower level)
   PUTX: 139935 # Dirty evictions (from lower level)
   INV: 0 # Invalidates (from upper level)
   INVX: 0 # Downgrades (from upper level)
   FWD: 0 # Forwards (from upper level)
   latGETnl: 43445160 # GET request latency on next level
   latGETnet: 0 # GET request latency on network to next level
 mem: # Memory controller stats
  mem-0: # Memory controller stats
   rd: 120656 # Read requests
   wr: 33819 # Write requests
   rdlat: 17590839 # Total latency experienced by read requests
   wrlat: 5552666 # Total latency experienced by write requests
   rdhits: 12 # Read row hits
   wrhits: 116 # Write row hits
   mlh: # latency histogram for memory requests
    0: 0
    1: 0
    2: 0
    3: 0
    4: 0
    5: 0
    6: 0
    7: 0
    8: 0
    9: 0
    10: 0
    11: 0
    12: 0
    13: 78679
    14: 21048
    15: 5991
    16: 1384
    17: 4992
    18: 852
    19: 1057
    20: 874
    21: 126
    22: 477
    23: 118
    24: 258
    25: 3153
    26: 341
    27: 64
    28: 63
    29: 61
    30: 32
    31: 45
    32: 48
    33: 48
    34: 35
    35: 65
    36: 77
    37: 63
    38: 80
    39: 66
    40: 63
    41: 61
    42: 78
    43: 67
    44: 50
    45: 28
    46: 23
    47: 42
    48: 52
    49: 28
    50: 20
    51: 18
    52: 9
    53: 7
    54: 2
    55: 7
    56: 1
    57: 2
    58: 0
    59: 1
    60: 0
    61: 0
    62: 0
    63: 0
    64: 0
    65: 0
    66: 0
    67: 0
    68: 0
    69: 0
    70: 0
    71: 0
    72: 0
    73: 0
    74: 0
    75: 0
    76: 0
    77: 0
    78: 0
    79: 0
    80: 0
    81: 0
    82: 0
    83: 0
    84: 0
    85: 0
    86: 0
    87: 0
    88: 0
    89: 0
    90: 0
    91: 0
    92: 0
    93: 0
    94: 0
    95: 0
    96: 0
    97: 0
    98: 0
    99: 0
  mem-1: # Memory controller stats
   rd: 120690 # Read requests
   wr: 33831 # Write requests
   rdlat: 17599624 # Total latency experienced by read requests
   wrlat: 5543524 # Total latency experienced by write requests
   rdhits: 8 # Read row hits
   wrhits: 115 # Write row hits
   mlh: # latency histogram for memory requests
    0: 0
    1: 0
    2: 0
    3: 0
    4: 0
    5: 0
    6: 0
    7: 0
    8: 0
    9: 0
    10: 0
    11: 0
    12: 0
    13: 78551
    14: 21162
    15: 5984
    16: 1417
    17: 4977
    18: 846
    19: 1079
    20: 867
    21: 100
    22: 483
    23: 116
    24: 321
    25: 3099
    26: 350
    27: 69
    28: 63
    29: 56
    30: 41
    31: 41
    32: 51
    33: 46
    34: 51
    35: 86
    36: 88
    37: 58
    38: 83
    39: 70
    40: 67
    41: 66
    42: 82
    43: 62
    44: 37
    45: 23
    46: 17
    47: 47
    48: 60
    49: 25
    50: 10
    51: 8
    52: 11
    53: 2
    54: 3
    55: 10
    56: 0
    57: 2
    58: 1
    59: 1
    60: 1
    61: 0
    62: 0
    63: 0
    64: 0
    65: 0
    66: 0
    67: 0
    68: 0
    69: 0
    70: 0
    71: 0
    72: 0
    73: 0
    74: 0
    75: 0
    76: 0
    77: 0
    78: 0
    79: 0
    80: 0
    81: 0
    82: 0
    83: 0
    84: 0
    85: 0
    86: 0
    87: 0
    88: 0
    89: 0
    90: 0
    91: 0
    92: 0
    93: 0
    94: 0
    95: 0
    96: 0
    97: 0
    98: 0
    99: 0
  mem-2: # Memory controller stats
   rd: 120699 # Read requests
   wr: 33865 # Write requests
   rdlat: 17602270 # Total latency experienced by read requests
   wrlat: 5548596 # Total latency experienced by write requests
   rdhits: 5 # Read row hits
   wrhits: 103 # Write row hits
   mlh: # latency histogram for memory requests
    0: 0
    1: 0
    2: 0
    3: 0
    4: 0
    5: 0
    6: 0
    7: 0
    8: 0
    9: 0
    10: 0
    11: 0
    12: 0
    13: 78628
    14: 21087
    15: 5935
    16: 1457
    17: 4970
    18: 865
    19: 1111
    20: 856
    21: 133
    22: 457
    23: 163
    24: 287
    25: 3117
    26: 339
    27: 55
    28: 63
    29: 61
    30: 38
    31: 36
    32: 35
    33: 48
    34: 66
    35: 70
    36: 67
    37: 64
    38: 83
    39: 58
    40: 64
    41: 48
    42: 64
    43: 72
    44: 42
    45: 31
    46: 16
    47: 42
    48: 58
    49: 33
    50: 17
    51: 15
    52: 12
    53: 3
    54: 3
    55: 14
    56: 4
    57: 5
    58: 4
    59: 3
    60: 0
    61: 0
    62: 0
    63: 0
    64: 0
    65: 0
    66: 0
    67: 0
    68: 0
    69: 0
    70: 0
    71: 0
    72: 0
    73: 0
    74: 0
    75: 0
    76: 0
    77: 0
    78: 0
    79: 0
    80: 0
    81: 0
    82: 0
    83: 0
    84: 0
    85: 0
    86: 0
    87: 0
    88: 0
    89: 0
    90: 0
    91: 0
    92: 0
    93: 0
    94: 0
    95: 0
    96: 0
    97: 0
    98: 0
    99: 0
  mem-3: # Memory controller stats
   rd: 120676 # Read requests
   wr: 33849 # Write requests
   rdlat: 17603476 # Total latency experienced by read requests
   wrlat: 5541084 # Total latency experienced by write requests
   rdhits: 2 # Read row hits
   wrhits: 103 # Write row hits
   mlh: # latency histogram for memory requests
    0: 0
    1: 0
    2: 0
    3: 0
    4: 0
    5: 0
    6: 0
    7: 0
    8: 0
    9: 0
    10: 0
    11: 0
    12: 0
    13: 78519
    14: 21155
    15: 5959
    16: 1404
    17: 4967
    18: 860
    19: 1102
    20: 828
    21: 135
    22: 472
    23: 166
    24: 332
    25: 3068
    26: 361
    27: 61
    28: 74
    29: 69
    30: 62
    31: 50
    32: 48
    33: 46
    34: 50
    35: 81
    36: 60
    37: 64
    38: 76
    39: 65
    40: 70
    41: 61
    42: 84
    43: 54
    44: 41
    45: 26
    46: 20
    47: 51
    48: 50
    49: 27
    50: 11
    51: 12
    52: 9
    53: 3
    54: 1
    55: 10
    56: 4
    57: 2
    58: 3
    59: 3
    60: 0
    61: 0
    62: 0
    63: 0
    64: 0
    65: 0
    66: 0
    67: 0
    68: 0
    69: 0
    70: 0
    71: 0
    72: 0
    73: 0
    74: 0
    75: 0
    76: 0
    77: 0
    78: 0
    79: 0
    80: 0
    81: 0
    82: 0
    83: 0
    84: 0
    85: 0
    86: 0
    87: 0
    88: 0
    89: 0
    90: 0
    91: 0
    92: 0
    93: 0
    94: 0
    95: 0
    96: 0
    97: 0
    98: 0
    99: 0
 sched: # Scheduler stats
  thCr: 1 # Threads created
  thFn: 1 # Threads finished
  schedEvs: 1 # Schedule events
  waitEvs: 0 # Wait events
  handoffEvs: 0 # Handoff events
  sleepEvs: 0 # Sleep events
  idlePhases: 0 # Phases with no thread active
  idlePeriods: 0 # Periods with no thread active
  occHist: # Occupancy histogram
   0: 0
   1: 8440
  rqSzHist: # Run queue size histogram
   0: 8440
   1: 0
   2: 0
   3: 0
   4: 0
   5: 0
   6: 0
   7: 0
   8: 0
   9: 0
   10: 0
   11: 0
   12: 0
   13: 0
   14: 0
   15: 0
   16: 0
 procCycles: # Per-process unhalted core cycles
  0: 84400998
  1: 0
  2: 0
  3: 0
  4: 0
  5: 0
  6: 0
  7: 0
  8: 0
  9: 0
  10: 0
  11: 0
  12: 0
  13: 0
  14: 0
  15: 0
  16: 0
  17: 0
  18: 0
  19: 0
  20: 0
  21: 0
  22: 0
  23: 0
  24: 0
  25: 0
  26: 0
  27: 0
  28: 0
  29: 0
  30: 0
  31: 0
  32: 0
  33: 0
  34: 0
  35: 0
  36: 0
  37: 0
  38: 0
  39: 0
  40: 0
  41: 0
  42: 0
  43: 0
  44: 0
  45: 0
  46: 0
  47: 0
  48: 0
  49: 0
  50: 0
  51: 0
  52: 0
  53: 0
  54: 0
  55: 0
  56: 0
  57: 0
  58: 0
  59: 0
  60: 0
  61: 0
  62: 0
  63: 0
 procInstrs: # Per-process instructions
  0: 100010010
  1: 0
  2: 0
  3: 0
  4: 0
  5: 0
  6: 0
  7: 0
  8: 0
  9: 0
  10: 0
  11: 0
  12: 0
  13: 0
  14: 0
  15: 0
  16: 0
  17: 0
  18: 0
  19: 0
  20: 0
  21: 0
  22: 0
  23: 0
  24: 0
  25: 0
  26: 0
  27: 0
  28: 0
  29: 0
  30: 0
  31: 0
  32: 0
  33: 0
  34: 0
  35: 0
  36: 0
  37: 0
  38: 0
  39: 0
  40: 0
  41: 0
  42: 0
  43: 0
  44: 0
  45: 0
  46: 0
  47: 0
  48: 0
  49: 0
  50: 0
  51: 0
  52: 0
  53: 0
  54: 0
  55: 0
  56: 0
  57: 0
  58: 0
  59: 0
  60: 0
  61: 0
  62: 0
  63: 0
 heartbeats: # Per-process heartbeats
  0: 0
  1: 0
  2: 0
  3: 0
  4: 0
  5: 0
  6: 0
  7: 0
  8: 0
  9: 0
  10: 0
  11: 0
  12: 0
  13: 0
  14: 0
  15: 0
  16: 0
  17: 0
  18: 0
  19: 0
  20: 0
  21: 0
  22: 0
  23: 0
  24: 0
  25: 0
  26: 0
  27: 0
  28: 0
  29: 0
  30: 0
  31: 0
  32: 0
  33: 0
  34: 0
  35: 0
  36: 0
  37: 0
  38: 0
  39: 0
  40: 0
  41: 0
  42: 0
  43: 0
  44: 0
  45: 0
  46: 0
  47: 0
  48: 0
  49: 0
  50: 0
  51: 0
  52: 0
  53: 0
  54: 0
  55: 0
  56: 0
  57: 0
  58: 0
  59: 0
  60: 0
  61: 0
  62: 0
  63: 0
===
