# zsim stats
===
root: # Stats
 contention: # Contention simulation stats
  domain-0: # Domain stats
   time: 2931055156 # Weave simulation time
 time: # Simulator time breakdown
  init: 694597860013
  bound: 12532083146
  weave: 3084119707
  ff: 0
 trigger: 20000 # Reason for this stats dump
 phase: 14727 # Simulated phases
 westmere: # Core stats
  westmere-0: # Core stats
   cycles: 147272219 # Simulated unhalted cycles
   cCycles: 27015005 # Cycles due to contention stalls
   instrs: 100003116 # Simulated instructions
   uops: 114166177 # Retired micro-ops
   bbls: 2330497 # Basic blocks
   approxInstrs: 553216 # Instrs with approx uop decoding
   mispredBranches: 3146 # Mispredicted branches
   condBranches: 916859 # conditional branches
 l1i: # Cache stats
  l1i-0: # Filter cache stats
   fhGETS: 9222901 # Filtered GETS hits
   fhGETX: 0 # Filtered GETX hits
   hGETS: 6 # GETS hits
   hGETX: 0 # GETX hits
   mGETS: 3095 # GETS misses
   mGETXIM: 0 # GETX I->M misses
   mGETXSM: 0 # GETX S->M misses (upgrade misses)
   PUTS: 0 # Clean evictions (from lower level)
   PUTX: 0 # Dirty evictions (from lower level)
   INV: 3010 # Invalidates (from upper level)
   INVX: 0 # Downgrades (from upper level)
   FWD: 0 # Forwards (from upper level)
   latGETnl: 383780 # GET request latency on next level
   latGETnet: 0 # GET request latency on network to next level
 l1d: # Cache stats
  l1d-0: # Filter cache stats
   fhGETS: 18014987 # Filtered GETS hits
   fhGETX: 5401075 # Filtered GETX hits
   hGETS: 968290 # GETS hits
   hGETX: 756045 # GETX hits
   mGETS: 788972 # GETS misses
   mGETXIM: 4305914 # GETX I->M misses
   mGETXSM: 0 # GETX S->M misses (upgrade misses)
   PUTS: 0 # Clean evictions (from lower level)
   PUTX: 0 # Dirty evictions (from lower level)
   INV: 128 # Invalidates (from upper level)
   INVX: 0 # Downgrades (from upper level)
   FWD: 0 # Forwards (from upper level)
   latGETnl: 403928380 # GET request latency on next level
   latGETnet: 0 # GET request latency on network to next level
 l2: # Cache stats
  l2-0: # Cache stats
   hGETS: 97 # GETS hits
   hGETX: 1998374 # GETX hits
   mGETS: 791970 # GETS misses
   mGETXIM: 2307540 # GETX I->M misses
   mGETXSM: 0 # GETX S->M misses (upgrade misses)
   PUTS: 788367 # Clean evictions (from lower level)
   PUTX: 4305879 # Dirty evictions (from lower level)
   INV: 3145 # Invalidates (from upper level)
   INVX: 0 # Downgrades (from upper level)
   FWD: 0 # Forwards (from upper level)
   latGETnl: 353332350 # GET request latency on next level
   latGETnet: 0 # GET request latency on network to next level
 l3: # Cache stats
  l3-0: # Cache stats
   hGETS: 78 # GETS hits
   hGETX: 53 # GETX hits
   mGETS: 791892 # GETS misses
   mGETXIM: 2307487 # GETX I->M misses
   mGETXSM: 0 # GETX S->M misses (upgrade misses)
   PUTS: 784769 # Clean evictions (from lower level)
   PUTX: 2307500 # Dirty evictions (from lower level)
   INV: 0 # Invalidates (from upper level)
   INVX: 0 # Downgrades (from upper level)
   FWD: 0 # Forwards (from upper level)
   latGETnl: 278944110 # GET request latency on next level
   latGETnet: 0 # GET request latency on network to next level
 mem: # Memory controller stats
  mem-0: # Memory controller stats
   rd: 774844 # Read requests
   wr: 574479 # Write requests
   rdlat: 110595799 # Total latency experienced by read requests
   wrlat: 101261510 # Total latency experienced by write requests
   rdhits: 57 # Read row hits
   wrhits: 12027 # Write row hits
   mlh: # latency histogram for memory requests
    0: 0
    1: 0
    2: 0
    3: 0
    4: 0
    5: 0
    6: 0
    7: 0
    8: 0
    9: 0
    10: 0
    11: 0
    12: 1
    13: 452501
    14: 156168
    15: 108192
    16: 6890
    17: 30844
    18: 1163
    19: 1659
    20: 2373
    21: 3315
    22: 2181
    23: 1710
    24: 951
    25: 568
    26: 412
    27: 515
    28: 524
    29: 362
    30: 334
    31: 318
    32: 313
    33: 352
    34: 364
    35: 264
    36: 223
    37: 204
    38: 204
    39: 366
    40: 259
    41: 319
    42: 264
    43: 159
    44: 97
    45: 46
    46: 76
    47: 70
    48: 157
    49: 74
    50: 17
    51: 7
    52: 5
    53: 8
    54: 10
    55: 1
    56: 0
    57: 2
    58: 1
    59: 1
    60: 0
    61: 0
    62: 0
    63: 0
    64: 0
    65: 0
    66: 0
    67: 0
    68: 0
    69: 0
    70: 0
    71: 0
    72: 0
    73: 0
    74: 0
    75: 0
    76: 0
    77: 0
    78: 0
    79: 0
    80: 0
    81: 0
    82: 0
    83: 0
    84: 0
    85: 0
    86: 0
    87: 0
    88: 0
    89: 0
    90: 0
    91: 0
    92: 0
    93: 0
    94: 0
    95: 0
    96: 0
    97: 0
    98: 0
    99: 0
  mem-1: # Memory controller stats
   rd: 774861 # Read requests
   wr: 574489 # Write requests
   rdlat: 110601893 # Total latency experienced by read requests
   wrlat: 100666764 # Total latency experienced by write requests
   rdhits: 77 # Read row hits
   wrhits: 13148 # Write row hits
   mlh: # latency histogram for memory requests
    0: 0
    1: 0
    2: 0
    3: 0
    4: 0
    5: 0
    6: 0
    7: 0
    8: 0
    9: 1
    10: 0
    11: 3
    12: 2
    13: 452782
    14: 156206
    15: 106717
    16: 8842
    17: 31209
    18: 893
    19: 1598
    20: 2049
    21: 2970
    22: 1995
    23: 1642
    24: 852
    25: 702
    26: 408
    27: 516
    28: 441
    29: 360
    30: 330
    31: 347
    32: 339
    33: 373
    34: 319
    35: 241
    36: 214
    37: 196
    38: 221
    39: 406
    40: 250
    41: 310
    42: 282
    43: 184
    44: 109
    45: 61
    46: 90
    47: 77
    48: 177
    49: 71
    50: 25
    51: 13
    52: 9
    53: 10
    54: 11
    55: 1
    56: 2
    57: 0
    58: 1
    59: 0
    60: 2
    61: 1
    62: 1
    63: 0
    64: 0
    65: 0
    66: 0
    67: 0
    68: 0
    69: 0
    70: 0
    71: 0
    72: 0
    73: 0
    74: 0
    75: 0
    76: 0
    77: 0
    78: 0
    79: 0
    80: 0
    81: 0
    82: 0
    83: 0
    84: 0
    85: 0
    86: 0
    87: 0
    88: 0
    89: 0
    90: 0
    91: 0
    92: 0
    93: 0
    94: 0
    95: 0
    96: 0
    97: 0
    98: 0
    99: 0
  mem-2: # Memory controller stats
   rd: 774823 # Read requests
   wr: 574452 # Write requests
   rdlat: 110622361 # Total latency experienced by read requests
   wrlat: 101203228 # Total latency experienced by write requests
   rdhits: 59 # Read row hits
   wrhits: 12927 # Write row hits
   mlh: # latency histogram for memory requests
    0: 0
    1: 0
    2: 0
    3: 0
    4: 0
    5: 0
    6: 0
    7: 0
    8: 0
    9: 1
    10: 0
    11: 0
    12: 2
    13: 452096
    14: 155874
    15: 108708
    16: 7249
    17: 30603
    18: 1051
    19: 1645
    20: 2418
    21: 3327
    22: 2174
    23: 1726
    24: 924
    25: 599
    26: 416
    27: 524
    28: 490
    29: 379
    30: 338
    31: 380
    32: 325
    33: 414
    34: 332
    35: 285
    36: 226
    37: 196
    38: 191
    39: 372
    40: 231
    41: 300
    42: 294
    43: 157
    44: 85
    45: 44
    46: 90
    47: 65
    48: 164
    49: 58
    50: 20
    51: 15
    52: 12
    53: 13
    54: 8
    55: 1
    56: 1
    57: 0
    58: 0
    59: 0
    60: 0
    61: 0
    62: 0
    63: 0
    64: 0
    65: 0
    66: 0
    67: 0
    68: 0
    69: 0
    70: 0
    71: 0
    72: 0
    73: 0
    74: 0
    75: 0
    76: 0
    77: 0
    78: 0
    79: 0
    80: 0
    81: 0
    82: 0
    83: 0
    84: 0
    85: 0
    86: 0
    87: 0
    88: 0
    89: 0
    90: 0
    91: 0
    92: 0
    93: 0
    94: 0
    95: 0
    96: 0
    97: 0
    98: 0
    99: 0
  mem-3: # Memory controller stats
   rd: 774796 # Read requests
   wr: 574469 # Write requests
   rdlat: 110574731 # Total latency experienced by read requests
   wrlat: 100599590 # Total latency experienced by write requests
   rdhits: 42 # Read row hits
   wrhits: 12700 # Write row hits
   mlh: # latency histogram for memory requests
    0: 0
    1: 0
    2: 0
    3: 0
    4: 0
    5: 0
    6: 0
    7: 0
    8: 0
    9: 0
    10: 0
    11: 1
    12: 5
    13: 452365
    14: 156124
    15: 107518
    16: 8701
    17: 31261
    18: 849
    19: 1588
    20: 1989
    21: 2914
    22: 1926
    23: 1602
    24: 900
    25: 689
    26: 417
    27: 482
    28: 459
    29: 389
    30: 320
    31: 333
    32: 311
    33: 367
    34: 361
    35: 270
    36: 232
    37: 187
    38: 200
    39: 407
    40: 292
    41: 292
    42: 291
    43: 146
    44: 97
    45: 56
    46: 73
    47: 85
    48: 162
    49: 67
    50: 18
    51: 11
    52: 10
    53: 11
    54: 13
    55: 2
    56: 2
    57: 1
    58: 0
    59: 0
    60: 0
    61: 0
    62: 0
    63: 0
    64: 0
    65: 0
    66: 0
    67: 0
    68: 0
    69: 0
    70: 0
    71: 0
    72: 0
    73: 0
    74: 0
    75: 0
    76: 0
    77: 0
    78: 0
    79: 0
    80: 0
    81: 0
    82: 0
    83: 0
    84: 0
    85: 0
    86: 0
    87: 0
    88: 0
    89: 0
    90: 0
    91: 0
    92: 0
    93: 0
    94: 0
    95: 0
    96: 0
    97: 0
    98: 0
    99: 0
 sched: # Scheduler stats
  thCr: 1 # Threads created
  thFn: 1 # Threads finished
  schedEvs: 1 # Schedule events
  waitEvs: 0 # Wait events
  handoffEvs: 0 # Handoff events
  sleepEvs: 0 # Sleep events
  idlePhases: 0 # Phases with no thread active
  idlePeriods: 0 # Periods with no thread active
  occHist: # Occupancy histogram
   0: 0
   1: 14727
  rqSzHist: # Run queue size histogram
   0: 14727
   1: 0
   2: 0
   3: 0
   4: 0
   5: 0
   6: 0
   7: 0
   8: 0
   9: 0
   10: 0
   11: 0
   12: 0
   13: 0
   14: 0
   15: 0
   16: 0
 procCycles: # Per-process unhalted core cycles
  0: 147272219
  1: 0
  2: 0
  3: 0
  4: 0
  5: 0
  6: 0
  7: 0
  8: 0
  9: 0
  10: 0
  11: 0
  12: 0
  13: 0
  14: 0
  15: 0
  16: 0
  17: 0
  18: 0
  19: 0
  20: 0
  21: 0
  22: 0
  23: 0
  24: 0
  25: 0
  26: 0
  27: 0
  28: 0
  29: 0
  30: 0
  31: 0
  32: 0
  33: 0
  34: 0
  35: 0
  36: 0
  37: 0
  38: 0
  39: 0
  40: 0
  41: 0
  42: 0
  43: 0
  44: 0
  45: 0
  46: 0
  47: 0
  48: 0
  49: 0
  50: 0
  51: 0
  52: 0
  53: 0
  54: 0
  55: 0
  56: 0
  57: 0
  58: 0
  59: 0
  60: 0
  61: 0
  62: 0
  63: 0
 procInstrs: # Per-process instructions
  0: 100003116
  1: 0
  2: 0
  3: 0
  4: 0
  5: 0
  6: 0
  7: 0
  8: 0
  9: 0
  10: 0
  11: 0
  12: 0
  13: 0
  14: 0
  15: 0
  16: 0
  17: 0
  18: 0
  19: 0
  20: 0
  21: 0
  22: 0
  23: 0
  24: 0
  25: 0
  26: 0
  27: 0
  28: 0
  29: 0
  30: 0
  31: 0
  32: 0
  33: 0
  34: 0
  35: 0
  36: 0
  37: 0
  38: 0
  39: 0
  40: 0
  41: 0
  42: 0
  43: 0
  44: 0
  45: 0
  46: 0
  47: 0
  48: 0
  49: 0
  50: 0
  51: 0
  52: 0
  53: 0
  54: 0
  55: 0
  56: 0
  57: 0
  58: 0
  59: 0
  60: 0
  61: 0
  62: 0
  63: 0
 heartbeats: # Per-process heartbeats
  0: 0
  1: 0
  2: 0
  3: 0
  4: 0
  5: 0
  6: 0
  7: 0
  8: 0
  9: 0
  10: 0
  11: 0
  12: 0
  13: 0
  14: 0
  15: 0
  16: 0
  17: 0
  18: 0
  19: 0
  20: 0
  21: 0
  22: 0
  23: 0
  24: 0
  25: 0
  26: 0
  27: 0
  28: 0
  29: 0
  30: 0
  31: 0
  32: 0
  33: 0
  34: 0
  35: 0
  36: 0
  37: 0
  38: 0
  39: 0
  40: 0
  41: 0
  42: 0
  43: 0
  44: 0
  45: 0
  46: 0
  47: 0
  48: 0
  49: 0
  50: 0
  51: 0
  52: 0
  53: 0
  54: 0
  55: 0
  56: 0
  57: 0
  58: 0
  59: 0
  60: 0
  61: 0
  62: 0
  63: 0
===
