# zsim stats
===
root: # Stats
 contention: # Contention simulation stats
  domain-0: # Domain stats
   time: 169680221 # Weave simulation time
 time: # Simulator time breakdown
  init: 1012286499
  bound: 54826088690
  weave: 795023518
  ff: 0
 trigger: 20000 # Reason for this stats dump
 phase: 40173 # Simulated phases
 westmere: # Core stats
  westmere-0: # Core stats
   cycles: 401730005 # Simulated unhalted cycles
   cCycles: 28764 # Cycles due to contention stalls
   instrs: 625017171 # Simulated instructions
   uops: 750435078 # Retired micro-ops
   bbls: 83822294 # Basic blocks
   approxInstrs: 6871354 # Instrs with approx uop decoding
   mispredBranches: 1800449 # Mispredicted branches
   condBranches: 64864256 # conditional branches
  westmere-1: # Core stats
   cycles: 401730001 # Simulated unhalted cycles
   cCycles: 30734 # Cycles due to contention stalls
   instrs: 625015158 # Simulated instructions
   uops: 750431896 # Retired micro-ops
   bbls: 83821743 # Basic blocks
   approxInstrs: 6871291 # Instrs with approx uop decoding
   mispredBranches: 1800391 # Mispredicted branches
   condBranches: 64863977 # conditional branches
  westmere-2: # Core stats
   cycles: 401720002 # Simulated unhalted cycles
   cCycles: 27057 # Cycles due to contention stalls
   instrs: 625014115 # Simulated instructions
   uops: 750430713 # Retired micro-ops
   bbls: 83821593 # Basic blocks
   approxInstrs: 6871290 # Instrs with approx uop decoding
   mispredBranches: 1800390 # Mispredicted branches
   condBranches: 64863831 # conditional branches
  westmere-3: # Core stats
   cycles: 401720005 # Simulated unhalted cycles
   cCycles: 31173 # Cycles due to contention stalls
   instrs: 625016006 # Simulated instructions
   uops: 750432890 # Retired micro-ops
   bbls: 83821851 # Basic blocks
   approxInstrs: 6871289 # Instrs with approx uop decoding
   mispredBranches: 1800389 # Mispredicted branches
   condBranches: 64864093 # conditional branches
  westmere-4: # Core stats
   cycles: 401720007 # Simulated unhalted cycles
   cCycles: 30522 # Cycles due to contention stalls
   instrs: 625017181 # Simulated instructions
   uops: 750434214 # Retired micro-ops
   bbls: 83822016 # Basic blocks
   approxInstrs: 6871289 # Instrs with approx uop decoding
   mispredBranches: 1800390 # Mispredicted branches
   condBranches: 64864258 # conditional branches
  westmere-5: # Core stats
   cycles: 401720002 # Simulated unhalted cycles
   cCycles: 28657 # Cycles due to contention stalls
   instrs: 625019922 # Simulated instructions
   uops: 750437347 # Retired micro-ops
   bbls: 83822401 # Basic blocks
   approxInstrs: 6871290 # Instrs with approx uop decoding
   mispredBranches: 1800391 # Mispredicted branches
   condBranches: 64864639 # conditional branches
  westmere-6: # Core stats
   cycles: 401720003 # Simulated unhalted cycles
   cCycles: 30036 # Cycles due to contention stalls
   instrs: 625016019 # Simulated instructions
   uops: 750432908 # Retired micro-ops
   bbls: 83821852 # Basic blocks
   approxInstrs: 6871289 # Instrs with approx uop decoding
   mispredBranches: 1800389 # Mispredicted branches
   condBranches: 64864094 # conditional branches
  westmere-7: # Core stats
   cycles: 401720006 # Simulated unhalted cycles
   cCycles: 29130 # Cycles due to contention stalls
   instrs: 625003722 # Simulated instructions
   uops: 750418705 # Retired micro-ops
   bbls: 83820149 # Basic blocks
   approxInstrs: 6871211 # Instrs with approx uop decoding
   mispredBranches: 1800354 # Mispredicted branches
   condBranches: 64862509 # conditional branches
 l1i: # Cache stats
  l1i-0: # Filter cache stats
   fhGETS: 112023819 # Filtered GETS hits
   fhGETX: 0 # Filtered GETX hits
   hGETS: 1226603 # GETS hits
   hGETX: 0 # GETX hits
   mGETS: 45529 # GETS misses
   mGETXIM: 0 # GETX I->M misses
   mGETXSM: 0 # GETX S->M misses (upgrade misses)
   PUTS: 0 # Clean evictions (from lower level)
   PUTX: 0 # Dirty evictions (from lower level)
   INV: 0 # Invalidates (from upper level)
   INVX: 0 # Downgrades (from upper level)
   FWD: 0 # Forwards (from upper level)
   latGETnl: 482002 # GET request latency on next level
   latGETnet: 0 # GET request latency on network to next level
  l1i-1: # Filter cache stats
   fhGETS: 112023259 # Filtered GETS hits
   fhGETX: 0 # Filtered GETX hits
   hGETS: 1226466 # GETS hits
   hGETX: 0 # GETX hits
   mGETS: 45450 # GETS misses
   mGETXIM: 0 # GETX I->M misses
   mGETXSM: 0 # GETX S->M misses (upgrade misses)
   PUTS: 0 # Clean evictions (from lower level)
   PUTX: 0 # Dirty evictions (from lower level)
   INV: 0 # Invalidates (from upper level)
   INVX: 0 # Downgrades (from upper level)
   FWD: 0 # Forwards (from upper level)
   latGETnl: 485202 # GET request latency on next level
   latGETnet: 0 # GET request latency on network to next level
  l1i-2: # Filter cache stats
   fhGETS: 112023111 # Filtered GETS hits
   fhGETX: 0 # Filtered GETX hits
   hGETS: 1226471 # GETS hits
   hGETX: 0 # GETX hits
   mGETS: 45448 # GETS misses
   mGETXIM: 0 # GETX I->M misses
   mGETXSM: 0 # GETX S->M misses (upgrade misses)
   PUTS: 0 # Clean evictions (from lower level)
   PUTX: 0 # Dirty evictions (from lower level)
   INV: 0 # Invalidates (from upper level)
   INVX: 0 # Downgrades (from upper level)
   FWD: 0 # Forwards (from upper level)
   latGETnl: 476878 # GET request latency on next level
   latGETnet: 0 # GET request latency on network to next level
  l1i-3: # Filter cache stats
   fhGETS: 112023458 # Filtered GETS hits
   fhGETX: 0 # Filtered GETX hits
   hGETS: 1226471 # GETS hits
   hGETX: 0 # GETX hits
   mGETS: 45445 # GETS misses
   mGETXIM: 0 # GETX I->M misses
   mGETXSM: 0 # GETX S->M misses (upgrade misses)
   PUTS: 0 # Clean evictions (from lower level)
   PUTX: 0 # Dirty evictions (from lower level)
   INV: 0 # Invalidates (from upper level)
   INVX: 0 # Downgrades (from upper level)
   FWD: 0 # Forwards (from upper level)
   latGETnl: 473608 # GET request latency on next level
   latGETnet: 0 # GET request latency on network to next level
  l1i-4: # Filter cache stats
   fhGETS: 112023636 # Filtered GETS hits
   fhGETX: 0 # Filtered GETX hits
   hGETS: 1226472 # GETS hits
   hGETX: 0 # GETX hits
   mGETS: 45450 # GETS misses
   mGETXIM: 0 # GETX I->M misses
   mGETXSM: 0 # GETX S->M misses (upgrade misses)
   PUTS: 0 # Clean evictions (from lower level)
   PUTX: 0 # Dirty evictions (from lower level)
   INV: 0 # Invalidates (from upper level)
   INVX: 0 # Downgrades (from upper level)
   FWD: 0 # Forwards (from upper level)
   latGETnl: 476088 # GET request latency on next level
   latGETnet: 0 # GET request latency on network to next level
  l1i-5: # Filter cache stats
   fhGETS: 112024147 # Filtered GETS hits
   fhGETX: 0 # Filtered GETX hits
   hGETS: 1226472 # GETS hits
   hGETX: 0 # GETX hits
   mGETS: 45452 # GETS misses
   mGETXIM: 0 # GETX I->M misses
   mGETXSM: 0 # GETX S->M misses (upgrade misses)
   PUTS: 0 # Clean evictions (from lower level)
   PUTX: 0 # Dirty evictions (from lower level)
   INV: 0 # Invalidates (from upper level)
   INVX: 0 # Downgrades (from upper level)
   FWD: 0 # Forwards (from upper level)
   latGETnl: 474986 # GET request latency on next level
   latGETnet: 0 # GET request latency on network to next level
  l1i-6: # Filter cache stats
   fhGETS: 112023425 # Filtered GETS hits
   fhGETX: 0 # Filtered GETX hits
   hGETS: 1226477 # GETS hits
   hGETX: 0 # GETX hits
   mGETS: 45442 # GETS misses
   mGETXIM: 0 # GETX I->M misses
   mGETXSM: 0 # GETX S->M misses (upgrade misses)
   PUTS: 0 # Clean evictions (from lower level)
   PUTX: 0 # Dirty evictions (from lower level)
   INV: 0 # Invalidates (from upper level)
   INVX: 0 # Downgrades (from upper level)
   FWD: 0 # Forwards (from upper level)
   latGETnl: 474568 # GET request latency on next level
   latGETnet: 0 # GET request latency on network to next level
  l1i-7: # Filter cache stats
   fhGETS: 112021149 # Filtered GETS hits
   fhGETX: 0 # Filtered GETX hits
   hGETS: 1226463 # GETS hits
   hGETX: 0 # GETX hits
   mGETS: 45453 # GETS misses
   mGETXIM: 0 # GETX I->M misses
   mGETXSM: 0 # GETX S->M misses (upgrade misses)
   PUTS: 0 # Clean evictions (from lower level)
   PUTX: 0 # Dirty evictions (from lower level)
   INV: 0 # Invalidates (from upper level)
   INVX: 0 # Downgrades (from upper level)
   FWD: 0 # Forwards (from upper level)
   latGETnl: 473130 # GET request latency on next level
   latGETnet: 0 # GET request latency on network to next level
 l1d: # Cache stats
  l1d-0: # Filter cache stats
   fhGETS: 160976615 # Filtered GETS hits
   fhGETX: 38007805 # Filtered GETX hits
   hGETS: 11097204 # GETS hits
   hGETX: 11692654 # GETX hits
   mGETS: 1335901 # GETS misses
   mGETXIM: 1105324 # GETX I->M misses
   mGETXSM: 19 # GETX S->M misses (upgrade misses)
   PUTS: 0 # Clean evictions (from lower level)
   PUTX: 0 # Dirty evictions (from lower level)
   INV: 45 # Invalidates (from upper level)
   INVX: 40 # Downgrades (from upper level)
   FWD: 0 # Forwards (from upper level)
   latGETnl: 24583242 # GET request latency on next level
   latGETnet: 0 # GET request latency on network to next level
  l1d-1: # Filter cache stats
   fhGETS: 157367181 # Filtered GETS hits
   fhGETX: 37716451 # Filtered GETX hits
   hGETS: 14704870 # GETS hits
   hGETX: 11989498 # GETX hits
   mGETS: 1337994 # GETS misses
   mGETXIM: 1098644 # GETX I->M misses
   mGETXSM: 3 # GETX S->M misses (upgrade misses)
   PUTS: 0 # Clean evictions (from lower level)
   PUTX: 0 # Dirty evictions (from lower level)
   INV: 10 # Invalidates (from upper level)
   INVX: 111 # Downgrades (from upper level)
   FWD: 0 # Forwards (from upper level)
   latGETnl: 24529146 # GET request latency on next level
   latGETnet: 0 # GET request latency on network to next level
  l1d-2: # Filter cache stats
   fhGETS: 160969971 # Filtered GETS hits
   fhGETX: 38008441 # Filtered GETX hits
   hGETS: 11102379 # GETS hits
   hGETX: 11692024 # GETX hits
   mGETS: 1337314 # GETS misses
   mGETXIM: 1104096 # GETX I->M misses
   mGETXSM: 6 # GETX S->M misses (upgrade misses)
   PUTS: 0 # Clean evictions (from lower level)
   PUTX: 0 # Dirty evictions (from lower level)
   INV: 9 # Invalidates (from upper level)
   INVX: 67 # Downgrades (from upper level)
   FWD: 0 # Forwards (from upper level)
   latGETnl: 24573379 # GET request latency on next level
   latGETnet: 0 # GET request latency on network to next level
  l1d-3: # Filter cache stats
   fhGETS: 160985498 # Filtered GETS hits
   fhGETX: 38008937 # Filtered GETX hits
   hGETS: 11089112 # GETS hits
   hGETX: 11691026 # GETX hits
   mGETS: 1335770 # GETS misses
   mGETXIM: 1104665 # GETX I->M misses
   mGETXSM: 6 # GETX S->M misses (upgrade misses)
   PUTS: 0 # Clean evictions (from lower level)
   PUTX: 0 # Dirty evictions (from lower level)
   INV: 10 # Invalidates (from upper level)
   INVX: 58 # Downgrades (from upper level)
   FWD: 0 # Forwards (from upper level)
   latGETnl: 24561855 # GET request latency on next level
   latGETnet: 0 # GET request latency on network to next level
  l1d-4: # Filter cache stats
   fhGETS: 160891719 # Filtered GETS hits
   fhGETX: 38019734 # Filtered GETX hits
   hGETS: 11183004 # GETS hits
   hGETX: 11672541 # GETX hits
   mGETS: 1336089 # GETS misses
   mGETXIM: 1112383 # GETX I->M misses
   mGETXSM: 5 # GETX S->M misses (upgrade misses)
   PUTS: 0 # Clean evictions (from lower level)
   PUTX: 0 # Dirty evictions (from lower level)
   INV: 10 # Invalidates (from upper level)
   INVX: 50 # Downgrades (from upper level)
   FWD: 0 # Forwards (from upper level)
   latGETnl: 24641216 # GET request latency on next level
   latGETnet: 0 # GET request latency on network to next level
  l1d-5: # Filter cache stats
   fhGETS: 158862432 # Filtered GETS hits
   fhGETX: 38012340 # Filtered GETX hits
   hGETS: 13211200 # GETS hits
   hGETX: 11684874 # GETX hits
   mGETS: 1338198 # GETS misses
   mGETXIM: 1107531 # GETX I->M misses
   mGETXSM: 6 # GETX S->M misses (upgrade misses)
   PUTS: 0 # Clean evictions (from lower level)
   PUTX: 0 # Dirty evictions (from lower level)
   INV: 8 # Invalidates (from upper level)
   INVX: 32 # Downgrades (from upper level)
   FWD: 0 # Forwards (from upper level)
   latGETnl: 24612570 # GET request latency on next level
   latGETnet: 0 # GET request latency on network to next level
  l1d-6: # Filter cache stats
   fhGETS: 156621227 # Filtered GETS hits
   fhGETX: 37728467 # Filtered GETX hits
   hGETS: 15449847 # GETS hits
   hGETX: 11976106 # GETX hits
   mGETS: 1339314 # GETS misses
   mGETXIM: 1100056 # GETX I->M misses
   mGETXSM: 6 # GETX S->M misses (upgrade misses)
   PUTS: 0 # Clean evictions (from lower level)
   PUTX: 0 # Dirty evictions (from lower level)
   INV: 7 # Invalidates (from upper level)
   INVX: 62 # Downgrades (from upper level)
   FWD: 0 # Forwards (from upper level)
   latGETnl: 24551667 # GET request latency on next level
   latGETnet: 0 # GET request latency on network to next level
  l1d-7: # Filter cache stats
   fhGETS: 161150732 # Filtered GETS hits
   fhGETX: 38009502 # Filtered GETX hits
   hGETS: 10917585 # GETS hits
   hGETX: 11694434 # GETX hits
   mGETS: 1337689 # GETS misses
   mGETXIM: 1100255 # GETX I->M misses
   mGETXSM: 5 # GETX S->M misses (upgrade misses)
   PUTS: 0 # Clean evictions (from lower level)
   PUTX: 0 # Dirty evictions (from lower level)
   INV: 6 # Invalidates (from upper level)
   INVX: 36 # Downgrades (from upper level)
   FWD: 0 # Forwards (from upper level)
   latGETnl: 24535198 # GET request latency on next level
   latGETnet: 0 # GET request latency on network to next level
 l2: # Cache stats
  l2-0: # Cache stats
   hGETS: 1380168 # GETS hits
   hGETX: 1104104 # GETX hits
   mGETS: 1262 # GETS misses
   mGETXIM: 1220 # GETX I->M misses
   mGETXSM: 19 # GETX S->M misses (upgrade misses)
   PUTS: 1190445 # Clean evictions (from lower level)
   PUTX: 1295259 # Dirty evictions (from lower level)
   INV: 45 # Invalidates (from upper level)
   INVX: 41 # Downgrades (from upper level)
   FWD: 0 # Forwards (from upper level)
   latGETnl: 197514 # GET request latency on next level
   latGETnet: 0 # GET request latency on network to next level
  l2-1: # Cache stats
   hGETS: 1382280 # GETS hits
   hGETX: 1097549 # GETX hits
   mGETS: 1164 # GETS misses
   mGETXIM: 1095 # GETX I->M misses
   mGETXSM: 3 # GETX S->M misses (upgrade misses)
   PUTS: 1192772 # Clean evictions (from lower level)
   PUTX: 1288312 # Dirty evictions (from lower level)
   INV: 10 # Invalidates (from upper level)
   INVX: 111 # Downgrades (from upper level)
   FWD: 0 # Forwards (from upper level)
   latGETnl: 193438 # GET request latency on next level
   latGETnet: 0 # GET request latency on network to next level
  l2-2: # Cache stats
   hGETS: 1381599 # GETS hits
   hGETX: 1103001 # GETX hits
   mGETS: 1163 # GETS misses
   mGETXIM: 1095 # GETX I->M misses
   mGETXSM: 6 # GETX S->M misses (upgrade misses)
   PUTS: 1191094 # Clean evictions (from lower level)
   PUTX: 1294762 # Dirty evictions (from lower level)
   INV: 9 # Invalidates (from upper level)
   INVX: 67 # Downgrades (from upper level)
   FWD: 0 # Forwards (from upper level)
   latGETnl: 181617 # GET request latency on next level
   latGETnet: 0 # GET request latency on network to next level
  l2-3: # Cache stats
   hGETS: 1380051 # GETS hits
   hGETX: 1103570 # GETX hits
   mGETS: 1164 # GETS misses
   mGETXIM: 1095 # GETX I->M misses
   mGETXSM: 6 # GETX S->M misses (upgrade misses)
   PUTS: 1190010 # Clean evictions (from lower level)
   PUTX: 1294869 # Dirty evictions (from lower level)
   INV: 10 # Invalidates (from upper level)
   INVX: 58 # Downgrades (from upper level)
   FWD: 0 # Forwards (from upper level)
   latGETnl: 176603 # GET request latency on next level
   latGETnet: 0 # GET request latency on network to next level
  l2-4: # Cache stats
   hGETS: 1380376 # GETS hits
   hGETX: 1111287 # GETX hits
   mGETS: 1163 # GETS misses
   mGETXIM: 1096 # GETX I->M misses
   mGETXSM: 5 # GETX S->M misses (upgrade misses)
   PUTS: 1190080 # Clean evictions (from lower level)
   PUTX: 1302841 # Dirty evictions (from lower level)
   INV: 10 # Invalidates (from upper level)
   INVX: 50 # Downgrades (from upper level)
   FWD: 0 # Forwards (from upper level)
   latGETnl: 178034 # GET request latency on next level
   latGETnet: 0 # GET request latency on network to next level
  l2-5: # Cache stats
   hGETS: 1382486 # GETS hits
   hGETX: 1106436 # GETX hits
   mGETS: 1164 # GETS misses
   mGETXIM: 1095 # GETX I->M misses
   mGETXSM: 6 # GETX S->M misses (upgrade misses)
   PUTS: 1191929 # Clean evictions (from lower level)
   PUTX: 1298251 # Dirty evictions (from lower level)
   INV: 8 # Invalidates (from upper level)
   INVX: 32 # Downgrades (from upper level)
   FWD: 0 # Forwards (from upper level)
   latGETnl: 175686 # GET request latency on next level
   latGETnet: 0 # GET request latency on network to next level
  l2-6: # Cache stats
   hGETS: 1383595 # GETS hits
   hGETX: 1098961 # GETX hits
   mGETS: 1161 # GETS misses
   mGETXIM: 1095 # GETX I->M misses
   mGETXSM: 6 # GETX S->M misses (upgrade misses)
   PUTS: 1191406 # Clean evictions (from lower level)
   PUTX: 1292408 # Dirty evictions (from lower level)
   INV: 7 # Invalidates (from upper level)
   INVX: 62 # Downgrades (from upper level)
   FWD: 0 # Forwards (from upper level)
   latGETnl: 178055 # GET request latency on next level
   latGETnet: 0 # GET request latency on network to next level
  l2-7: # Cache stats
   hGETS: 1381979 # GETS hits
   hGETX: 1099160 # GETX hits
   mGETS: 1163 # GETS misses
   mGETXIM: 1095 # GETX I->M misses
   mGETXSM: 5 # GETX S->M misses (upgrade misses)
   PUTS: 1192951 # Clean evictions (from lower level)
   PUTX: 1289446 # Dirty evictions (from lower level)
   INV: 6 # Invalidates (from upper level)
   INVX: 36 # Downgrades (from upper level)
   FWD: 0 # Forwards (from upper level)
   latGETnl: 174308 # GET request latency on next level
   latGETnet: 0 # GET request latency on network to next level
 l3: # Cache stats
  l3-0b0: # Cache stats
   hGETS: 868 # GETS hits
   hGETX: 5 # GETX hits
   mGETS: 296 # GETS misses
   mGETXIM: 1097 # GETX I->M misses
   mGETXSM: 0 # GETX S->M misses (upgrade misses)
   PUTS: 0 # Clean evictions (from lower level)
   PUTX: 0 # Dirty evictions (from lower level)
   INV: 0 # Invalidates (from upper level)
   INVX: 0 # Downgrades (from upper level)
   FWD: 0 # Forwards (from upper level)
   latGETnl: 125370 # GET request latency on next level
   latGETnet: 0 # GET request latency on network to next level
  l3-0b1: # Cache stats
   hGETS: 903 # GETS hits
   hGETX: 12 # GETX hits
   mGETS: 305 # GETS misses
   mGETXIM: 1091 # GETX I->M misses
   mGETXSM: 0 # GETX S->M misses (upgrade misses)
   PUTS: 1 # Clean evictions (from lower level)
   PUTX: 0 # Dirty evictions (from lower level)
   INV: 0 # Invalidates (from upper level)
   INVX: 0 # Downgrades (from upper level)
   FWD: 0 # Forwards (from upper level)
   latGETnl: 125640 # GET request latency on next level
   latGETnet: 0 # GET request latency on network to next level
  l3-0b2: # Cache stats
   hGETS: 902 # GETS hits
   hGETX: 7 # GETX hits
   mGETS: 279 # GETS misses
   mGETXIM: 1127 # GETX I->M misses
   mGETXSM: 0 # GETX S->M misses (upgrade misses)
   PUTS: 0 # Clean evictions (from lower level)
   PUTX: 0 # Dirty evictions (from lower level)
   INV: 0 # Invalidates (from upper level)
   INVX: 0 # Downgrades (from upper level)
   FWD: 0 # Forwards (from upper level)
   latGETnl: 126540 # GET request latency on next level
   latGETnet: 0 # GET request latency on network to next level
  l3-0b3: # Cache stats
   hGETS: 863 # GETS hits
   hGETX: 4 # GETX hits
   mGETS: 301 # GETS misses
   mGETXIM: 1098 # GETX I->M misses
   mGETXSM: 0 # GETX S->M misses (upgrade misses)
   PUTS: 0 # Clean evictions (from lower level)
   PUTX: 0 # Dirty evictions (from lower level)
   INV: 0 # Invalidates (from upper level)
   INVX: 0 # Downgrades (from upper level)
   FWD: 0 # Forwards (from upper level)
   latGETnl: 125910 # GET request latency on next level
   latGETnet: 0 # GET request latency on network to next level
  l3-0b4: # Cache stats
   hGETS: 843 # GETS hits
   hGETX: 5 # GETX hits
   mGETS: 278 # GETS misses
   mGETXIM: 1119 # GETX I->M misses
   mGETXSM: 0 # GETX S->M misses (upgrade misses)
   PUTS: 0 # Clean evictions (from lower level)
   PUTX: 0 # Dirty evictions (from lower level)
   INV: 0 # Invalidates (from upper level)
   INVX: 0 # Downgrades (from upper level)
   FWD: 0 # Forwards (from upper level)
   latGETnl: 125730 # GET request latency on next level
   latGETnet: 0 # GET request latency on network to next level
  l3-0b5: # Cache stats
   hGETS: 910 # GETS hits
   hGETX: 29 # GETX hits
   mGETS: 302 # GETS misses
   mGETXIM: 1107 # GETX I->M misses
   mGETXSM: 0 # GETX S->M misses (upgrade misses)
   PUTS: 1 # Clean evictions (from lower level)
   PUTX: 0 # Dirty evictions (from lower level)
   INV: 0 # Invalidates (from upper level)
   INVX: 0 # Downgrades (from upper level)
   FWD: 0 # Forwards (from upper level)
   latGETnl: 126810 # GET request latency on next level
   latGETnet: 0 # GET request latency on network to next level
  l3-0b6: # Cache stats
   hGETS: 873 # GETS hits
   hGETX: 13 # GETX hits
   mGETS: 294 # GETS misses
   mGETXIM: 1105 # GETX I->M misses
   mGETXSM: 0 # GETX S->M misses (upgrade misses)
   PUTS: 0 # Clean evictions (from lower level)
   PUTX: 0 # Dirty evictions (from lower level)
   INV: 0 # Invalidates (from upper level)
   INVX: 0 # Downgrades (from upper level)
   FWD: 0 # Forwards (from upper level)
   latGETnl: 125910 # GET request latency on next level
   latGETnet: 0 # GET request latency on network to next level
  l3-0b7: # Cache stats
   hGETS: 888 # GETS hits
   hGETX: 10 # GETX hits
   mGETS: 299 # GETS misses
   mGETXIM: 1113 # GETX I->M misses
   mGETXSM: 0 # GETX S->M misses (upgrade misses)
   PUTS: 0 # Clean evictions (from lower level)
   PUTX: 0 # Dirty evictions (from lower level)
   INV: 0 # Invalidates (from upper level)
   INVX: 0 # Downgrades (from upper level)
   FWD: 0 # Forwards (from upper level)
   latGETnl: 127080 # GET request latency on next level
   latGETnet: 0 # GET request latency on network to next level
 mem: # Memory controller stats
  mem-0: # Memory controller stats
   rd: 2844 # Read requests
   wr: 0 # Write requests
   rdlat: 603756 # Total latency experienced by read requests
   wrlat: 0 # Total latency experienced by write requests
   rdhits: 297 # Read row hits
   wrhits: 0 # Write row hits
   mlh: # latency histogram for memory requests
    0: 0
    1: 0
    2: 0
    3: 0
    4: 0
    5: 0
    6: 0
    7: 0
    8: 0
    9: 0
    10: 0
    11: 4
    12: 13
    13: 1610
    14: 224
    15: 94
    16: 98
    17: 44
    18: 60
    19: 39
    20: 40
    21: 37
    22: 37
    23: 25
    24: 33
    25: 24
    26: 26
    27: 16
    28: 18
    29: 13
    30: 12
    31: 7
    32: 16
    33: 8
    34: 6
    35: 0
    36: 4
    37: 5
    38: 5
    39: 5
    40: 7
    41: 9
    42: 7
    43: 2
    44: 2
    45: 5
    46: 2
    47: 10
    48: 7
    49: 6
    50: 7
    51: 8
    52: 5
    53: 7
    54: 6
    55: 2
    56: 7
    57: 3
    58: 3
    59: 7
    60: 5
    61: 12
    62: 10
    63: 6
    64: 4
    65: 5
    66: 4
    67: 8
    68: 3
    69: 1
    70: 9
    71: 9
    72: 12
    73: 15
    74: 11
    75: 9
    76: 9
    77: 7
    78: 3
    79: 6
    80: 5
    81: 4
    82: 6
    83: 3
    84: 3
    85: 6
    86: 2
    87: 6
    88: 8
    89: 3
    90: 6
    91: 0
    92: 3
    93: 1
    94: 0
    95: 0
    96: 0
    97: 1
    98: 0
    99: 4
  mem-1: # Memory controller stats
   rd: 2787 # Read requests
   wr: 0 # Write requests
   rdlat: 508208 # Total latency experienced by read requests
   wrlat: 0 # Total latency experienced by write requests
   rdhits: 279 # Read row hits
   wrhits: 0 # Write row hits
   mlh: # latency histogram for memory requests
    0: 0
    1: 0
    2: 0
    3: 0
    4: 0
    5: 0
    6: 0
    7: 0
    8: 0
    9: 0
    10: 0
    11: 18
    12: 25
    13: 1664
    14: 225
    15: 115
    16: 72
    17: 53
    18: 40
    19: 32
    20: 34
    21: 29
    22: 29
    23: 29
    24: 32
    25: 26
    26: 15
    27: 20
    28: 14
    29: 8
    30: 11
    31: 5
    32: 11
    33: 10
    34: 14
    35: 14
    36: 20
    37: 12
    38: 11
    39: 6
    40: 18
    41: 9
    42: 9
    43: 6
    44: 9
    45: 3
    46: 6
    47: 9
    48: 9
    49: 14
    50: 7
    51: 7
    52: 4
    53: 8
    54: 8
    55: 11
    56: 6
    57: 6
    58: 0
    59: 3
    60: 3
    61: 1
    62: 3
    63: 3
    64: 2
    65: 3
    66: 4
    67: 5
    68: 1
    69: 0
    70: 1
    71: 0
    72: 1
    73: 1
    74: 1
    75: 1
    76: 1
    77: 1
    78: 3
    79: 1
    80: 1
    81: 0
    82: 0
    83: 0
    84: 1
    85: 0
    86: 1
    87: 0
    88: 0
    89: 0
    90: 1
    91: 0
    92: 0
    93: 1
    94: 0
    95: 0
    96: 0
    97: 0
    98: 0
    99: 0
  mem-2: # Memory controller stats
   rd: 2795 # Read requests
   wr: 0 # Write requests
   rdlat: 588802 # Total latency experienced by read requests
   wrlat: 0 # Total latency experienced by write requests
   rdhits: 314 # Read row hits
   wrhits: 0 # Write row hits
   mlh: # latency histogram for memory requests
    0: 0
    1: 0
    2: 0
    3: 0
    4: 0
    5: 0
    6: 0
    7: 0
    8: 0
    9: 0
    10: 0
    11: 6
    12: 11
    13: 1587
    14: 212
    15: 102
    16: 83
    17: 59
    18: 43
    19: 33
    20: 37
    21: 36
    22: 31
    23: 33
    24: 48
    25: 30
    26: 27
    27: 25
    28: 14
    29: 10
    30: 11
    31: 11
    32: 6
    33: 6
    34: 6
    35: 6
    36: 1
    37: 2
    38: 5
    39: 2
    40: 0
    41: 5
    42: 7
    43: 10
    44: 3
    45: 7
    46: 10
    47: 8
    48: 8
    49: 8
    50: 2
    51: 4
    52: 8
    53: 12
    54: 3
    55: 5
    56: 5
    57: 3
    58: 4
    59: 4
    60: 6
    61: 6
    62: 10
    63: 7
    64: 3
    65: 12
    66: 6
    67: 8
    68: 6
    69: 5
    70: 10
    71: 9
    72: 4
    73: 7
    74: 6
    75: 2
    76: 1
    77: 9
    78: 7
    79: 6
    80: 6
    81: 8
    82: 8
    83: 6
    84: 2
    85: 5
    86: 9
    87: 7
    88: 7
    89: 2
    90: 0
    91: 0
    92: 1
    93: 1
    94: 1
    95: 1
    96: 0
    97: 2
    98: 0
    99: 0
  mem-3: # Memory controller stats
   rd: 2785 # Read requests
   wr: 0 # Write requests
   rdlat: 479485 # Total latency experienced by read requests
   wrlat: 0 # Total latency experienced by write requests
   rdhits: 262 # Read row hits
   wrhits: 0 # Write row hits
   mlh: # latency histogram for memory requests
    0: 0
    1: 0
    2: 0
    3: 0
    4: 0
    5: 0
    6: 0
    7: 0
    8: 0
    9: 0
    10: 0
    11: 7
    12: 26
    13: 1683
    14: 248
    15: 104
    16: 83
    17: 46
    18: 43
    19: 29
    20: 30
    21: 37
    22: 39
    23: 40
    24: 30
    25: 35
    26: 27
    27: 18
    28: 17
    29: 7
    30: 27
    31: 14
    32: 9
    33: 7
    34: 13
    35: 4
    36: 7
    37: 13
    38: 9
    39: 9
    40: 10
    41: 13
    42: 6
    43: 8
    44: 8
    45: 6
    46: 4
    47: 12
    48: 8
    49: 6
    50: 6
    51: 4
    52: 2
    53: 3
    54: 0
    55: 2
    56: 2
    57: 6
    58: 1
    59: 1
    60: 2
    61: 2
    62: 4
    63: 1
    64: 2
    65: 1
    66: 0
    67: 0
    68: 1
    69: 1
    70: 0
    71: 0
    72: 0
    73: 0
    74: 0
    75: 0
    76: 0
    77: 1
    78: 0
    79: 0
    80: 1
    81: 0
    82: 0
    83: 0
    84: 0
    85: 0
    86: 0
    87: 0
    88: 0
    89: 0
    90: 0
    91: 0
    92: 0
    93: 0
    94: 0
    95: 0
    96: 0
    97: 0
    98: 0
    99: 0
 sched: # Scheduler stats
  thCr: 9 # Threads created
  thFn: 0 # Threads finished
  schedEvs: 9 # Schedule events
  waitEvs: 1 # Wait events
  handoffEvs: 0 # Handoff events
  sleepEvs: 0 # Sleep events
  idlePhases: 0 # Phases with no thread active
  idlePeriods: 0 # Periods with no thread active
  occHist: # Occupancy histogram
   0: 0
   1: 0
   2: 1
   3: 0
   4: 0
   5: 0
   6: 0
   7: 0
   8: 40172
  rqSzHist: # Run queue size histogram
   0: 40172
   1: 1
   2: 0
   3: 0
   4: 0
   5: 0
   6: 0
   7: 0
   8: 0
   9: 0
   10: 0
   11: 0
   12: 0
   13: 0
   14: 0
   15: 0
   16: 0
 procCycles: # Per-process unhalted core cycles
  0: 3213780031
  1: 0
  2: 0
  3: 0
  4: 0
  5: 0
  6: 0
  7: 0
  8: 0
  9: 0
  10: 0
  11: 0
  12: 0
  13: 0
  14: 0
  15: 0
  16: 0
  17: 0
  18: 0
  19: 0
  20: 0
  21: 0
  22: 0
  23: 0
  24: 0
  25: 0
  26: 0
  27: 0
  28: 0
  29: 0
  30: 0
  31: 0
  32: 0
  33: 0
  34: 0
  35: 0
  36: 0
  37: 0
  38: 0
  39: 0
  40: 0
  41: 0
  42: 0
  43: 0
  44: 0
  45: 0
  46: 0
  47: 0
  48: 0
  49: 0
  50: 0
  51: 0
  52: 0
  53: 0
  54: 0
  55: 0
  56: 0
  57: 0
  58: 0
  59: 0
  60: 0
  61: 0
  62: 0
  63: 0
 procInstrs: # Per-process instructions
  0: 5000119294
  1: 0
  2: 0
  3: 0
  4: 0
  5: 0
  6: 0
  7: 0
  8: 0
  9: 0
  10: 0
  11: 0
  12: 0
  13: 0
  14: 0
  15: 0
  16: 0
  17: 0
  18: 0
  19: 0
  20: 0
  21: 0
  22: 0
  23: 0
  24: 0
  25: 0
  26: 0
  27: 0
  28: 0
  29: 0
  30: 0
  31: 0
  32: 0
  33: 0
  34: 0
  35: 0
  36: 0
  37: 0
  38: 0
  39: 0
  40: 0
  41: 0
  42: 0
  43: 0
  44: 0
  45: 0
  46: 0
  47: 0
  48: 0
  49: 0
  50: 0
  51: 0
  52: 0
  53: 0
  54: 0
  55: 0
  56: 0
  57: 0
  58: 0
  59: 0
  60: 0
  61: 0
  62: 0
  63: 0
 heartbeats: # Per-process heartbeats
  0: 0
  1: 0
  2: 0
  3: 0
  4: 0
  5: 0
  6: 0
  7: 0
  8: 0
  9: 0
  10: 0
  11: 0
  12: 0
  13: 0
  14: 0
  15: 0
  16: 0
  17: 0
  18: 0
  19: 0
  20: 0
  21: 0
  22: 0
  23: 0
  24: 0
  25: 0
  26: 0
  27: 0
  28: 0
  29: 0
  30: 0
  31: 0
  32: 0
  33: 0
  34: 0
  35: 0
  36: 0
  37: 0
  38: 0
  39: 0
  40: 0
  41: 0
  42: 0
  43: 0
  44: 0
  45: 0
  46: 0
  47: 0
  48: 0
  49: 0
  50: 0
  51: 0
  52: 0
  53: 0
  54: 0
  55: 0
  56: 0
  57: 0
  58: 0
  59: 0
  60: 0
  61: 0
  62: 0
  63: 0
===
