# zsim stats
===
root: # Stats
 contention: # Contention simulation stats
  domain-0: # Domain stats
   time: 191232652 # Weave simulation time
 time: # Simulator time breakdown
  init: 2788387773854
  bound: 11768180725
  weave: 251667935
  ff: 0
 trigger: 20000 # Reason for this stats dump
 phase: 6390 # Simulated phases
 westmere: # Core stats
  westmere-0: # Core stats
   cycles: 63900691 # Simulated unhalted cycles
   cCycles: 5562394 # Cycles due to contention stalls
   instrs: 100006230 # Simulated instructions
   uops: 142677722 # Retired micro-ops
   bbls: 4785581 # Basic blocks
   approxInstrs: 432 # Instrs with approx uop decoding
   mispredBranches: 23096 # Mispredicted branches
   condBranches: 4718271 # conditional branches
 l1i: # Cache stats
  l1i-0: # Filter cache stats
   fhGETS: 9440534 # Filtered GETS hits
   fhGETX: 0 # Filtered GETX hits
   hGETS: 20735 # GETS hits
   hGETX: 0 # GETX hits
   mGETS: 1900 # GETS misses
   mGETXIM: 0 # GETX I->M misses
   mGETXSM: 0 # GETX S->M misses (upgrade misses)
   PUTS: 0 # Clean evictions (from lower level)
   PUTX: 0 # Dirty evictions (from lower level)
   INV: 0 # Invalidates (from upper level)
   INVX: 0 # Downgrades (from upper level)
   FWD: 0 # Forwards (from upper level)
   latGETnl: 110530 # GET request latency on next level
   latGETnet: 0 # GET request latency on network to next level
 l1d: # Cache stats
  l1d-0: # Filter cache stats
   fhGETS: 27529173 # Filtered GETS hits
   fhGETX: 9109238 # Filtered GETX hits
   hGETS: 15302692 # GETS hits
   hGETX: 5945312 # GETX hits
   mGETS: 244087 # GETS misses
   mGETXIM: 291857 # GETX I->M misses
   mGETXSM: 0 # GETX S->M misses (upgrade misses)
   PUTS: 0 # Clean evictions (from lower level)
   PUTX: 0 # Dirty evictions (from lower level)
   INV: 0 # Invalidates (from upper level)
   INVX: 0 # Downgrades (from upper level)
   FWD: 0 # Forwards (from upper level)
   latGETnl: 25958922 # GET request latency on next level
   latGETnet: 0 # GET request latency on network to next level
 l2: # Cache stats
  l2-0: # Cache stats
   hGETS: 216505 # GETS hits
   hGETX: 1441 # GETX hits
   mGETS: 29482 # GETS misses
   mGETXIM: 290416 # GETX I->M misses
   mGETXSM: 0 # GETX S->M misses (upgrade misses)
   PUTS: 244288 # Clean evictions (from lower level)
   PUTX: 292609 # Dirty evictions (from lower level)
   INV: 0 # Invalidates (from upper level)
   INVX: 0 # Downgrades (from upper level)
   FWD: 0 # Forwards (from upper level)
   latGETnl: 20691012 # GET request latency on next level
   latGETnet: 0 # GET request latency on network to next level
 l3: # Cache stats
  l3-0: # Cache stats
   hGETS: 24518 # GETS hits
   hGETX: 150786 # GETX hits
   mGETS: 4964 # GETS misses
   mGETXIM: 139630 # GETX I->M misses
   mGETXSM: 0 # GETX S->M misses (upgrade misses)
   PUTS: 27200 # Clean evictions (from lower level)
   PUTX: 288602 # Dirty evictions (from lower level)
   INV: 0 # Invalidates (from upper level)
   INVX: 0 # Downgrades (from upper level)
   FWD: 0 # Forwards (from upper level)
   latGETnl: 13013460 # GET request latency on next level
   latGETnet: 0 # GET request latency on network to next level
 mem: # Memory controller stats
  mem-0: # Memory controller stats
   rd: 36114 # Read requests
   wr: 27310 # Write requests
   rdlat: 5546925 # Total latency experienced by read requests
   wrlat: 4144826 # Total latency experienced by write requests
   rdhits: 7 # Read row hits
   wrhits: 52 # Write row hits
   mlh: # latency histogram for memory requests
    0: 0
    1: 0
    2: 0
    3: 0
    4: 0
    5: 0
    6: 0
    7: 0
    8: 0
    9: 0
    10: 0
    11: 0
    12: 2
    13: 26765
    14: 2654
    15: 36
    16: 30
    17: 27
    18: 28
    19: 19
    20: 17
    21: 15
    22: 35
    23: 5906
    24: 35
    25: 58
    26: 29
    27: 39
    28: 19
    29: 24
    30: 25
    31: 25
    32: 27
    33: 10
    34: 18
    35: 19
    36: 18
    37: 15
    38: 17
    39: 18
    40: 25
    41: 31
    42: 27
    43: 9
    44: 5
    45: 5
    46: 2
    47: 36
    48: 9
    49: 6
    50: 6
    51: 8
    52: 12
    53: 3
    54: 0
    55: 0
    56: 0
    57: 0
    58: 0
    59: 0
    60: 0
    61: 0
    62: 0
    63: 0
    64: 0
    65: 0
    66: 0
    67: 0
    68: 0
    69: 0
    70: 0
    71: 0
    72: 0
    73: 0
    74: 0
    75: 0
    76: 0
    77: 0
    78: 0
    79: 0
    80: 0
    81: 0
    82: 0
    83: 0
    84: 0
    85: 0
    86: 0
    87: 0
    88: 0
    89: 0
    90: 0
    91: 0
    92: 0
    93: 0
    94: 0
    95: 0
    96: 0
    97: 0
    98: 0
    99: 0
  mem-1: # Memory controller stats
   rd: 36118 # Read requests
   wr: 27295 # Write requests
   rdlat: 5546240 # Total latency experienced by read requests
   wrlat: 4141216 # Total latency experienced by write requests
   rdhits: 4 # Read row hits
   wrhits: 60 # Write row hits
   mlh: # latency histogram for memory requests
    0: 0
    1: 0
    2: 0
    3: 0
    4: 0
    5: 0
    6: 0
    7: 0
    8: 0
    9: 0
    10: 0
    11: 1
    12: 0
    13: 26826
    14: 2648
    15: 40
    16: 23
    17: 13
    18: 14
    19: 15
    20: 11
    21: 18
    22: 37
    23: 5897
    24: 33
    25: 56
    26: 34
    27: 27
    28: 28
    29: 16
    30: 15
    31: 12
    32: 27
    33: 14
    34: 18
    35: 28
    36: 21
    37: 23
    38: 18
    39: 28
    40: 17
    41: 34
    42: 23
    43: 9
    44: 6
    45: 7
    46: 5
    47: 30
    48: 11
    49: 8
    50: 4
    51: 10
    52: 5
    53: 8
    54: 0
    55: 0
    56: 0
    57: 0
    58: 0
    59: 0
    60: 0
    61: 0
    62: 0
    63: 0
    64: 0
    65: 0
    66: 0
    67: 0
    68: 0
    69: 0
    70: 0
    71: 0
    72: 0
    73: 0
    74: 0
    75: 0
    76: 0
    77: 0
    78: 0
    79: 0
    80: 0
    81: 0
    82: 0
    83: 0
    84: 0
    85: 0
    86: 0
    87: 0
    88: 0
    89: 0
    90: 0
    91: 0
    92: 0
    93: 0
    94: 0
    95: 0
    96: 0
    97: 0
    98: 0
    99: 0
  mem-2: # Memory controller stats
   rd: 36175 # Read requests
   wr: 27384 # Write requests
   rdlat: 5551073 # Total latency experienced by read requests
   wrlat: 4152248 # Total latency experienced by write requests
   rdhits: 4 # Read row hits
   wrhits: 50 # Write row hits
   mlh: # latency histogram for memory requests
    0: 0
    1: 0
    2: 0
    3: 0
    4: 0
    5: 0
    6: 0
    7: 0
    8: 0
    9: 0
    10: 0
    11: 0
    12: 0
    13: 26803
    14: 2678
    15: 28
    16: 17
    17: 13
    18: 15
    19: 17
    20: 34
    21: 12
    22: 27
    23: 6011
    24: 39
    25: 54
    26: 28
    27: 26
    28: 15
    29: 21
    30: 14
    31: 17
    32: 18
    33: 20
    34: 19
    35: 19
    36: 11
    37: 17
    38: 11
    39: 19
    40: 27
    41: 30
    42: 25
    43: 16
    44: 3
    45: 5
    46: 7
    47: 29
    48: 5
    49: 2
    50: 3
    51: 3
    52: 11
    53: 6
    54: 0
    55: 0
    56: 0
    57: 0
    58: 0
    59: 0
    60: 0
    61: 0
    62: 0
    63: 0
    64: 0
    65: 0
    66: 0
    67: 0
    68: 0
    69: 0
    70: 0
    71: 0
    72: 0
    73: 0
    74: 0
    75: 0
    76: 0
    77: 0
    78: 0
    79: 0
    80: 0
    81: 0
    82: 0
    83: 0
    84: 0
    85: 0
    86: 0
    87: 0
    88: 0
    89: 0
    90: 0
    91: 0
    92: 0
    93: 0
    94: 0
    95: 0
    96: 0
    97: 0
    98: 0
    99: 0
  mem-3: # Memory controller stats
   rd: 36185 # Read requests
   wr: 27397 # Write requests
   rdlat: 5547339 # Total latency experienced by read requests
   wrlat: 4168722 # Total latency experienced by write requests
   rdhits: 5 # Read row hits
   wrhits: 58 # Write row hits
   mlh: # latency histogram for memory requests
    0: 0
    1: 0
    2: 0
    3: 0
    4: 0
    5: 0
    6: 0
    7: 0
    8: 0
    9: 0
    10: 0
    11: 0
    12: 1
    13: 26884
    14: 2664
    15: 41
    16: 29
    17: 6
    18: 9
    19: 16
    20: 9
    21: 13
    22: 26
    23: 5957
    24: 34
    25: 52
    26: 24
    27: 25
    28: 25
    29: 24
    30: 19
    31: 25
    32: 19
    33: 16
    34: 14
    35: 20
    36: 9
    37: 16
    38: 26
    39: 24
    40: 23
    41: 27
    42: 14
    43: 9
    44: 3
    45: 5
    46: 5
    47: 25
    48: 11
    49: 10
    50: 8
    51: 5
    52: 10
    53: 3
    54: 0
    55: 0
    56: 0
    57: 0
    58: 0
    59: 0
    60: 0
    61: 0
    62: 0
    63: 0
    64: 0
    65: 0
    66: 0
    67: 0
    68: 0
    69: 0
    70: 0
    71: 0
    72: 0
    73: 0
    74: 0
    75: 0
    76: 0
    77: 0
    78: 0
    79: 0
    80: 0
    81: 0
    82: 0
    83: 0
    84: 0
    85: 0
    86: 0
    87: 0
    88: 0
    89: 0
    90: 0
    91: 0
    92: 0
    93: 0
    94: 0
    95: 0
    96: 0
    97: 0
    98: 0
    99: 0
 sched: # Scheduler stats
  thCr: 1 # Threads created
  thFn: 1 # Threads finished
  schedEvs: 1 # Schedule events
  waitEvs: 0 # Wait events
  handoffEvs: 0 # Handoff events
  sleepEvs: 0 # Sleep events
  idlePhases: 0 # Phases with no thread active
  idlePeriods: 0 # Periods with no thread active
  occHist: # Occupancy histogram
   0: 0
   1: 6390
  rqSzHist: # Run queue size histogram
   0: 6390
   1: 0
   2: 0
   3: 0
   4: 0
   5: 0
   6: 0
   7: 0
   8: 0
   9: 0
   10: 0
   11: 0
   12: 0
   13: 0
   14: 0
   15: 0
   16: 0
 procCycles: # Per-process unhalted core cycles
  0: 63900691
  1: 0
  2: 0
  3: 0
  4: 0
  5: 0
  6: 0
  7: 0
  8: 0
  9: 0
  10: 0
  11: 0
  12: 0
  13: 0
  14: 0
  15: 0
  16: 0
  17: 0
  18: 0
  19: 0
  20: 0
  21: 0
  22: 0
  23: 0
  24: 0
  25: 0
  26: 0
  27: 0
  28: 0
  29: 0
  30: 0
  31: 0
  32: 0
  33: 0
  34: 0
  35: 0
  36: 0
  37: 0
  38: 0
  39: 0
  40: 0
  41: 0
  42: 0
  43: 0
  44: 0
  45: 0
  46: 0
  47: 0
  48: 0
  49: 0
  50: 0
  51: 0
  52: 0
  53: 0
  54: 0
  55: 0
  56: 0
  57: 0
  58: 0
  59: 0
  60: 0
  61: 0
  62: 0
  63: 0
 procInstrs: # Per-process instructions
  0: 100006230
  1: 0
  2: 0
  3: 0
  4: 0
  5: 0
  6: 0
  7: 0
  8: 0
  9: 0
  10: 0
  11: 0
  12: 0
  13: 0
  14: 0
  15: 0
  16: 0
  17: 0
  18: 0
  19: 0
  20: 0
  21: 0
  22: 0
  23: 0
  24: 0
  25: 0
  26: 0
  27: 0
  28: 0
  29: 0
  30: 0
  31: 0
  32: 0
  33: 0
  34: 0
  35: 0
  36: 0
  37: 0
  38: 0
  39: 0
  40: 0
  41: 0
  42: 0
  43: 0
  44: 0
  45: 0
  46: 0
  47: 0
  48: 0
  49: 0
  50: 0
  51: 0
  52: 0
  53: 0
  54: 0
  55: 0
  56: 0
  57: 0
  58: 0
  59: 0
  60: 0
  61: 0
  62: 0
  63: 0
 heartbeats: # Per-process heartbeats
  0: 0
  1: 0
  2: 0
  3: 0
  4: 0
  5: 0
  6: 0
  7: 0
  8: 0
  9: 0
  10: 0
  11: 0
  12: 0
  13: 0
  14: 0
  15: 0
  16: 0
  17: 0
  18: 0
  19: 0
  20: 0
  21: 0
  22: 0
  23: 0
  24: 0
  25: 0
  26: 0
  27: 0
  28: 0
  29: 0
  30: 0
  31: 0
  32: 0
  33: 0
  34: 0
  35: 0
  36: 0
  37: 0
  38: 0
  39: 0
  40: 0
  41: 0
  42: 0
  43: 0
  44: 0
  45: 0
  46: 0
  47: 0
  48: 0
  49: 0
  50: 0
  51: 0
  52: 0
  53: 0
  54: 0
  55: 0
  56: 0
  57: 0
  58: 0
  59: 0
  60: 0
  61: 0
  62: 0
  63: 0
===
