# zsim stats
===
root: # Stats
 contention: # Contention simulation stats
  domain-0: # Domain stats
   time: 6908518963 # Weave simulation time
 time: # Simulator time breakdown
  init: 360063695530
  bound: 23591085555
  weave: 7487302045
  ff: 0
 trigger: 20000 # Reason for this stats dump
 phase: 63046 # Simulated phases
 westmere: # Core stats
  westmere-0: # Core stats
   cycles: 630462706 # Simulated unhalted cycles
   cCycles: 142223387 # Cycles due to contention stalls
   instrs: 100000043 # Simulated instructions
   uops: 101912191 # Retired micro-ops
   bbls: 27652515 # Basic blocks
   approxInstrs: 22402 # Instrs with approx uop decoding
   mispredBranches: 1591220 # Mispredicted branches
   condBranches: 25800820 # conditional branches
 l1i: # Cache stats
  l1i-0: # Filter cache stats
   fhGETS: 35448388 # Filtered GETS hits
   fhGETX: 0 # Filtered GETX hits
   hGETS: 0 # GETS hits
   hGETX: 0 # GETX hits
   mGETS: 6612 # GETS misses
   mGETXIM: 0 # GETX I->M misses
   mGETXSM: 0 # GETX S->M misses (upgrade misses)
   PUTS: 0 # Clean evictions (from lower level)
   PUTX: 0 # Dirty evictions (from lower level)
   INV: 6602 # Invalidates (from upper level)
   INVX: 0 # Downgrades (from upper level)
   FWD: 0 # Forwards (from upper level)
   latGETnl: 819888 # GET request latency on next level
   latGETnet: 0 # GET request latency on network to next level
 l1d: # Cache stats
  l1d-0: # Filter cache stats
   fhGETS: 22281044 # Filtered GETS hits
   fhGETX: 2288794 # Filtered GETX hits
   hGETS: 1837467 # GETS hits
   hGETX: 3240391 # GETX hits
   mGETS: 12458035 # GETS misses
   mGETXIM: 261969 # GETX I->M misses
   mGETXSM: 0 # GETX S->M misses (upgrade misses)
   PUTS: 0 # Clean evictions (from lower level)
   PUTX: 0 # Dirty evictions (from lower level)
   INV: 1400 # Invalidates (from upper level)
   INVX: 0 # Downgrades (from upper level)
   FWD: 0 # Forwards (from upper level)
   latGETnl: 1063841356 # GET request latency on next level
   latGETnet: 0 # GET request latency on network to next level
 l2: # Cache stats
  l2-0: # Cache stats
   hGETS: 2415389 # GETS hits
   hGETX: 88611 # GETX hits
   mGETS: 10049258 # GETS misses
   mGETXIM: 173358 # GETX I->M misses
   mGETXSM: 0 # GETX S->M misses (upgrade misses)
   PUTS: 9459562 # Clean evictions (from lower level)
   PUTX: 3258530 # Dirty evictions (from lower level)
   INV: 10137 # Invalidates (from upper level)
   INVX: 0 # Downgrades (from upper level)
   FWD: 0 # Forwards (from upper level)
   latGETnl: 937395084 # GET request latency on next level
   latGETnet: 0 # GET request latency on network to next level
 l3: # Cache stats
  l3-0: # Cache stats
   hGETS: 2474336 # GETS hits
   hGETX: 58810 # GETX hits
   mGETS: 7574922 # GETS misses
   mGETXIM: 114548 # GETX I->M misses
   mGETXSM: 0 # GETX S->M misses (upgrade misses)
   PUTS: 7436907 # Clean evictions (from lower level)
   PUTX: 2771476 # Dirty evictions (from lower level)
   INV: 0 # Invalidates (from upper level)
   INVX: 0 # Downgrades (from upper level)
   FWD: 0 # Forwards (from upper level)
   latGETnl: 692052300 # GET request latency on next level
   latGETnet: 0 # GET request latency on network to next level
 mem: # Memory controller stats
  mem-0: # Memory controller stats
   rd: 1920366 # Read requests
   wr: 618770 # Write requests
   rdlat: 261487608 # Total latency experienced by read requests
   wrlat: 89976450 # Total latency experienced by write requests
   rdhits: 1865 # Read row hits
   wrhits: 1843 # Write row hits
   mlh: # latency histogram for memory requests
    0: 0
    1: 0
    2: 0
    3: 0
    4: 0
    5: 0
    6: 0
    7: 0
    8: 0
    9: 0
    10: 0
    11: 229
    12: 320
    13: 1692394
    14: 132666
    15: 48203
    16: 13855
    17: 2590
    18: 893
    19: 908
    20: 1162
    21: 1354
    22: 901
    23: 1288
    24: 2876
    25: 1660
    26: 502
    27: 569
    28: 672
    29: 724
    30: 1036
    31: 1327
    32: 1153
    33: 1080
    34: 1218
    35: 1332
    36: 1264
    37: 1256
    38: 1100
    39: 1106
    40: 1094
    41: 1031
    42: 1032
    43: 496
    44: 260
    45: 200
    46: 143
    47: 236
    48: 140
    49: 54
    50: 13
    51: 9
    52: 11
    53: 5
    54: 3
    55: 0
    56: 0
    57: 1
    58: 0
    59: 0
    60: 0
    61: 0
    62: 0
    63: 0
    64: 0
    65: 0
    66: 0
    67: 0
    68: 0
    69: 0
    70: 0
    71: 0
    72: 0
    73: 0
    74: 0
    75: 0
    76: 0
    77: 0
    78: 0
    79: 0
    80: 0
    81: 0
    82: 0
    83: 0
    84: 0
    85: 0
    86: 0
    87: 0
    88: 0
    89: 0
    90: 0
    91: 0
    92: 0
    93: 0
    94: 0
    95: 0
    96: 0
    97: 0
    98: 0
    99: 0
  mem-1: # Memory controller stats
   rd: 1918813 # Read requests
   wr: 618494 # Write requests
   rdlat: 261267176 # Total latency experienced by read requests
   wrlat: 89997850 # Total latency experienced by write requests
   rdhits: 1837 # Read row hits
   wrhits: 1953 # Write row hits
   mlh: # latency histogram for memory requests
    0: 0
    1: 0
    2: 0
    3: 0
    4: 0
    5: 0
    6: 0
    7: 0
    8: 0
    9: 0
    10: 0
    11: 223
    12: 406
    13: 1691339
    14: 132186
    15: 48148
    16: 14207
    17: 2393
    18: 879
    19: 895
    20: 1159
    21: 1219
    22: 882
    23: 1130
    24: 2843
    25: 1883
    26: 508
    27: 611
    28: 598
    29: 668
    30: 1068
    31: 1329
    32: 1087
    33: 1111
    34: 1220
    35: 1329
    36: 1328
    37: 1215
    38: 1155
    39: 1075
    40: 1062
    41: 1082
    42: 1057
    43: 496
    44: 246
    45: 189
    46: 118
    47: 229
    48: 148
    49: 49
    50: 10
    51: 8
    52: 7
    53: 7
    54: 8
    55: 2
    56: 0
    57: 0
    58: 1
    59: 0
    60: 0
    61: 0
    62: 0
    63: 0
    64: 0
    65: 0
    66: 0
    67: 0
    68: 0
    69: 0
    70: 0
    71: 0
    72: 0
    73: 0
    74: 0
    75: 0
    76: 0
    77: 0
    78: 0
    79: 0
    80: 0
    81: 0
    82: 0
    83: 0
    84: 0
    85: 0
    86: 0
    87: 0
    88: 0
    89: 0
    90: 0
    91: 0
    92: 0
    93: 0
    94: 0
    95: 0
    96: 0
    97: 0
    98: 0
    99: 0
  mem-2: # Memory controller stats
   rd: 1936853 # Read requests
   wr: 617743 # Write requests
   rdlat: 263810762 # Total latency experienced by read requests
   wrlat: 90062218 # Total latency experienced by write requests
   rdhits: 1910 # Read row hits
   wrhits: 1999 # Write row hits
   mlh: # latency histogram for memory requests
    0: 0
    1: 0
    2: 0
    3: 0
    4: 0
    5: 0
    6: 0
    7: 0
    8: 0
    9: 0
    10: 0
    11: 234
    12: 508
    13: 1702175
    14: 138587
    15: 49025
    16: 13070
    17: 2206
    18: 909
    19: 934
    20: 1148
    21: 1441
    22: 882
    23: 1350
    24: 3266
    25: 1913
    26: 533
    27: 612
    28: 654
    29: 717
    30: 1060
    31: 1384
    32: 1116
    33: 1113
    34: 1281
    35: 1273
    36: 1289
    37: 1193
    38: 1078
    39: 1131
    40: 1006
    41: 1050
    42: 1169
    43: 507
    44: 236
    45: 200
    46: 126
    47: 248
    48: 147
    49: 43
    50: 13
    51: 3
    52: 11
    53: 5
    54: 4
    55: 2
    56: 0
    57: 0
    58: 1
    59: 0
    60: 0
    61: 0
    62: 0
    63: 0
    64: 0
    65: 0
    66: 0
    67: 0
    68: 0
    69: 0
    70: 0
    71: 0
    72: 0
    73: 0
    74: 0
    75: 0
    76: 0
    77: 0
    78: 0
    79: 0
    80: 0
    81: 0
    82: 0
    83: 0
    84: 0
    85: 0
    86: 0
    87: 0
    88: 0
    89: 0
    90: 0
    91: 0
    92: 0
    93: 0
    94: 0
    95: 0
    96: 0
    97: 0
    98: 0
    99: 0
  mem-3: # Memory controller stats
   rd: 1913382 # Read requests
   wr: 617547 # Write requests
   rdlat: 260538310 # Total latency experienced by read requests
   wrlat: 89841503 # Total latency experienced by write requests
   rdhits: 1937 # Read row hits
   wrhits: 1940 # Write row hits
   mlh: # latency histogram for memory requests
    0: 0
    1: 0
    2: 0
    3: 0
    4: 0
    5: 0
    6: 0
    7: 0
    8: 0
    9: 0
    10: 0
    11: 295
    12: 382
    13: 1685622
    14: 131881
    15: 48223
    16: 14647
    17: 2284
    18: 903
    19: 907
    20: 1202
    21: 1258
    22: 924
    23: 1114
    24: 3225
    25: 1687
    26: 470
    27: 585
    28: 653
    29: 744
    30: 1071
    31: 1281
    32: 1076
    33: 1047
    34: 1237
    35: 1310
    36: 1271
    37: 1132
    38: 1140
    39: 1119
    40: 1070
    41: 1041
    42: 1061
    43: 524
    44: 271
    45: 176
    46: 124
    47: 225
    48: 116
    49: 42
    50: 15
    51: 10
    52: 11
    53: 4
    54: 1
    55: 0
    56: 0
    57: 0
    58: 0
    59: 1
    60: 0
    61: 0
    62: 0
    63: 0
    64: 0
    65: 0
    66: 0
    67: 0
    68: 0
    69: 0
    70: 0
    71: 0
    72: 0
    73: 0
    74: 0
    75: 0
    76: 0
    77: 0
    78: 0
    79: 0
    80: 0
    81: 0
    82: 0
    83: 0
    84: 0
    85: 0
    86: 0
    87: 0
    88: 0
    89: 0
    90: 0
    91: 0
    92: 0
    93: 0
    94: 0
    95: 0
    96: 0
    97: 0
    98: 0
    99: 0
 sched: # Scheduler stats
  thCr: 1 # Threads created
  thFn: 1 # Threads finished
  schedEvs: 1 # Schedule events
  waitEvs: 0 # Wait events
  handoffEvs: 0 # Handoff events
  sleepEvs: 0 # Sleep events
  idlePhases: 0 # Phases with no thread active
  idlePeriods: 0 # Periods with no thread active
  occHist: # Occupancy histogram
   0: 0
   1: 63046
  rqSzHist: # Run queue size histogram
   0: 63046
   1: 0
   2: 0
   3: 0
   4: 0
   5: 0
   6: 0
   7: 0
   8: 0
   9: 0
   10: 0
   11: 0
   12: 0
   13: 0
   14: 0
   15: 0
   16: 0
 procCycles: # Per-process unhalted core cycles
  0: 630462706
  1: 0
  2: 0
  3: 0
  4: 0
  5: 0
  6: 0
  7: 0
  8: 0
  9: 0
  10: 0
  11: 0
  12: 0
  13: 0
  14: 0
  15: 0
  16: 0
  17: 0
  18: 0
  19: 0
  20: 0
  21: 0
  22: 0
  23: 0
  24: 0
  25: 0
  26: 0
  27: 0
  28: 0
  29: 0
  30: 0
  31: 0
  32: 0
  33: 0
  34: 0
  35: 0
  36: 0
  37: 0
  38: 0
  39: 0
  40: 0
  41: 0
  42: 0
  43: 0
  44: 0
  45: 0
  46: 0
  47: 0
  48: 0
  49: 0
  50: 0
  51: 0
  52: 0
  53: 0
  54: 0
  55: 0
  56: 0
  57: 0
  58: 0
  59: 0
  60: 0
  61: 0
  62: 0
  63: 0
 procInstrs: # Per-process instructions
  0: 100000043
  1: 0
  2: 0
  3: 0
  4: 0
  5: 0
  6: 0
  7: 0
  8: 0
  9: 0
  10: 0
  11: 0
  12: 0
  13: 0
  14: 0
  15: 0
  16: 0
  17: 0
  18: 0
  19: 0
  20: 0
  21: 0
  22: 0
  23: 0
  24: 0
  25: 0
  26: 0
  27: 0
  28: 0
  29: 0
  30: 0
  31: 0
  32: 0
  33: 0
  34: 0
  35: 0
  36: 0
  37: 0
  38: 0
  39: 0
  40: 0
  41: 0
  42: 0
  43: 0
  44: 0
  45: 0
  46: 0
  47: 0
  48: 0
  49: 0
  50: 0
  51: 0
  52: 0
  53: 0
  54: 0
  55: 0
  56: 0
  57: 0
  58: 0
  59: 0
  60: 0
  61: 0
  62: 0
  63: 0
 heartbeats: # Per-process heartbeats
  0: 0
  1: 0
  2: 0
  3: 0
  4: 0
  5: 0
  6: 0
  7: 0
  8: 0
  9: 0
  10: 0
  11: 0
  12: 0
  13: 0
  14: 0
  15: 0
  16: 0
  17: 0
  18: 0
  19: 0
  20: 0
  21: 0
  22: 0
  23: 0
  24: 0
  25: 0
  26: 0
  27: 0
  28: 0
  29: 0
  30: 0
  31: 0
  32: 0
  33: 0
  34: 0
  35: 0
  36: 0
  37: 0
  38: 0
  39: 0
  40: 0
  41: 0
  42: 0
  43: 0
  44: 0
  45: 0
  46: 0
  47: 0
  48: 0
  49: 0
  50: 0
  51: 0
  52: 0
  53: 0
  54: 0
  55: 0
  56: 0
  57: 0
  58: 0
  59: 0
  60: 0
  61: 0
  62: 0
  63: 0
===
