# zsim stats
===
root: # Stats
 contention: # Contention simulation stats
  domain-0: # Domain stats
   time: 163232166 # Weave simulation time
 time: # Simulator time breakdown
  init: 2786498906216
  bound: 9972550453
  weave: 225677669
  ff: 0
 trigger: 20000 # Reason for this stats dump
 phase: 6312 # Simulated phases
 westmere: # Core stats
  westmere-0: # Core stats
   cycles: 63120670 # Simulated unhalted cycles
   cCycles: 5206814 # Cycles due to contention stalls
   instrs: 100015097 # Simulated instructions
   uops: 142690010 # Retired micro-ops
   bbls: 4786122 # Basic blocks
   approxInstrs: 432 # Instrs with approx uop decoding
   mispredBranches: 23099 # Mispredicted branches
   condBranches: 4718811 # conditional branches
 l1i: # Cache stats
  l1i-0: # Filter cache stats
   fhGETS: 9441428 # Filtered GETS hits
   fhGETX: 0 # Filtered GETX hits
   hGETS: 20733 # GETS hits
   hGETX: 0 # GETX hits
   mGETS: 1898 # GETS misses
   mGETXIM: 0 # GETX I->M misses
   mGETXSM: 0 # GETX S->M misses (upgrade misses)
   PUTS: 0 # Clean evictions (from lower level)
   PUTX: 0 # Dirty evictions (from lower level)
   INV: 0 # Invalidates (from upper level)
   INVX: 0 # Downgrades (from upper level)
   FWD: 0 # Forwards (from upper level)
   latGETnl: 108866 # GET request latency on next level
   latGETnet: 0 # GET request latency on network to next level
 l1d: # Cache stats
  l1d-0: # Filter cache stats
   fhGETS: 27531622 # Filtered GETS hits
   fhGETX: 9109944 # Filtered GETX hits
   hGETS: 15303872 # GETS hits
   hGETX: 5945746 # GETX hits
   mGETS: 244107 # GETS misses
   mGETXIM: 291881 # GETX I->M misses
   mGETXSM: 0 # GETX S->M misses (upgrade misses)
   PUTS: 0 # Clean evictions (from lower level)
   PUTX: 0 # Dirty evictions (from lower level)
   INV: 0 # Invalidates (from upper level)
   INVX: 0 # Downgrades (from upper level)
   FWD: 0 # Forwards (from upper level)
   latGETnl: 25243424 # GET request latency on next level
   latGETnet: 0 # GET request latency on network to next level
 l2: # Cache stats
  l2-0: # Cache stats
   hGETS: 216525 # GETS hits
   hGETX: 1441 # GETX hits
   mGETS: 29480 # GETS misses
   mGETXIM: 290440 # GETX I->M misses
   mGETXSM: 0 # GETX S->M misses (upgrade misses)
   PUTS: 244289 # Clean evictions (from lower level)
   PUTX: 292650 # Dirty evictions (from lower level)
   INV: 0 # Invalidates (from upper level)
   INVX: 0 # Downgrades (from upper level)
   FWD: 0 # Forwards (from upper level)
   latGETnl: 19973430 # GET request latency on next level
   latGETnet: 0 # GET request latency on network to next level
 l3: # Cache stats
  l3-0: # Cache stats
   hGETS: 24911 # GETS hits
   hGETX: 158394 # GETX hits
   mGETS: 4569 # GETS misses
   mGETXIM: 132046 # GETX I->M misses
   mGETXSM: 0 # GETX S->M misses (upgrade misses)
   PUTS: 27198 # Clean evictions (from lower level)
   PUTX: 288626 # Dirty evictions (from lower level)
   INV: 0 # Invalidates (from upper level)
   INVX: 0 # Downgrades (from upper level)
   FWD: 0 # Forwards (from upper level)
   latGETnl: 12295350 # GET request latency on next level
   latGETnet: 0 # GET request latency on network to next level
 mem: # Memory controller stats
  mem-0: # Memory controller stats
   rd: 34117 # Read requests
   wr: 25398 # Write requests
   rdlat: 5250621 # Total latency experienced by read requests
   wrlat: 3852356 # Total latency experienced by write requests
   rdhits: 6 # Read row hits
   wrhits: 50 # Write row hits
   mlh: # latency histogram for memory requests
    0: 0
    1: 0
    2: 0
    3: 0
    4: 0
    5: 0
    6: 0
    7: 0
    8: 0
    9: 0
    10: 0
    11: 0
    12: 1
    13: 25090
    14: 2637
    15: 36
    16: 28
    17: 20
    18: 29
    19: 18
    20: 16
    21: 12
    22: 34
    23: 5639
    24: 35
    25: 62
    26: 30
    27: 34
    28: 23
    29: 14
    30: 21
    31: 20
    32: 27
    33: 10
    34: 18
    35: 17
    36: 19
    37: 12
    38: 20
    39: 21
    40: 28
    41: 20
    42: 23
    43: 9
    44: 5
    45: 4
    46: 6
    47: 37
    48: 10
    49: 7
    50: 9
    51: 4
    52: 10
    53: 2
    54: 0
    55: 0
    56: 0
    57: 0
    58: 0
    59: 0
    60: 0
    61: 0
    62: 0
    63: 0
    64: 0
    65: 0
    66: 0
    67: 0
    68: 0
    69: 0
    70: 0
    71: 0
    72: 0
    73: 0
    74: 0
    75: 0
    76: 0
    77: 0
    78: 0
    79: 0
    80: 0
    81: 0
    82: 0
    83: 0
    84: 0
    85: 0
    86: 0
    87: 0
    88: 0
    89: 0
    90: 0
    91: 0
    92: 0
    93: 0
    94: 0
    95: 0
    96: 0
    97: 0
    98: 0
    99: 0
  mem-1: # Memory controller stats
   rd: 34135 # Read requests
   wr: 25448 # Write requests
   rdlat: 5243085 # Total latency experienced by read requests
   wrlat: 3865586 # Total latency experienced by write requests
   rdhits: 5 # Read row hits
   wrhits: 58 # Write row hits
   mlh: # latency histogram for memory requests
    0: 0
    1: 0
    2: 0
    3: 0
    4: 0
    5: 0
    6: 0
    7: 0
    8: 0
    9: 0
    10: 0
    11: 1
    12: 1
    13: 25168
    14: 2647
    15: 37
    16: 23
    17: 8
    18: 11
    19: 21
    20: 12
    21: 18
    22: 39
    23: 5635
    24: 30
    25: 55
    26: 31
    27: 18
    28: 29
    29: 13
    30: 17
    31: 21
    32: 29
    33: 15
    34: 20
    35: 22
    36: 18
    37: 14
    38: 17
    39: 18
    40: 12
    41: 21
    42: 19
    43: 9
    44: 6
    45: 3
    46: 3
    47: 33
    48: 7
    49: 8
    50: 4
    51: 7
    52: 7
    53: 8
    54: 0
    55: 0
    56: 0
    57: 0
    58: 0
    59: 0
    60: 0
    61: 0
    62: 0
    63: 0
    64: 0
    65: 0
    66: 0
    67: 0
    68: 0
    69: 0
    70: 0
    71: 0
    72: 0
    73: 0
    74: 0
    75: 0
    76: 0
    77: 0
    78: 0
    79: 0
    80: 0
    81: 0
    82: 0
    83: 0
    84: 0
    85: 0
    86: 0
    87: 0
    88: 0
    89: 0
    90: 0
    91: 0
    92: 0
    93: 0
    94: 0
    95: 0
    96: 0
    97: 0
    98: 0
    99: 0
  mem-2: # Memory controller stats
   rd: 34185 # Read requests
   wr: 25489 # Write requests
   rdlat: 5263059 # Total latency experienced by read requests
   wrlat: 3871296 # Total latency experienced by write requests
   rdhits: 3 # Read row hits
   wrhits: 65 # Write row hits
   mlh: # latency histogram for memory requests
    0: 0
    1: 0
    2: 0
    3: 0
    4: 0
    5: 0
    6: 0
    7: 0
    8: 0
    9: 0
    10: 0
    11: 0
    12: 0
    13: 25143
    14: 2663
    15: 27
    16: 22
    17: 20
    18: 12
    19: 14
    20: 24
    21: 13
    22: 29
    23: 5677
    24: 27
    25: 52
    26: 25
    27: 30
    28: 21
    29: 11
    30: 17
    31: 21
    32: 13
    33: 17
    34: 22
    35: 19
    36: 18
    37: 25
    38: 17
    39: 20
    40: 32
    41: 32
    42: 20
    43: 10
    44: 4
    45: 3
    46: 9
    47: 35
    48: 8
    49: 7
    50: 9
    51: 9
    52: 6
    53: 2
    54: 0
    55: 0
    56: 0
    57: 0
    58: 0
    59: 0
    60: 0
    61: 0
    62: 0
    63: 0
    64: 0
    65: 0
    66: 0
    67: 0
    68: 0
    69: 0
    70: 0
    71: 0
    72: 0
    73: 0
    74: 0
    75: 0
    76: 0
    77: 0
    78: 0
    79: 0
    80: 0
    81: 0
    82: 0
    83: 0
    84: 0
    85: 0
    86: 0
    87: 0
    88: 0
    89: 0
    90: 0
    91: 0
    92: 0
    93: 0
    94: 0
    95: 0
    96: 0
    97: 0
    98: 0
    99: 0
  mem-3: # Memory controller stats
   rd: 34174 # Read requests
   wr: 25471 # Write requests
   rdlat: 5237849 # Total latency experienced by read requests
   wrlat: 3874088 # Total latency experienced by write requests
   rdhits: 5 # Read row hits
   wrhits: 61 # Write row hits
   mlh: # latency histogram for memory requests
    0: 0
    1: 0
    2: 0
    3: 0
    4: 0
    5: 0
    6: 0
    7: 0
    8: 0
    9: 0
    10: 0
    11: 0
    12: 1
    13: 25228
    14: 2656
    15: 41
    16: 22
    17: 10
    18: 12
    19: 19
    20: 8
    21: 10
    22: 30
    23: 5677
    24: 37
    25: 49
    26: 18
    27: 23
    28: 24
    29: 21
    30: 19
    31: 17
    32: 18
    33: 9
    34: 12
    35: 21
    36: 3
    37: 11
    38: 20
    39: 20
    40: 16
    41: 23
    42: 20
    43: 6
    44: 3
    45: 6
    46: 1
    47: 26
    48: 7
    49: 5
    50: 8
    51: 6
    52: 9
    53: 2
    54: 0
    55: 0
    56: 0
    57: 0
    58: 0
    59: 0
    60: 0
    61: 0
    62: 0
    63: 0
    64: 0
    65: 0
    66: 0
    67: 0
    68: 0
    69: 0
    70: 0
    71: 0
    72: 0
    73: 0
    74: 0
    75: 0
    76: 0
    77: 0
    78: 0
    79: 0
    80: 0
    81: 0
    82: 0
    83: 0
    84: 0
    85: 0
    86: 0
    87: 0
    88: 0
    89: 0
    90: 0
    91: 0
    92: 0
    93: 0
    94: 0
    95: 0
    96: 0
    97: 0
    98: 0
    99: 0
 sched: # Scheduler stats
  thCr: 1 # Threads created
  thFn: 1 # Threads finished
  schedEvs: 1 # Schedule events
  waitEvs: 0 # Wait events
  handoffEvs: 0 # Handoff events
  sleepEvs: 0 # Sleep events
  idlePhases: 0 # Phases with no thread active
  idlePeriods: 0 # Periods with no thread active
  occHist: # Occupancy histogram
   0: 0
   1: 6312
  rqSzHist: # Run queue size histogram
   0: 6312
   1: 0
   2: 0
   3: 0
   4: 0
   5: 0
   6: 0
   7: 0
   8: 0
   9: 0
   10: 0
   11: 0
   12: 0
   13: 0
   14: 0
   15: 0
   16: 0
 procCycles: # Per-process unhalted core cycles
  0: 63120670
  1: 0
  2: 0
  3: 0
  4: 0
  5: 0
  6: 0
  7: 0
  8: 0
  9: 0
  10: 0
  11: 0
  12: 0
  13: 0
  14: 0
  15: 0
  16: 0
  17: 0
  18: 0
  19: 0
  20: 0
  21: 0
  22: 0
  23: 0
  24: 0
  25: 0
  26: 0
  27: 0
  28: 0
  29: 0
  30: 0
  31: 0
  32: 0
  33: 0
  34: 0
  35: 0
  36: 0
  37: 0
  38: 0
  39: 0
  40: 0
  41: 0
  42: 0
  43: 0
  44: 0
  45: 0
  46: 0
  47: 0
  48: 0
  49: 0
  50: 0
  51: 0
  52: 0
  53: 0
  54: 0
  55: 0
  56: 0
  57: 0
  58: 0
  59: 0
  60: 0
  61: 0
  62: 0
  63: 0
 procInstrs: # Per-process instructions
  0: 100015097
  1: 0
  2: 0
  3: 0
  4: 0
  5: 0
  6: 0
  7: 0
  8: 0
  9: 0
  10: 0
  11: 0
  12: 0
  13: 0
  14: 0
  15: 0
  16: 0
  17: 0
  18: 0
  19: 0
  20: 0
  21: 0
  22: 0
  23: 0
  24: 0
  25: 0
  26: 0
  27: 0
  28: 0
  29: 0
  30: 0
  31: 0
  32: 0
  33: 0
  34: 0
  35: 0
  36: 0
  37: 0
  38: 0
  39: 0
  40: 0
  41: 0
  42: 0
  43: 0
  44: 0
  45: 0
  46: 0
  47: 0
  48: 0
  49: 0
  50: 0
  51: 0
  52: 0
  53: 0
  54: 0
  55: 0
  56: 0
  57: 0
  58: 0
  59: 0
  60: 0
  61: 0
  62: 0
  63: 0
 heartbeats: # Per-process heartbeats
  0: 0
  1: 0
  2: 0
  3: 0
  4: 0
  5: 0
  6: 0
  7: 0
  8: 0
  9: 0
  10: 0
  11: 0
  12: 0
  13: 0
  14: 0
  15: 0
  16: 0
  17: 0
  18: 0
  19: 0
  20: 0
  21: 0
  22: 0
  23: 0
  24: 0
  25: 0
  26: 0
  27: 0
  28: 0
  29: 0
  30: 0
  31: 0
  32: 0
  33: 0
  34: 0
  35: 0
  36: 0
  37: 0
  38: 0
  39: 0
  40: 0
  41: 0
  42: 0
  43: 0
  44: 0
  45: 0
  46: 0
  47: 0
  48: 0
  49: 0
  50: 0
  51: 0
  52: 0
  53: 0
  54: 0
  55: 0
  56: 0
  57: 0
  58: 0
  59: 0
  60: 0
  61: 0
  62: 0
  63: 0
===
