# zsim stats
===
root: # Stats
 contention: # Contention simulation stats
  domain-0: # Domain stats
   time: 451845995 # Weave simulation time
 time: # Simulator time breakdown
  init: 2852028012800
  bound: 10802587751
  weave: 547102315
  ff: 0
 trigger: 20000 # Reason for this stats dump
 phase: 8418 # Simulated phases
 westmere: # Core stats
  westmere-0: # Core stats
   cycles: 84181319 # Simulated unhalted cycles
   cCycles: 9926316 # Cycles due to contention stalls
   instrs: 100002155 # Simulated instructions
   uops: 132216287 # Retired micro-ops
   bbls: 1457974 # Basic blocks
   approxInstrs: 967573 # Instrs with approx uop decoding
   mispredBranches: 1055 # Mispredicted branches
   condBranches: 120267 # conditional branches
 l1i: # Cache stats
  l1i-0: # Filter cache stats
   fhGETS: 6773563 # Filtered GETS hits
   fhGETX: 0 # Filtered GETX hits
   hGETS: 4033332 # GETS hits
   hGETX: 0 # GETX hits
   mGETS: 265 # GETS misses
   mGETXIM: 0 # GETX I->M misses
   mGETXSM: 0 # GETX S->M misses (upgrade misses)
   PUTS: 0 # Clean evictions (from lower level)
   PUTX: 0 # Dirty evictions (from lower level)
   INV: 20 # Invalidates (from upper level)
   INVX: 0 # Downgrades (from upper level)
   FWD: 0 # Forwards (from upper level)
   latGETnl: 32860 # GET request latency on next level
   latGETnet: 0 # GET request latency on network to next level
 l1d: # Cache stats
  l1d-0: # Filter cache stats
   fhGETS: 35957557 # Filtered GETS hits
   fhGETX: 9491797 # Filtered GETX hits
   hGETS: 6244686 # GETS hits
   hGETX: 1716818 # GETX hits
   mGETS: 618013 # GETS misses
   mGETXIM: 139990 # GETX I->M misses
   mGETXSM: 0 # GETX S->M misses (upgrade misses)
   PUTS: 0 # Clean evictions (from lower level)
   PUTX: 0 # Dirty evictions (from lower level)
   INV: 6 # Invalidates (from upper level)
   INVX: 0 # Downgrades (from upper level)
   FWD: 0 # Forwards (from upper level)
   latGETnl: 62536484 # GET request latency on next level
   latGETnet: 0 # GET request latency on network to next level
 l2: # Cache stats
  l2-0: # Cache stats
   hGETS: 257720 # GETS hits
   hGETX: 2 # GETX hits
   mGETS: 360558 # GETS misses
   mGETXIM: 139988 # GETX I->M misses
   mGETXSM: 0 # GETX S->M misses (upgrade misses)
   PUTS: 616322 # Clean evictions (from lower level)
   PUTX: 141163 # Dirty evictions (from lower level)
   INV: 0 # Invalidates (from upper level)
   INVX: 0 # Downgrades (from upper level)
   FWD: 0 # Forwards (from upper level)
   latGETnl: 54986664 # GET request latency on next level
   latGETnet: 0 # GET request latency on network to next level
 l3: # Cache stats
  l3-0: # Cache stats
   hGETS: 17421 # GETS hits
   hGETX: 5641 # GETX hits
   mGETS: 343137 # GETS misses
   mGETXIM: 134347 # GETX I->M misses
   mGETXSM: 0 # GETX S->M misses (upgrade misses)
   PUTS: 356520 # Clean evictions (from lower level)
   PUTX: 139930 # Dirty evictions (from lower level)
   INV: 0 # Invalidates (from upper level)
   INVX: 0 # Downgrades (from upper level)
   FWD: 0 # Forwards (from upper level)
   latGETnl: 42973560 # GET request latency on next level
   latGETnet: 0 # GET request latency on network to next level
 mem: # Memory controller stats
  mem-0: # Memory controller stats
   rd: 119323 # Read requests
   wr: 33760 # Write requests
   rdlat: 17420200 # Total latency experienced by read requests
   wrlat: 5556307 # Total latency experienced by write requests
   rdhits: 10 # Read row hits
   wrhits: 133 # Write row hits
   mlh: # latency histogram for memory requests
    0: 0
    1: 0
    2: 0
    3: 0
    4: 0
    5: 0
    6: 0
    7: 0
    8: 0
    9: 0
    10: 0
    11: 0
    12: 0
    13: 77293
    14: 20600
    15: 6222
    16: 1491
    17: 5033
    18: 988
    19: 1038
    20: 868
    21: 163
    22: 456
    23: 104
    24: 290
    25: 2989
    26: 367
    27: 121
    28: 137
    29: 75
    30: 55
    31: 45
    32: 53
    33: 49
    34: 47
    35: 64
    36: 72
    37: 45
    38: 81
    39: 66
    40: 75
    41: 57
    42: 70
    43: 53
    44: 43
    45: 26
    46: 19
    47: 40
    48: 41
    49: 21
    50: 17
    51: 11
    52: 9
    53: 7
    54: 5
    55: 7
    56: 4
    57: 2
    58: 3
    59: 1
    60: 0
    61: 0
    62: 0
    63: 0
    64: 0
    65: 0
    66: 0
    67: 0
    68: 0
    69: 0
    70: 0
    71: 0
    72: 0
    73: 0
    74: 0
    75: 0
    76: 0
    77: 0
    78: 0
    79: 0
    80: 0
    81: 0
    82: 0
    83: 0
    84: 0
    85: 0
    86: 0
    87: 0
    88: 0
    89: 0
    90: 0
    91: 0
    92: 0
    93: 0
    94: 0
    95: 0
    96: 0
    97: 0
    98: 0
    99: 0
  mem-1: # Memory controller stats
   rd: 119373 # Read requests
   wr: 33772 # Write requests
   rdlat: 17413882 # Total latency experienced by read requests
   wrlat: 5560412 # Total latency experienced by write requests
   rdhits: 7 # Read row hits
   wrhits: 135 # Write row hits
   mlh: # latency histogram for memory requests
    0: 0
    1: 0
    2: 0
    3: 0
    4: 0
    5: 0
    6: 0
    7: 0
    8: 0
    9: 0
    10: 0
    11: 0
    12: 0
    13: 77257
    14: 20734
    15: 6215
    16: 1464
    17: 5026
    18: 974
    19: 1034
    20: 875
    21: 167
    22: 456
    23: 119
    24: 402
    25: 2921
    26: 389
    27: 95
    28: 115
    29: 65
    30: 62
    31: 56
    32: 53
    33: 50
    34: 61
    35: 56
    36: 64
    37: 64
    38: 65
    39: 69
    40: 61
    41: 45
    42: 65
    43: 66
    44: 40
    45: 24
    46: 17
    47: 32
    48: 40
    49: 24
    50: 16
    51: 11
    52: 6
    53: 4
    54: 3
    55: 6
    56: 2
    57: 2
    58: 0
    59: 0
    60: 1
    61: 0
    62: 0
    63: 0
    64: 0
    65: 0
    66: 0
    67: 0
    68: 0
    69: 0
    70: 0
    71: 0
    72: 0
    73: 0
    74: 0
    75: 0
    76: 0
    77: 0
    78: 0
    79: 0
    80: 0
    81: 0
    82: 0
    83: 0
    84: 0
    85: 0
    86: 0
    87: 0
    88: 0
    89: 0
    90: 0
    91: 0
    92: 0
    93: 0
    94: 0
    95: 0
    96: 0
    97: 0
    98: 0
    99: 0
  mem-2: # Memory controller stats
   rd: 119401 # Read requests
   wr: 33813 # Write requests
   rdlat: 17427462 # Total latency experienced by read requests
   wrlat: 5545264 # Total latency experienced by write requests
   rdhits: 4 # Read row hits
   wrhits: 118 # Write row hits
   mlh: # latency histogram for memory requests
    0: 0
    1: 0
    2: 0
    3: 0
    4: 0
    5: 0
    6: 0
    7: 0
    8: 0
    9: 0
    10: 0
    11: 0
    12: 0
    13: 77278
    14: 20650
    15: 6187
    16: 1555
    17: 5050
    18: 982
    19: 1036
    20: 877
    21: 176
    22: 427
    23: 161
    24: 323
    25: 2941
    26: 385
    27: 105
    28: 149
    29: 75
    30: 50
    31: 49
    32: 39
    33: 44
    34: 57
    35: 76
    36: 60
    37: 50
    38: 80
    39: 58
    40: 62
    41: 58
    42: 64
    43: 46
    44: 37
    45: 19
    46: 16
    47: 32
    48: 48
    49: 25
    50: 18
    51: 13
    52: 9
    53: 5
    54: 8
    55: 9
    56: 3
    57: 4
    58: 2
    59: 3
    60: 0
    61: 0
    62: 0
    63: 0
    64: 0
    65: 0
    66: 0
    67: 0
    68: 0
    69: 0
    70: 0
    71: 0
    72: 0
    73: 0
    74: 0
    75: 0
    76: 0
    77: 0
    78: 0
    79: 0
    80: 0
    81: 0
    82: 0
    83: 0
    84: 0
    85: 0
    86: 0
    87: 0
    88: 0
    89: 0
    90: 0
    91: 0
    92: 0
    93: 0
    94: 0
    95: 0
    96: 0
    97: 0
    98: 0
    99: 0
  mem-3: # Memory controller stats
   rd: 119383 # Read requests
   wr: 33798 # Write requests
   rdlat: 17404881 # Total latency experienced by read requests
   wrlat: 5554553 # Total latency experienced by write requests
   rdhits: 3 # Read row hits
   wrhits: 109 # Write row hits
   mlh: # latency histogram for memory requests
    0: 0
    1: 0
    2: 0
    3: 0
    4: 0
    5: 0
    6: 0
    7: 0
    8: 0
    9: 0
    10: 0
    11: 0
    12: 0
    13: 77276
    14: 20726
    15: 6187
    16: 1532
    17: 4997
    18: 995
    19: 1078
    20: 851
    21: 185
    22: 416
    23: 165
    24: 410
    25: 2896
    26: 364
    27: 99
    28: 136
    29: 73
    30: 49
    31: 49
    32: 53
    33: 46
    34: 60
    35: 67
    36: 47
    37: 44
    38: 61
    39: 52
    40: 70
    41: 64
    42: 68
    43: 44
    44: 30
    45: 23
    46: 15
    47: 44
    48: 43
    49: 20
    50: 10
    51: 14
    52: 7
    53: 2
    54: 2
    55: 3
    56: 1
    57: 2
    58: 5
    59: 2
    60: 0
    61: 0
    62: 0
    63: 0
    64: 0
    65: 0
    66: 0
    67: 0
    68: 0
    69: 0
    70: 0
    71: 0
    72: 0
    73: 0
    74: 0
    75: 0
    76: 0
    77: 0
    78: 0
    79: 0
    80: 0
    81: 0
    82: 0
    83: 0
    84: 0
    85: 0
    86: 0
    87: 0
    88: 0
    89: 0
    90: 0
    91: 0
    92: 0
    93: 0
    94: 0
    95: 0
    96: 0
    97: 0
    98: 0
    99: 0
 sched: # Scheduler stats
  thCr: 1 # Threads created
  thFn: 1 # Threads finished
  schedEvs: 1 # Schedule events
  waitEvs: 0 # Wait events
  handoffEvs: 0 # Handoff events
  sleepEvs: 0 # Sleep events
  idlePhases: 0 # Phases with no thread active
  idlePeriods: 0 # Periods with no thread active
  occHist: # Occupancy histogram
   0: 0
   1: 8418
  rqSzHist: # Run queue size histogram
   0: 8418
   1: 0
   2: 0
   3: 0
   4: 0
   5: 0
   6: 0
   7: 0
   8: 0
   9: 0
   10: 0
   11: 0
   12: 0
   13: 0
   14: 0
   15: 0
   16: 0
 procCycles: # Per-process unhalted core cycles
  0: 84181319
  1: 0
  2: 0
  3: 0
  4: 0
  5: 0
  6: 0
  7: 0
  8: 0
  9: 0
  10: 0
  11: 0
  12: 0
  13: 0
  14: 0
  15: 0
  16: 0
  17: 0
  18: 0
  19: 0
  20: 0
  21: 0
  22: 0
  23: 0
  24: 0
  25: 0
  26: 0
  27: 0
  28: 0
  29: 0
  30: 0
  31: 0
  32: 0
  33: 0
  34: 0
  35: 0
  36: 0
  37: 0
  38: 0
  39: 0
  40: 0
  41: 0
  42: 0
  43: 0
  44: 0
  45: 0
  46: 0
  47: 0
  48: 0
  49: 0
  50: 0
  51: 0
  52: 0
  53: 0
  54: 0
  55: 0
  56: 0
  57: 0
  58: 0
  59: 0
  60: 0
  61: 0
  62: 0
  63: 0
 procInstrs: # Per-process instructions
  0: 100002155
  1: 0
  2: 0
  3: 0
  4: 0
  5: 0
  6: 0
  7: 0
  8: 0
  9: 0
  10: 0
  11: 0
  12: 0
  13: 0
  14: 0
  15: 0
  16: 0
  17: 0
  18: 0
  19: 0
  20: 0
  21: 0
  22: 0
  23: 0
  24: 0
  25: 0
  26: 0
  27: 0
  28: 0
  29: 0
  30: 0
  31: 0
  32: 0
  33: 0
  34: 0
  35: 0
  36: 0
  37: 0
  38: 0
  39: 0
  40: 0
  41: 0
  42: 0
  43: 0
  44: 0
  45: 0
  46: 0
  47: 0
  48: 0
  49: 0
  50: 0
  51: 0
  52: 0
  53: 0
  54: 0
  55: 0
  56: 0
  57: 0
  58: 0
  59: 0
  60: 0
  61: 0
  62: 0
  63: 0
 heartbeats: # Per-process heartbeats
  0: 0
  1: 0
  2: 0
  3: 0
  4: 0
  5: 0
  6: 0
  7: 0
  8: 0
  9: 0
  10: 0
  11: 0
  12: 0
  13: 0
  14: 0
  15: 0
  16: 0
  17: 0
  18: 0
  19: 0
  20: 0
  21: 0
  22: 0
  23: 0
  24: 0
  25: 0
  26: 0
  27: 0
  28: 0
  29: 0
  30: 0
  31: 0
  32: 0
  33: 0
  34: 0
  35: 0
  36: 0
  37: 0
  38: 0
  39: 0
  40: 0
  41: 0
  42: 0
  43: 0
  44: 0
  45: 0
  46: 0
  47: 0
  48: 0
  49: 0
  50: 0
  51: 0
  52: 0
  53: 0
  54: 0
  55: 0
  56: 0
  57: 0
  58: 0
  59: 0
  60: 0
  61: 0
  62: 0
  63: 0
===
