# zsim stats
===
root: # Stats
 contention: # Contention simulation stats
  domain-0: # Domain stats
   time: 2997414670 # Weave simulation time
 time: # Simulator time breakdown
  init: 697155859633
  bound: 13993105370
  weave: 3161262999
  ff: 0
 trigger: 20000 # Reason for this stats dump
 phase: 14703 # Simulated phases
 westmere: # Core stats
  westmere-0: # Core stats
   cycles: 147032297 # Simulated unhalted cycles
   cCycles: 26942191 # Cycles due to contention stalls
   instrs: 100003111 # Simulated instructions
   uops: 114166172 # Retired micro-ops
   bbls: 2330496 # Basic blocks
   approxInstrs: 553216 # Instrs with approx uop decoding
   mispredBranches: 3146 # Mispredicted branches
   condBranches: 916858 # conditional branches
 l1i: # Cache stats
  l1i-0: # Filter cache stats
   fhGETS: 9225877 # Filtered GETS hits
   fhGETX: 0 # Filtered GETX hits
   hGETS: 6 # GETS hits
   hGETX: 0 # GETX hits
   mGETS: 120 # GETS misses
   mGETXIM: 0 # GETX I->M misses
   mGETXSM: 0 # GETX S->M misses (upgrade misses)
   PUTS: 0 # Clean evictions (from lower level)
   PUTX: 0 # Dirty evictions (from lower level)
   INV: 0 # Invalidates (from upper level)
   INVX: 0 # Downgrades (from upper level)
   FWD: 0 # Forwards (from upper level)
   latGETnl: 14880 # GET request latency on next level
   latGETnet: 0 # GET request latency on network to next level
 l1d: # Cache stats
  l1d-0: # Filter cache stats
   fhGETS: 17981443 # Filtered GETS hits
   fhGETX: 5283796 # Filtered GETX hits
   hGETS: 1001923 # GETS hits
   hGETX: 873334 # GETX hits
   mGETS: 788883 # GETS misses
   mGETXIM: 4305904 # GETX I->M misses
   mGETXSM: 0 # GETX S->M misses (upgrade misses)
   PUTS: 0 # Clean evictions (from lower level)
   PUTX: 0 # Dirty evictions (from lower level)
   INV: 0 # Invalidates (from upper level)
   INVX: 0 # Downgrades (from upper level)
   FWD: 0 # Forwards (from upper level)
   latGETnl: 403916488 # GET request latency on next level
   latGETnet: 0 # GET request latency on network to next level
 l2: # Cache stats
  l2-0: # Cache stats
   hGETS: 96 # GETS hits
   hGETX: 1998374 # GETX hits
   mGETS: 788907 # GETS misses
   mGETXIM: 2307530 # GETX I->M misses
   mGETXSM: 0 # GETX S->M misses (upgrade misses)
   PUTS: 788366 # Clean evictions (from lower level)
   PUTX: 4305909 # Dirty evictions (from lower level)
   INV: 0 # Invalidates (from upper level)
   INVX: 0 # Downgrades (from upper level)
   FWD: 0 # Forwards (from upper level)
   latGETnl: 352982298 # GET request latency on next level
   latGETnet: 0 # GET request latency on network to next level
 l3: # Cache stats
  l3-0: # Cache stats
   hGETS: 64 # GETS hits
   hGETX: 64 # GETX hits
   mGETS: 788843 # GETS misses
   mGETXIM: 2307466 # GETX I->M misses
   mGETXSM: 0 # GETX S->M misses (upgrade misses)
   PUTS: 784806 # Clean evictions (from lower level)
   PUTX: 2307535 # Dirty evictions (from lower level)
   INV: 0 # Invalidates (from upper level)
   INVX: 0 # Downgrades (from upper level)
   FWD: 0 # Forwards (from upper level)
   latGETnl: 278667810 # GET request latency on next level
   latGETnet: 0 # GET request latency on network to next level
 mem: # Memory controller stats
  mem-0: # Memory controller stats
   rd: 774070 # Read requests
   wr: 574458 # Write requests
   rdlat: 110462376 # Total latency experienced by read requests
   wrlat: 101261555 # Total latency experienced by write requests
   rdhits: 56 # Read row hits
   wrhits: 12020 # Write row hits
   mlh: # latency histogram for memory requests
    0: 0
    1: 0
    2: 0
    3: 0
    4: 0
    5: 0
    6: 0
    7: 0
    8: 0
    9: 0
    10: 0
    11: 2
    12: 0
    13: 451992
    14: 155781
    15: 108601
    16: 6720
    17: 31024
    18: 1109
    19: 1626
    20: 2349
    21: 3251
    22: 2143
    23: 1703
    24: 894
    25: 622
    26: 399
    27: 500
    28: 459
    29: 383
    30: 343
    31: 355
    32: 351
    33: 394
    34: 350
    35: 260
    36: 229
    37: 196
    38: 188
    39: 336
    40: 245
    41: 283
    42: 271
    43: 153
    44: 100
    45: 45
    46: 72
    47: 65
    48: 151
    49: 67
    50: 19
    51: 4
    52: 8
    53: 8
    54: 8
    55: 4
    56: 2
    57: 0
    58: 1
    59: 0
    60: 2
    61: 1
    62: 0
    63: 0
    64: 0
    65: 0
    66: 1
    67: 0
    68: 0
    69: 0
    70: 0
    71: 0
    72: 0
    73: 0
    74: 0
    75: 0
    76: 0
    77: 0
    78: 0
    79: 0
    80: 0
    81: 0
    82: 0
    83: 0
    84: 0
    85: 0
    86: 0
    87: 0
    88: 0
    89: 0
    90: 0
    91: 0
    92: 0
    93: 0
    94: 0
    95: 0
    96: 0
    97: 0
    98: 0
    99: 0
  mem-1: # Memory controller stats
   rd: 774066 # Read requests
   wr: 574468 # Write requests
   rdlat: 110444465 # Total latency experienced by read requests
   wrlat: 100608990 # Total latency experienced by write requests
   rdhits: 74 # Read row hits
   wrhits: 13224 # Write row hits
   mlh: # latency histogram for memory requests
    0: 0
    1: 0
    2: 0
    3: 0
    4: 0
    5: 0
    6: 0
    7: 0
    8: 0
    9: 0
    10: 0
    11: 2
    12: 1
    13: 452191
    14: 155777
    15: 107137
    16: 8712
    17: 31379
    18: 951
    19: 1674
    20: 2050
    21: 2905
    22: 1926
    23: 1614
    24: 833
    25: 678
    26: 354
    27: 487
    28: 410
    29: 366
    30: 321
    31: 376
    32: 374
    33: 396
    34: 350
    35: 272
    36: 227
    37: 203
    38: 200
    39: 364
    40: 244
    41: 283
    42: 313
    43: 149
    44: 98
    45: 52
    46: 76
    47: 66
    48: 111
    49: 61
    50: 14
    51: 18
    52: 17
    53: 18
    54: 12
    55: 1
    56: 2
    57: 1
    58: 0
    59: 0
    60: 0
    61: 0
    62: 0
    63: 0
    64: 0
    65: 0
    66: 0
    67: 0
    68: 0
    69: 0
    70: 0
    71: 0
    72: 0
    73: 0
    74: 0
    75: 0
    76: 0
    77: 0
    78: 0
    79: 0
    80: 0
    81: 0
    82: 0
    83: 0
    84: 0
    85: 0
    86: 0
    87: 0
    88: 0
    89: 0
    90: 0
    91: 0
    92: 0
    93: 0
    94: 0
    95: 0
    96: 0
    97: 0
    98: 0
    99: 0
  mem-2: # Memory controller stats
   rd: 774068 # Read requests
   wr: 574460 # Write requests
   rdlat: 110473806 # Total latency experienced by read requests
   wrlat: 101202374 # Total latency experienced by write requests
   rdhits: 55 # Read row hits
   wrhits: 12923 # Write row hits
   mlh: # latency histogram for memory requests
    0: 0
    1: 0
    2: 0
    3: 0
    4: 0
    5: 0
    6: 0
    7: 0
    8: 0
    9: 1
    10: 0
    11: 2
    12: 3
    13: 451677
    14: 155505
    15: 109082
    16: 6913
    17: 30857
    18: 1095
    19: 1611
    20: 2380
    21: 3330
    22: 2162
    23: 1702
    24: 918
    25: 565
    26: 428
    27: 525
    28: 515
    29: 376
    30: 331
    31: 329
    32: 347
    33: 336
    34: 342
    35: 299
    36: 229
    37: 182
    38: 164
    39: 351
    40: 235
    41: 298
    42: 245
    43: 152
    44: 86
    45: 46
    46: 85
    47: 72
    48: 160
    49: 69
    50: 13
    51: 8
    52: 9
    53: 9
    54: 13
    55: 4
    56: 3
    57: 3
    58: 1
    59: 0
    60: 0
    61: 0
    62: 0
    63: 0
    64: 0
    65: 0
    66: 0
    67: 0
    68: 0
    69: 0
    70: 0
    71: 0
    72: 0
    73: 0
    74: 0
    75: 0
    76: 0
    77: 0
    78: 0
    79: 0
    80: 0
    81: 0
    82: 0
    83: 0
    84: 0
    85: 0
    86: 0
    87: 0
    88: 0
    89: 0
    90: 0
    91: 0
    92: 0
    93: 0
    94: 0
    95: 0
    96: 0
    97: 0
    98: 0
    99: 0
  mem-3: # Memory controller stats
   rd: 774047 # Read requests
   wr: 574470 # Write requests
   rdlat: 110432428 # Total latency experienced by read requests
   wrlat: 100581759 # Total latency experienced by write requests
   rdhits: 43 # Read row hits
   wrhits: 12722 # Write row hits
   mlh: # latency histogram for memory requests
    0: 0
    1: 0
    2: 0
    3: 0
    4: 0
    5: 0
    6: 0
    7: 0
    8: 0
    9: 0
    10: 0
    11: 1
    12: 3
    13: 451596
    14: 155667
    15: 107880
    16: 8624
    17: 31458
    18: 851
    19: 1608
    20: 2049
    21: 2962
    22: 1989
    23: 1651
    24: 860
    25: 697
    26: 411
    27: 506
    28: 445
    29: 367
    30: 338
    31: 361
    32: 348
    33: 364
    34: 330
    35: 237
    36: 207
    37: 193
    38: 189
    39: 398
    40: 237
    41: 305
    42: 272
    43: 157
    44: 81
    45: 55
    46: 70
    47: 62
    48: 124
    49: 47
    50: 13
    51: 8
    52: 7
    53: 9
    54: 8
    55: 2
    56: 0
    57: 0
    58: 0
    59: 0
    60: 0
    61: 0
    62: 0
    63: 0
    64: 0
    65: 0
    66: 0
    67: 0
    68: 0
    69: 0
    70: 0
    71: 0
    72: 0
    73: 0
    74: 0
    75: 0
    76: 0
    77: 0
    78: 0
    79: 0
    80: 0
    81: 0
    82: 0
    83: 0
    84: 0
    85: 0
    86: 0
    87: 0
    88: 0
    89: 0
    90: 0
    91: 0
    92: 0
    93: 0
    94: 0
    95: 0
    96: 0
    97: 0
    98: 0
    99: 0
 sched: # Scheduler stats
  thCr: 1 # Threads created
  thFn: 1 # Threads finished
  schedEvs: 1 # Schedule events
  waitEvs: 0 # Wait events
  handoffEvs: 0 # Handoff events
  sleepEvs: 0 # Sleep events
  idlePhases: 0 # Phases with no thread active
  idlePeriods: 0 # Periods with no thread active
  occHist: # Occupancy histogram
   0: 0
   1: 14703
  rqSzHist: # Run queue size histogram
   0: 14703
   1: 0
   2: 0
   3: 0
   4: 0
   5: 0
   6: 0
   7: 0
   8: 0
   9: 0
   10: 0
   11: 0
   12: 0
   13: 0
   14: 0
   15: 0
   16: 0
 procCycles: # Per-process unhalted core cycles
  0: 147032297
  1: 0
  2: 0
  3: 0
  4: 0
  5: 0
  6: 0
  7: 0
  8: 0
  9: 0
  10: 0
  11: 0
  12: 0
  13: 0
  14: 0
  15: 0
  16: 0
  17: 0
  18: 0
  19: 0
  20: 0
  21: 0
  22: 0
  23: 0
  24: 0
  25: 0
  26: 0
  27: 0
  28: 0
  29: 0
  30: 0
  31: 0
  32: 0
  33: 0
  34: 0
  35: 0
  36: 0
  37: 0
  38: 0
  39: 0
  40: 0
  41: 0
  42: 0
  43: 0
  44: 0
  45: 0
  46: 0
  47: 0
  48: 0
  49: 0
  50: 0
  51: 0
  52: 0
  53: 0
  54: 0
  55: 0
  56: 0
  57: 0
  58: 0
  59: 0
  60: 0
  61: 0
  62: 0
  63: 0
 procInstrs: # Per-process instructions
  0: 100003111
  1: 0
  2: 0
  3: 0
  4: 0
  5: 0
  6: 0
  7: 0
  8: 0
  9: 0
  10: 0
  11: 0
  12: 0
  13: 0
  14: 0
  15: 0
  16: 0
  17: 0
  18: 0
  19: 0
  20: 0
  21: 0
  22: 0
  23: 0
  24: 0
  25: 0
  26: 0
  27: 0
  28: 0
  29: 0
  30: 0
  31: 0
  32: 0
  33: 0
  34: 0
  35: 0
  36: 0
  37: 0
  38: 0
  39: 0
  40: 0
  41: 0
  42: 0
  43: 0
  44: 0
  45: 0
  46: 0
  47: 0
  48: 0
  49: 0
  50: 0
  51: 0
  52: 0
  53: 0
  54: 0
  55: 0
  56: 0
  57: 0
  58: 0
  59: 0
  60: 0
  61: 0
  62: 0
  63: 0
 heartbeats: # Per-process heartbeats
  0: 0
  1: 0
  2: 0
  3: 0
  4: 0
  5: 0
  6: 0
  7: 0
  8: 0
  9: 0
  10: 0
  11: 0
  12: 0
  13: 0
  14: 0
  15: 0
  16: 0
  17: 0
  18: 0
  19: 0
  20: 0
  21: 0
  22: 0
  23: 0
  24: 0
  25: 0
  26: 0
  27: 0
  28: 0
  29: 0
  30: 0
  31: 0
  32: 0
  33: 0
  34: 0
  35: 0
  36: 0
  37: 0
  38: 0
  39: 0
  40: 0
  41: 0
  42: 0
  43: 0
  44: 0
  45: 0
  46: 0
  47: 0
  48: 0
  49: 0
  50: 0
  51: 0
  52: 0
  53: 0
  54: 0
  55: 0
  56: 0
  57: 0
  58: 0
  59: 0
  60: 0
  61: 0
  62: 0
  63: 0
===
